******************************************************************************
                  TI ARM Linker PC v16.9.1                     
******************************************************************************
>> Linked Thu Jul 13 13:21:06 2017

OUTPUT FILE NAME:   <VOLETRON.out>
ENTRY POINT SYMBOL: "_c_int00"  address: 00000895


MEMORY CONFIGURATION

         name            origin    length      used     unused   attr    fill
----------------------  --------  ---------  --------  --------  ----  --------
  MAIN                  00000000   00040000  00000a24  0003f5dc  R  X
  INFO                  00200000   00004000  00000000  00004000  R  X
  SRAM_CODE             01000000   00010000  0000021c  0000fde4  RW X
  SRAM_DATA             20000000   00010000  0000021c  0000fde4  RW  


SEGMENT ALLOCATION MAP

run origin  load origin   length   init length attrs members
----------  ----------- ---------- ----------- ----- -------
00000000    00000000    00000a28   00000a28    r-x
  00000000    00000000    000000e4   000000e4    r-- .intvecs
  000000e4    000000e4    00000918   00000918    r-x .text
  00000a00    00000a00    00000028   00000028    r-- .cinit
20000000    20000000    0000001c   00000000    rw-
  20000000    20000000    0000001c   00000000    rw- .data
2000fe00    2000fe00    00000200   00000000    rw-
  2000fe00    2000fe00    00000200   00000000    rw- .stack


SECTION ALLOCATION MAP

 output                                  attributes/
section   page    origin      length       input sections
--------  ----  ----------  ----------   ----------------
.intvecs   0    00000000    000000e4     
                  00000000    000000e4     startup_msp432p401r_ccs.obj (.intvecs:retain)

.binit     0    00000000    00000000     

.text      0    000000e4    00000918     
                  000000e4    0000032c     system_msp432p401r.obj (.text)
                  00000410    00000310     timer.obj (.text)
                  00000720    0000009c     rtsv7M4_T_le_v4SPD16_eabi.lib : memcpy_t2.obj (.text)
                  000007bc    00000070                                   : autoinit.obj (.text)
                  0000082c    00000068                                   : copy_decompress_lzss.obj (.text:decompress:lzss)
                  00000894    00000054                                   : boot.obj (.text)
                  000008e8    00000054                                   : exit.obj (.text)
                  0000093c    0000004c                                   : cpy_tbl.obj (.text)
                  00000988    00000024     main.obj (.text)
                  000009ac    00000018     rtsv7M4_T_le_v4SPD16_eabi.lib : args_main.obj (.text)
                  000009c4    00000014                                   : _lock.obj (.text)
                  000009d8    0000000e                                   : copy_decompress_none.obj (.text:decompress:none)
                  000009e6    0000000e     startup_msp432p401r_ccs.obj (.text)
                  000009f4    00000004     rtsv7M4_T_le_v4SPD16_eabi.lib : pre_init.obj (.text)
                  000009f8    00000002                                   : mpu_init.obj (.text)
                  000009fa    00000002                                   : startup.obj (.text)

.cinit     0    00000a00    00000028     
                  00000a00    00000015     (.cinit..data.load) [load image, compression = lzss]
                  00000a15    00000003     --HOLE-- [fill = 0]
                  00000a18    00000008     (__TI_handler_table)
                  00000a20    00000008     (__TI_cinit_table)

.init_array 
*          0    00000000    00000000     UNINITIALIZED

.data      0    20000000    0000001c     UNINITIALIZED
                  20000000    0000000c     rtsv7M4_T_le_v4SPD16_eabi.lib : exit.obj (.data:$O1$$)
                  2000000c    00000008                                   : _lock.obj (.data:$O1$$)
                  20000014    00000004                                   : stkdepth_vars.obj (.data)
                  20000018    00000004     system_msp432p401r.obj (.data)

.stack     0    2000fe00    00000200     UNINITIALIZED
                  2000fe00    00000200     --HOLE--

MODULE SUMMARY

       Module                        code   ro data   rw data
       ------                        ----   -------   -------
    .\
       system_msp432p401r.obj        812    0         8      
       startup_msp432p401r_ccs.obj   14     228       0      
       main.obj                      36     0         0      
    +--+-----------------------------+------+---------+---------+
       Total:                        862    228       8      
                                                             
    .\voles\
       timer.obj                     784    0         0      
    +--+-----------------------------+------+---------+---------+
       Total:                        784    0         0      
                                                             
    C:\ti\ccsv7\tools\compiler\ti-cgt-arm_16.9.1.LTS\lib\rtsv7M4_T_le_v4SPD16_eabi.lib
       memcpy_t2.obj                 156    0         0      
       autoinit.obj                  112    0         0      
       exit.obj                      84     0         24     
       copy_decompress_lzss.obj      104    0         0      
       boot.obj                      84     0         0      
       cpy_tbl.obj                   76     0         0      
       _lock.obj                     20     0         16     
       args_main.obj                 24     0         0      
       copy_decompress_none.obj      14     0         0      
       stkdepth_vars.obj             0      0         8      
       pre_init.obj                  4      0         0      
       mpu_init.obj                  2      0         0      
       startup.obj                   2      0         0      
    +--+-----------------------------+------+---------+---------+
       Total:                        682    0         48     
                                                             
       Stack:                        0      0         1024   
       Linker Generated:             0      37        0      
    +--+-----------------------------+------+---------+---------+
       Grand Total:                  2328   265       1080   


LINKER GENERATED COPY TABLES

__TI_cinit_table @ 00000a20 records: 1, size/record: 8, table size: 8
	.data: load addr=00000a00, load size=00000015 bytes, run addr=20000000, run size=0000001c bytes, compression=lzss


LINKER GENERATED HANDLER TABLE

__TI_handler_table @ 00000a18 records: 2, size/record: 4, table size: 8
	index: 0, handler: __TI_decompress_lzss
	index: 1, handler: __TI_decompress_none


GLOBAL SYMBOLS: SORTED ALPHABETICALLY BY Name 

address   name                           
-------   ----                           
000009f3  ADC14_IRQHandler               
000009f3  AES256_IRQHandler              
000009f3  BusFault_Handler               
000008e9  C$$EXIT                        
000009f3  COMP_E0_IRQHandler             
000009f3  COMP_E1_IRQHandler             
000009f3  CS_IRQHandler                  
000009f3  DMA_ERR_IRQHandler             
000009f3  DMA_INT0_IRQHandler            
000009f3  DMA_INT1_IRQHandler            
000009f3  DMA_INT2_IRQHandler            
000009f3  DMA_INT3_IRQHandler            
000009f3  DebugMon_Handler               
000009f3  Default_Handler                
000009f3  EUSCIA0_IRQHandler             
000009f3  EUSCIA1_IRQHandler             
000009f3  EUSCIA2_IRQHandler             
000009f3  EUSCIA3_IRQHandler             
000009f3  EUSCIB0_IRQHandler             
000009f3  EUSCIB1_IRQHandler             
000009f3  EUSCIB2_IRQHandler             
000009f3  EUSCIB3_IRQHandler             
000009f3  FLCTL_IRQHandler               
000009f3  FPU_IRQHandler                 
000009f3  HardFault_Handler              
000009f3  MemManage_Handler              
000009f3  NMI_Handler                    
000009f3  PCM_IRQHandler                 
000009f3  PORT1_IRQHandler               
000009f3  PORT2_IRQHandler               
000009f3  PORT3_IRQHandler               
000009f3  PORT4_IRQHandler               
000009f3  PORT5_IRQHandler               
000009f3  PORT6_IRQHandler               
000009f3  PSS_IRQHandler                 
000009f3  PendSV_Handler                 
000009f3  RTC_C_IRQHandler               
000009e7  Reset_Handler                  
UNDEFED   SHT$$INIT_ARRAY$$Base          
UNDEFED   SHT$$INIT_ARRAY$$Limit         
000009f3  SVC_Handler                    
000009f3  SysTick_Handler                
20000018  SystemCoreClock                
000000e5  SystemCoreClockUpdate          
00000359  SystemInit                     
000009f3  T32_INT1_IRQHandler            
000009f3  T32_INT2_IRQHandler            
000009f3  T32_INTC_IRQHandler            
000009f3  TA0_0_IRQHandler               
000009f3  TA0_N_IRQHandler               
000009f3  TA1_0_IRQHandler               
000009f3  TA1_N_IRQHandler               
000009f3  TA2_0_IRQHandler               
000009f3  TA2_N_IRQHandler               
000009f3  TA3_0_IRQHandler               
000009f3  TA3_N_IRQHandler               
0000064d  TIMER_begin                    
00000483  TIMER_config                   
000004c5  TIMER_config_ccr_raw           
00000411  TIMER_config_raw               
00000705  TIMER_kill                     
0000052b  TIMER_load_devider             
00000691  TIMER_pause                    
000006e7  TIMER_request                  
000006f5  TIMER_request_repeat           
000006d1  TIMER_reset_raw                
000009f3  UsageFault_Handler             
4000480c  WDTCTL_SYM                     
000009f3  WDT_A_IRQHandler               
20010000  __STACK_END                    
00000200  __STACK_SIZE                   
00000a20  __TI_CINIT_Base                
00000a28  __TI_CINIT_Limit               
00000a18  __TI_Handler_Table_Base        
00000a20  __TI_Handler_Table_Limit       
000007bd  __TI_auto_init                 
20000000  __TI_cleanup_ptr               
0000082d  __TI_decompress_lzss           
000009d9  __TI_decompress_none           
20000004  __TI_dtors_ptr                 
20000008  __TI_enable_exit_profile_output
ffffffff  __TI_pprof_out_hndl            
ffffffff  __TI_prof_data_size            
ffffffff  __TI_prof_data_start           
00000000  __TI_static_base__             
00000721  __aeabi_memcpy                 
00000721  __aeabi_memcpy4                
00000721  __aeabi_memcpy8                
ffffffff  __binit__                      
ffffffff  __c_args__                     
000009f9  __mpu_init                     
2000fe00  __stack                        
000009ad  _args_main                     
00000895  _c_int00                       
2000000c  _lock                          
000009d3  _nop                           
000009cb  _register_lock                 
000009c5  _register_unlock               
000009fb  _system_post_cinit             
000009f5  _system_pre_init               
20000010  _unlock                        
000008ed  abort                          
ffffffff  binit                          
0000093d  copy_in                        
000008f5  exit                           
00000000  interruptVectors               
00000989  main                           
20000014  main_func_sp                   
00000721  memcpy                         


GLOBAL SYMBOLS: SORTED BY Symbol Address 

address   name                           
-------   ----                           
00000000  __TI_static_base__             
00000000  interruptVectors               
000000e5  SystemCoreClockUpdate          
00000200  __STACK_SIZE                   
00000359  SystemInit                     
00000411  TIMER_config_raw               
00000483  TIMER_config                   
000004c5  TIMER_config_ccr_raw           
0000052b  TIMER_load_devider             
0000064d  TIMER_begin                    
00000691  TIMER_pause                    
000006d1  TIMER_reset_raw                
000006e7  TIMER_request                  
000006f5  TIMER_request_repeat           
00000705  TIMER_kill                     
00000721  __aeabi_memcpy                 
00000721  __aeabi_memcpy4                
00000721  __aeabi_memcpy8                
00000721  memcpy                         
000007bd  __TI_auto_init                 
0000082d  __TI_decompress_lzss           
00000895  _c_int00                       
000008e9  C$$EXIT                        
000008ed  abort                          
000008f5  exit                           
0000093d  copy_in                        
00000989  main                           
000009ad  _args_main                     
000009c5  _register_unlock               
000009cb  _register_lock                 
000009d3  _nop                           
000009d9  __TI_decompress_none           
000009e7  Reset_Handler                  
000009f3  ADC14_IRQHandler               
000009f3  AES256_IRQHandler              
000009f3  BusFault_Handler               
000009f3  COMP_E0_IRQHandler             
000009f3  COMP_E1_IRQHandler             
000009f3  CS_IRQHandler                  
000009f3  DMA_ERR_IRQHandler             
000009f3  DMA_INT0_IRQHandler            
000009f3  DMA_INT1_IRQHandler            
000009f3  DMA_INT2_IRQHandler            
000009f3  DMA_INT3_IRQHandler            
000009f3  DebugMon_Handler               
000009f3  Default_Handler                
000009f3  EUSCIA0_IRQHandler             
000009f3  EUSCIA1_IRQHandler             
000009f3  EUSCIA2_IRQHandler             
000009f3  EUSCIA3_IRQHandler             
000009f3  EUSCIB0_IRQHandler             
000009f3  EUSCIB1_IRQHandler             
000009f3  EUSCIB2_IRQHandler             
000009f3  EUSCIB3_IRQHandler             
000009f3  FLCTL_IRQHandler               
000009f3  FPU_IRQHandler                 
000009f3  HardFault_Handler              
000009f3  MemManage_Handler              
000009f3  NMI_Handler                    
000009f3  PCM_IRQHandler                 
000009f3  PORT1_IRQHandler               
000009f3  PORT2_IRQHandler               
000009f3  PORT3_IRQHandler               
000009f3  PORT4_IRQHandler               
000009f3  PORT5_IRQHandler               
000009f3  PORT6_IRQHandler               
000009f3  PSS_IRQHandler                 
000009f3  PendSV_Handler                 
000009f3  RTC_C_IRQHandler               
000009f3  SVC_Handler                    
000009f3  SysTick_Handler                
000009f3  T32_INT1_IRQHandler            
000009f3  T32_INT2_IRQHandler            
000009f3  T32_INTC_IRQHandler            
000009f3  TA0_0_IRQHandler               
000009f3  TA0_N_IRQHandler               
000009f3  TA1_0_IRQHandler               
000009f3  TA1_N_IRQHandler               
000009f3  TA2_0_IRQHandler               
000009f3  TA2_N_IRQHandler               
000009f3  TA3_0_IRQHandler               
000009f3  TA3_N_IRQHandler               
000009f3  UsageFault_Handler             
000009f3  WDT_A_IRQHandler               
000009f5  _system_pre_init               
000009f9  __mpu_init                     
000009fb  _system_post_cinit             
00000a18  __TI_Handler_Table_Base        
00000a20  __TI_CINIT_Base                
00000a20  __TI_Handler_Table_Limit       
00000a28  __TI_CINIT_Limit               
20000000  __TI_cleanup_ptr               
20000004  __TI_dtors_ptr                 
20000008  __TI_enable_exit_profile_output
2000000c  _lock                          
20000010  _unlock                        
20000014  main_func_sp                   
20000018  SystemCoreClock                
2000fe00  __stack                        
20010000  __STACK_END                    
4000480c  WDTCTL_SYM                     
ffffffff  __TI_pprof_out_hndl            
ffffffff  __TI_prof_data_size            
ffffffff  __TI_prof_data_start           
ffffffff  __binit__                      
ffffffff  __c_args__                     
ffffffff  binit                          
UNDEFED   SHT$$INIT_ARRAY$$Base          
UNDEFED   SHT$$INIT_ARRAY$$Limit         

[109 symbols]
