******************************************************************************
                  TI ARM Linker PC v16.9.1                     
******************************************************************************
>> Linked Mon Dec 04 18:29:31 2017

OUTPUT FILE NAME:   <VOLETRON.out>
ENTRY POINT SYMBOL: "_c_int00"  address: 00002599


MEMORY CONFIGURATION

         name            origin    length      used     unused   attr    fill
----------------------  --------  ---------  --------  --------  ----  --------
  MAIN                  00000000   00040000  000028ec  0003d714  R  X
  INFO                  00200000   00004000  00000000  00004000  R  X
  SRAM_CODE             01000000   00010000  00000981  0000f67f  RW X
  SRAM_DATA             20000000   00010000  00000981  0000f67f  RW  


SEGMENT ALLOCATION MAP

run origin  load origin   length   init length attrs members
----------  ----------- ---------- ----------- ----- -------
00000000    00000000    000028f0   000028f0    r-x
  00000000    00000000    000000e4   000000e4    r-- .intvecs
  000000e4    000000e4    00002734   00002734    r-x .text
  00002818    00002818    00000064   00000064    r-- .const
  00002880    00002880    00000070   00000070    r-- .cinit
20000000    20000000    00000783   00000000    rw-
  20000000    20000000    00000400   00000000    rw- .sysmem
  20000400    20000400    00000326   00000000    rw- .bss
  20000728    20000728    0000005b   00000000    rw- .data
2000fe00    2000fe00    00000200   00000000    rw-
  2000fe00    2000fe00    00000200   00000000    rw- .stack


SECTION ALLOCATION MAP

 output                                  attributes/
section   page    origin      length       input sections
--------  ----  ----------  ----------   ----------------
.intvecs   0    00000000    000000e4     
                  00000000    000000e4     startup_msp432p401r_ccs.obj (.intvecs:retain)

.binit     0    00000000    00000000     

.text      0    000000e4    00002734     
                  000000e4    00000ae4     timer.obj (.text)
                  00000bc8    00000580     custom_uart.obj (.text)
                  00001148    000003d0     rtsv7M4_T_le_v4SPD16_eabi.lib : memory.obj (.text)
                  00001518    0000032c     system_msp432p401r.obj (.text)
                  00001844    00000324     debounce.obj (.text)
                  00001b68    000002a8     main.obj (.text)
                  00001e10    00000284     rfid.obj (.text)
                  00002094    0000013a     circbuf.obj (.text)
                  000021ce    00000002     rtsv7M4_T_le_v4SPD16_eabi.lib : mpu_init.obj (.text)
                  000021d0    000000e0     beambreak.obj (.text)
                  000022b0    0000009c     rtsv7M4_T_le_v4SPD16_eabi.lib : memcpy_t2.obj (.text)
                  0000234c    00000094     msp432p4xx_driverlib.lib : uart.o (.text:UART_initModule)
                  000023e0    0000007a     rtsv7M4_T_le_v4SPD16_eabi.lib : memset_t2.obj (.text)
                  0000245a    00000002                                   : startup.obj (.text)
                  0000245c    00000070                                   : autoinit.obj (.text)
                  000024cc    00000068                                   : copy_decompress_lzss.obj (.text:decompress:lzss)
                  00002534    00000064     msp432p4xx_driverlib.lib : interrupt.o (.text:Interrupt_enableInterrupt)
                  00002598    00000054     rtsv7M4_T_le_v4SPD16_eabi.lib : boot.obj (.text)
                  000025ec    00000054                                   : exit.obj (.text)
                  00002640    0000004c                                   : cpy_tbl.obj (.text)
                  0000268c    00000048     msp432p4xx_driverlib.lib : gpio.o (.text:GPIO_setAsPeripheralModuleFunctionInputPin)
                  000026d4    00000024                              : cs.o (.text:CS_setDCOCenteredFrequency)
                  000026f8    00000024                              : uart.o (.text:UART_receiveData)
                  0000271c    00000024                              : uart.o (.text:UART_transmitData)
                  00002740    00000018                              : gpio.o (.text:GPIO_getInputPinValue)
                  00002758    00000018     rtsv7M4_T_le_v4SPD16_eabi.lib : args_main.obj (.text)
                  00002770    00000016     msp432p4xx_driverlib.lib : uart.o (.text:UART_enableInterrupt)
                  00002786    00000002     --HOLE-- [fill = 0]
                  00002788    00000014     rtsv7M4_T_le_v4SPD16_eabi.lib : _lock.obj (.text)
                  0000279c    00000010     msp432p4xx_driverlib.lib : interrupt.o (.text:Interrupt_disableMaster)
                  000027ac    00000010                              : interrupt.o (.text:Interrupt_enableMaster)
                  000027bc    0000000e     rtsv7M4_T_le_v4SPD16_eabi.lib : copy_decompress_none.obj (.text:decompress:none)
                  000027ca    0000000e     startup_msp432p401r_ccs.obj (.text)
                  000027d8    0000000c     msp432p4xx_driverlib.lib : cpu.o (.text:CPU_cpsid)
                  000027e4    0000000c                              : cpu.o (.text:CPU_cpsie)
                  000027f0    0000000c                              : uart.o (.text:UART_disableModule)
                  000027fc    0000000c                              : uart.o (.text:UART_enableModule)
                  00002808    0000000c     rtsv7M4_T_le_v4SPD16_eabi.lib : copy_zero_init.obj (.text:decompress:ZI)
                  00002814    00000004                                   : pre_init.obj (.text)

.const     0    00002818    00000064     
                  00002818    00000040     msp432p4xx_driverlib.lib : interrupt.o (.const)
                  00002858    00000024     custom_uart.obj (.const:$P$T0$1)

.cinit     0    00002880    00000070     
                  00002880    00000045     (.cinit..data.load) [load image, compression = lzss]
                  000028c5    00000003     --HOLE-- [fill = 0]
                  000028c8    0000000c     (__TI_handler_table)
                  000028d4    00000004     --HOLE-- [fill = 0]
                  000028d8    00000008     (.cinit..bss.load) [load image, compression = zero_init]
                  000028e0    00000010     (__TI_cinit_table)

.init_array 
*          0    00000000    00000000     UNINITIALIZED

.sysmem    0    20000000    00000400     UNINITIALIZED
                  20000000    00000008     rtsv7M4_T_le_v4SPD16_eabi.lib : memory.obj (.sysmem)
                  20000008    000003f8     --HOLE--

.bss       0    20000400    00000326     UNINITIALIZED
                  20000400    000001c0     (.common:TA)
                  200005c0    00000060     (.common:current_task_data)
                  20000620    00000040     (.common:rfid_preasent_tags)
                  20000660    00000040     (.common:uart_rx_buf)
                  200006a0    00000040     (.common:uart_tx_buf)
                  200006e0    00000010     timer.obj (.bss)
                  200006f0    00000010     (.common:callback_np)
                  20000700    00000008     (.common:db_timeout)
                  20000708    00000008     (.common:prelim_beep)
                  20000710    00000008     (.common:uart_timeout_id)
                  20000718    00000004     (.common:TA_status)
                  2000071c    00000004     (.common:tx_array_size)
                  20000720    00000004     (.common:tx_progress)
                  20000724    00000001     (.common:bbreak_flg)
                  20000725    00000001     (.common:port4_linkers)

.data      0    20000728    0000005b     UNINITIALIZED
                  20000728    00000030     msp432p4xx_driverlib.lib : gpio.o (.data:GPIO_PORT_TO_BASE)
                  20000758    0000000c     rtsv7M4_T_le_v4SPD16_eabi.lib : exit.obj (.data:$O1$$)
                  20000764    0000000c                                   : memory.obj (.data:$O1$$)
                  20000770    00000008                                   : _lock.obj (.data:$O1$$)
                  20000778    00000004                                   : stkdepth_vars.obj (.data)
                  2000077c    00000004     system_msp432p401r.obj (.data)
                  20000780    00000002     main.obj (.data)
                  20000782    00000001     custom_uart.obj (.data)

.stack     0    2000fe00    00000200     UNINITIALIZED
                  2000fe00    00000200     --HOLE--

MODULE SUMMARY

       Module                        code    ro data   rw data
       ------                        ----    -------   -------
    .\
       system_msp432p401r.obj        812     0         8      
       main.obj                      680     0         20     
       startup_msp432p401r_ccs.obj   14      228       0      
    +--+-----------------------------+-------+---------+---------+
       Total:                        1506    228       28     
                                                              
    .\voles\
       timer.obj                     2788    0         936    
       custom_uart.obj               1408    36        290    
       debounce.obj                  804     0         210    
       rfid.obj                      644     0         128    
       circbuf.obj                   314     0         0      
       beambreak.obj                 224     0         34     
    +--+-----------------------------+-------+---------+---------+
       Total:                        6182    36        1598   
                                                              
    ../msp432p4xx_driverlib.lib
       uart.o                        266     0         0      
       interrupt.o                   132     64        0      
       gpio.o                        96      0         96     
       cs.o                          36      0         0      
       cpu.o                         24      0         0      
    +--+-----------------------------+-------+---------+---------+
       Total:                        554     64        96     
                                                              
    C:\ti\ccsv7\tools\compiler\ti-cgt-arm_16.9.1.LTS\lib\rtsv7M4_T_le_v4SPD16_eabi.lib
       memory.obj                    976     0         24     
       memcpy_t2.obj                 156     0         0      
       memset_t2.obj                 122     0         0      
       autoinit.obj                  112     0         0      
       exit.obj                      84      0         24     
       copy_decompress_lzss.obj      104     0         0      
       boot.obj                      84      0         0      
       cpy_tbl.obj                   76      0         0      
       _lock.obj                     20      0         16     
       args_main.obj                 24      0         0      
       copy_decompress_none.obj      14      0         0      
       copy_zero_init.obj            12      0         0      
       stkdepth_vars.obj             0       0         8      
       pre_init.obj                  4       0         0      
       mpu_init.obj                  2       0         0      
       startup.obj                   2       0         0      
    +--+-----------------------------+-------+---------+---------+
       Total:                        1792    0         72     
                                                              
       Heap:                         0       0         2048   
       Stack:                        0       0         1024   
       Linker Generated:             0       105       0      
    +--+-----------------------------+-------+---------+---------+
       Grand Total:                  10034   433       4866   


LINKER GENERATED COPY TABLES

__TI_cinit_table @ 000028e0 records: 2, size/record: 8, table size: 16
	.data: load addr=00002880, load size=00000045 bytes, run addr=20000728, run size=0000005b bytes, compression=lzss
	.bss: load addr=000028d8, load size=00000008 bytes, run addr=20000400, run size=00000326 bytes, compression=zero_init


LINKER GENERATED HANDLER TABLE

__TI_handler_table @ 000028c8 records: 3, size/record: 4, table size: 12
	index: 0, handler: __TI_decompress_lzss
	index: 1, handler: __TI_decompress_none
	index: 2, handler: __TI_zero_init


GLOBAL SYMBOLS: SORTED ALPHABETICALLY BY Name 

address   name                                      
-------   ----                                      
000027d7  ADC14_IRQHandler                          
000027d7  AES256_IRQHandler                         
0000226d  BBREAK_check                              
00002227  BBREAK_debounce                           
000021d1  BBREAK_init                               
000027d7  BusFault_Handler                          
000025ed  C$$EXIT                                   
0000219d  CIRCBUF_delete                            
00002095  CIRCBUF_init                              
00002143  CIRCBUF_pop                               
000020e1  CIRCBUF_push                              
000021b5  CIRCBUF_read                              
000027d7  COMP_E0_IRQHandler                        
000027d7  COMP_E1_IRQHandler                        
000027d9  CPU_cpsid                                 
000027e5  CPU_cpsie                                 
000027d7  CS_IRQHandler                             
000026d5  CS_setDCOCenteredFrequency                
00001877  DEBOUNCE_callback                         
00001845  DEBOUNCE_clear_data                       
00001a6b  DEBOUNCE_repeater                         
0000198b  DEBOUNCE_request                          
00001a51  DEBOUNCE_timeout                          
000027d7  DMA_ERR_IRQHandler                        
000027d7  DMA_INT0_IRQHandler                       
000027d7  DMA_INT1_IRQHandler                       
000027d7  DMA_INT2_IRQHandler                       
000027d7  DMA_INT3_IRQHandler                       
000027d7  DebugMon_Handler                          
000027d7  Default_Handler                           
00000ecd  EUSCIA0_IRQHandler                        
00000ecd  EUSCIA0_IRQHandler                        
00000f49  EUSCIA1_IRQHandler                        
00000f49  EUSCIA1_IRQHandler                        
00000f93  EUSCIA2_IRQHandler                        
00000f93  EUSCIA2_IRQHandler                        
00000fe1  EUSCIA3_IRQHandler                        
00000fe1  EUSCIA3_IRQHandler                        
000027d7  EUSCIB0_IRQHandler                        
000027d7  EUSCIB1_IRQHandler                        
000027d7  EUSCIB2_IRQHandler                        
000027d7  EUSCIB3_IRQHandler                        
000027d7  FLCTL_IRQHandler                          
000027d7  FPU_IRQHandler                            
00002741  GPIO_getInputPinValue                     
0000268d  GPIO_setAsPeripheralModuleFunctionInputPin
000027d7  HardFault_Handler                         
0000279d  Interrupt_disableMaster                   
00002535  Interrupt_enableInterrupt                 
000027ad  Interrupt_enableMaster                    
000027d7  MemManage_Handler                         
000027d7  NMI_Handler                               
000027d7  PCM_IRQHandler                            
00001c85  PORT1_IRQHandler                          
00001c85  PORT1_IRQHandler                          
00001d35  PORT2_IRQHandler                          
00001d35  PORT2_IRQHandler                          
000027d7  PORT3_IRQHandler                          
0000227d  PORT4_IRQHandler                          
0000227d  PORT4_IRQHandler                          
000027d7  PORT5_IRQHandler                          
000027d7  PORT6_IRQHandler                          
000027d7  PSS_IRQHandler                            
000027d7  PendSV_Handler                            
00001ebb  RFID_config_1_out_of_156_ppm              
00001ed5  RFID_config_agc_toggle                    
00001eef  RFID_config_ampm_toggle                   
00001e5f  RFID_config_enable_external_antenna       
00001e45  RFID_config_enable_internal_antenna       
00001e2b  RFID_config_max_power_4to1mod             
00001e79  RFID_config_the_example                   
00001fa1  RFID_init                                 
00001f33  RFID_parse                                
00001e11  RFID_ping                                 
00001f09  RFID_ssir                                 
00001f23  RFID_xsir                                 
000027d7  RTC_C_IRQHandler                          
000027cb  Reset_Handler                             
UNDEFED   SHT$$INIT_ARRAY$$Base                     
UNDEFED   SHT$$INIT_ARRAY$$Limit                    
000027d7  SVC_Handler                               
000027d7  SysTick_Handler                           
2000077c  SystemCoreClock                           
00001519  SystemCoreClockUpdate                     
0000178d  SystemInit                                
000027d7  T32_INT1_IRQHandler                       
000027d7  T32_INT2_IRQHandler                       
000027d7  T32_INTC_IRQHandler                       
20000400  TA                                        
000027d7  TA0_0_IRQHandler                          
0000099d  TA0_N_IRQHandler                          
0000099d  TA0_N_IRQHandler                          
000027d7  TA1_0_IRQHandler                          
00000905  TA1_N_IRQHandler                          
00000905  TA1_N_IRQHandler                          
000027d7  TA2_0_IRQHandler                          
00000a37  TA2_N_IRQHandler                          
00000a37  TA2_N_IRQHandler                          
000027d7  TA3_0_IRQHandler                          
00000acf  TA3_N_IRQHandler                          
00000acf  TA3_N_IRQHandler                          
20000718  TA_status                                 
00000569  TIMER_begin                               
00000309  TIMER_calculate_deviders_l                
000002b5  TIMER_calculate_deviders_s                
000008f7  TIMER_callback_default                    
000001e7  TIMER_config                              
00000335  TIMER_config_ccr_raw_cnt                  
00000845  TIMER_config_cnt_raw                      
00000167  TIMER_config_l                            
000000e5  TIMER_config_raw                          
00000b67  TIMER_default_callback                    
00000897  TIMER_init                                
00000823  TIMER_kill                                
000005fd  TIMER_kill_raw                            
000003c1  TIMER_load_devider                        
000005b5  TIMER_pause                               
00000787  TIMER_request                             
000006d5  TIMER_reset_raw                           
0000072b  TIMER_set_callback                        
000027f1  UART_disableModule                        
00002771  UART_enableInterrupt                      
000027fd  UART_enableModule                         
0000234d  UART_initModule                           
000026f9  UART_receiveData                          
0000271d  UART_transmitData                         
000027d7  UsageFault_Handler                        
00000bc9  VUART_init                                
00001035  VUART_peripheral_response_timeout         
000010d1  VUART_timeout_callback                    
00000e05  VUART_tx_buf                              
00000ceb  VUART_tx_byte                             
00000d1d  VUART_tx_string                           
4000480c  WDTCTL_SYM                                
000027d7  WDT_A_IRQHandler                          
20010000  __STACK_END                               
00000200  __STACK_SIZE                              
00000400  __SYSMEM_SIZE                             
000028e0  __TI_CINIT_Base                           
000028f0  __TI_CINIT_Limit                          
000028c8  __TI_Handler_Table_Base                   
000028d4  __TI_Handler_Table_Limit                  
0000245d  __TI_auto_init                            
20000758  __TI_cleanup_ptr                          
000024cd  __TI_decompress_lzss                      
000027bd  __TI_decompress_none                      
2000075c  __TI_dtors_ptr                            
20000760  __TI_enable_exit_profile_output           
ffffffff  __TI_pprof_out_hndl                       
ffffffff  __TI_prof_data_size                       
ffffffff  __TI_prof_data_start                      
00000000  __TI_static_base__                        
00002809  __TI_zero_init                            
000023e1  __aeabi_memclr                            
000023e1  __aeabi_memclr4                           
000023e1  __aeabi_memclr8                           
000022b1  __aeabi_memcpy                            
000022b1  __aeabi_memcpy4                           
000022b1  __aeabi_memcpy8                           
000023e3  __aeabi_memset                            
000023e3  __aeabi_memset4                           
000023e3  __aeabi_memset8                           
ffffffff  __binit__                                 
ffffffff  __c_args__                                
000021cf  __mpu_init                                
2000fe00  __stack                                   
00002759  _args_main                                
00002599  _c_int00                                  
20000770  _lock                                     
00002797  _nop                                      
0000278f  _register_lock                            
00002789  _register_unlock                          
20000000  _sys_memory                               
0000245b  _system_post_cinit                        
00002815  _system_pre_init                          
20000774  _unlock                                   
000025f1  abort                                     
20000724  bbreak_flg                                
00001d93  beep                                      
ffffffff  binit                                     
200006f0  callback_np                               
000014e9  calloc                                    
20000780  cb_ctr_debug_deboucne                     
00002641  copy_in                                   
200005c0  current_task_data                         
20000700  db_timeout                                
000025f9  exit                                      
00001233  free                                      
00000000  interruptVectors                          
00001b69  main                                      
20000778  main_func_sp                              
000011c9  malloc                                    
000013fd  memalign                                  
000022b1  memcpy                                    
000023e9  memset                                    
00001149  minit                                     
20000725  port4_linkers                             
20000708  prelim_beep                               
000012f5  realloc                                   
20000782  recieve_flg_rfid                          
20000620  rfid_preasent_tags                        
00001c65  test_callback                             
00001c6f  test_callback1                            
00001c81  test_callback2                            
00001c83  test_callback3                            
20000781  test_cnt                                  
2000071c  tx_array_size                             
20000720  tx_progress                               
20000660  uart_rx_buf                               
20000710  uart_timeout_id                           
200006a0  uart_tx_buf                               


GLOBAL SYMBOLS: SORTED BY Symbol Address 

address   name                                      
-------   ----                                      
00000000  __TI_static_base__                        
00000000  interruptVectors                          
000000e5  TIMER_config_raw                          
00000167  TIMER_config_l                            
000001e7  TIMER_config                              
00000200  __STACK_SIZE                              
000002b5  TIMER_calculate_deviders_s                
00000309  TIMER_calculate_deviders_l                
00000335  TIMER_config_ccr_raw_cnt                  
000003c1  TIMER_load_devider                        
00000400  __SYSMEM_SIZE                             
00000569  TIMER_begin                               
000005b5  TIMER_pause                               
000005fd  TIMER_kill_raw                            
000006d5  TIMER_reset_raw                           
0000072b  TIMER_set_callback                        
00000787  TIMER_request                             
00000823  TIMER_kill                                
00000845  TIMER_config_cnt_raw                      
00000897  TIMER_init                                
000008f7  TIMER_callback_default                    
00000905  TA1_N_IRQHandler                          
00000905  TA1_N_IRQHandler                          
0000099d  TA0_N_IRQHandler                          
0000099d  TA0_N_IRQHandler                          
00000a37  TA2_N_IRQHandler                          
00000a37  TA2_N_IRQHandler                          
00000acf  TA3_N_IRQHandler                          
00000acf  TA3_N_IRQHandler                          
00000b67  TIMER_default_callback                    
00000bc9  VUART_init                                
00000ceb  VUART_tx_byte                             
00000d1d  VUART_tx_string                           
00000e05  VUART_tx_buf                              
00000ecd  EUSCIA0_IRQHandler                        
00000ecd  EUSCIA0_IRQHandler                        
00000f49  EUSCIA1_IRQHandler                        
00000f49  EUSCIA1_IRQHandler                        
00000f93  EUSCIA2_IRQHandler                        
00000f93  EUSCIA2_IRQHandler                        
00000fe1  EUSCIA3_IRQHandler                        
00000fe1  EUSCIA3_IRQHandler                        
00001035  VUART_peripheral_response_timeout         
000010d1  VUART_timeout_callback                    
00001149  minit                                     
000011c9  malloc                                    
00001233  free                                      
000012f5  realloc                                   
000013fd  memalign                                  
000014e9  calloc                                    
00001519  SystemCoreClockUpdate                     
0000178d  SystemInit                                
00001845  DEBOUNCE_clear_data                       
00001877  DEBOUNCE_callback                         
0000198b  DEBOUNCE_request                          
00001a51  DEBOUNCE_timeout                          
00001a6b  DEBOUNCE_repeater                         
00001b69  main                                      
00001c65  test_callback                             
00001c6f  test_callback1                            
00001c81  test_callback2                            
00001c83  test_callback3                            
00001c85  PORT1_IRQHandler                          
00001c85  PORT1_IRQHandler                          
00001d35  PORT2_IRQHandler                          
00001d35  PORT2_IRQHandler                          
00001d93  beep                                      
00001e11  RFID_ping                                 
00001e2b  RFID_config_max_power_4to1mod             
00001e45  RFID_config_enable_internal_antenna       
00001e5f  RFID_config_enable_external_antenna       
00001e79  RFID_config_the_example                   
00001ebb  RFID_config_1_out_of_156_ppm              
00001ed5  RFID_config_agc_toggle                    
00001eef  RFID_config_ampm_toggle                   
00001f09  RFID_ssir                                 
00001f23  RFID_xsir                                 
00001f33  RFID_parse                                
00001fa1  RFID_init                                 
00002095  CIRCBUF_init                              
000020e1  CIRCBUF_push                              
00002143  CIRCBUF_pop                               
0000219d  CIRCBUF_delete                            
000021b5  CIRCBUF_read                              
000021cf  __mpu_init                                
000021d1  BBREAK_init                               
00002227  BBREAK_debounce                           
0000226d  BBREAK_check                              
0000227d  PORT4_IRQHandler                          
0000227d  PORT4_IRQHandler                          
000022b1  __aeabi_memcpy                            
000022b1  __aeabi_memcpy4                           
000022b1  __aeabi_memcpy8                           
000022b1  memcpy                                    
0000234d  UART_initModule                           
000023e1  __aeabi_memclr                            
000023e1  __aeabi_memclr4                           
000023e1  __aeabi_memclr8                           
000023e3  __aeabi_memset                            
000023e3  __aeabi_memset4                           
000023e3  __aeabi_memset8                           
000023e9  memset                                    
0000245b  _system_post_cinit                        
0000245d  __TI_auto_init                            
000024cd  __TI_decompress_lzss                      
00002535  Interrupt_enableInterrupt                 
00002599  _c_int00                                  
000025ed  C$$EXIT                                   
000025f1  abort                                     
000025f9  exit                                      
00002641  copy_in                                   
0000268d  GPIO_setAsPeripheralModuleFunctionInputPin
000026d5  CS_setDCOCenteredFrequency                
000026f9  UART_receiveData                          
0000271d  UART_transmitData                         
00002741  GPIO_getInputPinValue                     
00002759  _args_main                                
00002771  UART_enableInterrupt                      
00002789  _register_unlock                          
0000278f  _register_lock                            
00002797  _nop                                      
0000279d  Interrupt_disableMaster                   
000027ad  Interrupt_enableMaster                    
000027bd  __TI_decompress_none                      
000027cb  Reset_Handler                             
000027d7  ADC14_IRQHandler                          
000027d7  AES256_IRQHandler                         
000027d7  BusFault_Handler                          
000027d7  COMP_E0_IRQHandler                        
000027d7  COMP_E1_IRQHandler                        
000027d7  CS_IRQHandler                             
000027d7  DMA_ERR_IRQHandler                        
000027d7  DMA_INT0_IRQHandler                       
000027d7  DMA_INT1_IRQHandler                       
000027d7  DMA_INT2_IRQHandler                       
000027d7  DMA_INT3_IRQHandler                       
000027d7  DebugMon_Handler                          
000027d7  Default_Handler                           
000027d7  EUSCIB0_IRQHandler                        
000027d7  EUSCIB1_IRQHandler                        
000027d7  EUSCIB2_IRQHandler                        
000027d7  EUSCIB3_IRQHandler                        
000027d7  FLCTL_IRQHandler                          
000027d7  FPU_IRQHandler                            
000027d7  HardFault_Handler                         
000027d7  MemManage_Handler                         
000027d7  NMI_Handler                               
000027d7  PCM_IRQHandler                            
000027d7  PORT3_IRQHandler                          
000027d7  PORT5_IRQHandler                          
000027d7  PORT6_IRQHandler                          
000027d7  PSS_IRQHandler                            
000027d7  PendSV_Handler                            
000027d7  RTC_C_IRQHandler                          
000027d7  SVC_Handler                               
000027d7  SysTick_Handler                           
000027d7  T32_INT1_IRQHandler                       
000027d7  T32_INT2_IRQHandler                       
000027d7  T32_INTC_IRQHandler                       
000027d7  TA0_0_IRQHandler                          
000027d7  TA1_0_IRQHandler                          
000027d7  TA2_0_IRQHandler                          
000027d7  TA3_0_IRQHandler                          
000027d7  UsageFault_Handler                        
000027d7  WDT_A_IRQHandler                          
000027d9  CPU_cpsid                                 
000027e5  CPU_cpsie                                 
000027f1  UART_disableModule                        
000027fd  UART_enableModule                         
00002809  __TI_zero_init                            
00002815  _system_pre_init                          
000028c8  __TI_Handler_Table_Base                   
000028d4  __TI_Handler_Table_Limit                  
000028e0  __TI_CINIT_Base                           
000028f0  __TI_CINIT_Limit                          
20000000  _sys_memory                               
20000400  TA                                        
200005c0  current_task_data                         
20000620  rfid_preasent_tags                        
20000660  uart_rx_buf                               
200006a0  uart_tx_buf                               
200006f0  callback_np                               
20000700  db_timeout                                
20000708  prelim_beep                               
20000710  uart_timeout_id                           
20000718  TA_status                                 
2000071c  tx_array_size                             
20000720  tx_progress                               
20000724  bbreak_flg                                
20000725  port4_linkers                             
20000758  __TI_cleanup_ptr                          
2000075c  __TI_dtors_ptr                            
20000760  __TI_enable_exit_profile_output           
20000770  _lock                                     
20000774  _unlock                                   
20000778  main_func_sp                              
2000077c  SystemCoreClock                           
20000780  cb_ctr_debug_deboucne                     
20000781  test_cnt                                  
20000782  recieve_flg_rfid                          
2000fe00  __stack                                   
20010000  __STACK_END                               
4000480c  WDTCTL_SYM                                
ffffffff  __TI_pprof_out_hndl                       
ffffffff  __TI_prof_data_size                       
ffffffff  __TI_prof_data_start                      
ffffffff  __binit__                                 
ffffffff  __c_args__                                
ffffffff  binit                                     
UNDEFED   SHT$$INIT_ARRAY$$Base                     
UNDEFED   SHT$$INIT_ARRAY$$Limit                    

[211 symbols]
