******************************************************************************
                  TI ARM Linker PC v16.9.1                     
******************************************************************************
>> Linked Tue Aug 01 16:59:16 2017

OUTPUT FILE NAME:   <VOLETRON.out>
ENTRY POINT SYMBOL: "_c_int00"  address: 00001965


MEMORY CONFIGURATION

         name            origin    length      used     unused   attr    fill
----------------------  --------  ---------  --------  --------  ----  --------
  MAIN                  00000000   00040000  00001c70  0003e390  R  X
  INFO                  00200000   00004000  00000000  00004000  R  X
  SRAM_CODE             01000000   00010000  000008a2  0000f75e  RW X
  SRAM_DATA             20000000   00010000  000008a2  0000f75e  RW  


SEGMENT ALLOCATION MAP

run origin  load origin   length   init length attrs members
----------  ----------- ---------- ----------- ----- -------
00000000    00000000    00001c70   00001c70    r-x
  00000000    00000000    000000e4   000000e4    r-- .intvecs
  000000e4    000000e4    00001ac0   00001ac0    r-x .text
  00001ba4    00001ba4    00000064   00000064    r-- .const
  00001c08    00001c08    00000068   00000068    r-- .cinit
20000000    20000000    000006a4   00000000    rw-
  20000000    20000000    00000400   00000000    rw- .sysmem
  20000400    20000400    0000024e   00000000    rw- .bss
  20000650    20000650    00000054   00000000    rw- .data
2000fe00    2000fe00    00000200   00000000    rw-
  2000fe00    2000fe00    00000200   00000000    rw- .stack


SECTION ALLOCATION MAP

 output                                  attributes/
section   page    origin      length       input sections
--------  ----  ----------  ----------   ----------------
.intvecs   0    00000000    000000e4     
                  00000000    000000e4     startup_msp432p401r_ccs.obj (.intvecs:retain)

.binit     0    00000000    00000000     

.text      0    000000e4    00001ac0     
                  000000e4    00000ae4     timer.obj (.text)
                  00000bc8    0000032c     system_msp432p401r.obj (.text)
                  00000ef4    00000310     main.obj (.text)
                  00001204    000002f0     debounce.obj (.text)
                  000014f4    000000e0     beambreak.obj (.text)
                  000015d4    000000a8     custom_uart.obj (.text)
                  0000167c    0000009c     rtsv7M4_T_le_v4SPD16_eabi.lib : memcpy_t2.obj (.text)
                  00001718    00000094     msp432p4xx_driverlib.lib : uart.o (.text:UART_initModule)
                  000017ac    0000007a     rtsv7M4_T_le_v4SPD16_eabi.lib : memset_t2.obj (.text)
                  00001826    00000002                                   : mpu_init.obj (.text)
                  00001828    00000070                                   : autoinit.obj (.text)
                  00001898    00000068                                   : copy_decompress_lzss.obj (.text:decompress:lzss)
                  00001900    00000064     msp432p4xx_driverlib.lib : interrupt.o (.text:Interrupt_enableInterrupt)
                  00001964    00000054     rtsv7M4_T_le_v4SPD16_eabi.lib : boot.obj (.text)
                  000019b8    00000054                                   : exit.obj (.text)
                  00001a0c    0000004c                                   : cpy_tbl.obj (.text)
                  00001a58    00000048     msp432p4xx_driverlib.lib : gpio.o (.text:GPIO_setAsPeripheralModuleFunctionInputPin)
                  00001aa0    00000024                              : cs.o (.text:CS_setDCOCenteredFrequency)
                  00001ac4    00000024                              : uart.o (.text:UART_transmitData)
                  00001ae8    00000018                              : gpio.o (.text:GPIO_getInputPinValue)
                  00001b00    00000018     rtsv7M4_T_le_v4SPD16_eabi.lib : args_main.obj (.text)
                  00001b18    00000016     msp432p4xx_driverlib.lib : uart.o (.text:UART_enableInterrupt)
                  00001b2e    00000002     rtsv7M4_T_le_v4SPD16_eabi.lib : startup.obj (.text)
                  00001b30    00000014                                   : _lock.obj (.text)
                  00001b44    00000010     msp432p4xx_driverlib.lib : interrupt.o (.text:Interrupt_enableMaster)
                  00001b54    0000000e     rtsv7M4_T_le_v4SPD16_eabi.lib : copy_decompress_none.obj (.text:decompress:none)
                  00001b62    0000000e     startup_msp432p401r_ccs.obj (.text)
                  00001b70    0000000c     msp432p4xx_driverlib.lib : cpu.o (.text:CPU_cpsie)
                  00001b7c    0000000c                              : uart.o (.text:UART_disableModule)
                  00001b88    0000000c                              : uart.o (.text:UART_enableModule)
                  00001b94    0000000c     rtsv7M4_T_le_v4SPD16_eabi.lib : copy_zero_init.obj (.text:decompress:ZI)
                  00001ba0    00000004                                   : pre_init.obj (.text)

.const     0    00001ba4    00000064     
                  00001ba4    00000040     msp432p4xx_driverlib.lib : interrupt.o (.const)
                  00001be4    00000024     custom_uart.obj (.const:$P$T0$1)

.cinit     0    00001c08    00000068     
                  00001c08    0000003d     (.cinit..data.load) [load image, compression = lzss]
                  00001c45    00000003     --HOLE-- [fill = 0]
                  00001c48    0000000c     (__TI_handler_table)
                  00001c54    00000004     --HOLE-- [fill = 0]
                  00001c58    00000008     (.cinit..bss.load) [load image, compression = zero_init]
                  00001c60    00000010     (__TI_cinit_table)

.init_array 
*          0    00000000    00000000     UNINITIALIZED

.sysmem    0    20000000    00000400     UNINITIALIZED
                  20000000    00000008     rtsv7M4_T_le_v4SPD16_eabi.lib : memory.obj (.sysmem)
                  20000008    000003f8     --HOLE--

.bss       0    20000400    0000024e     UNINITIALIZED
                  20000400    000001c0     (.common:TA)
                  200005c0    00000060     (.common:current_task_data)
                  20000620    00000010     timer.obj (.bss)
                  20000630    00000010     (.common:callback_np)
                  20000640    00000008     (.common:prelim_beep)
                  20000648    00000004     (.common:TA_status)
                  2000064c    00000001     (.common:bbreak_flg)
                  2000064d    00000001     (.common:port4_linkers)

.data      0    20000650    00000054     UNINITIALIZED
                  20000650    00000030     msp432p4xx_driverlib.lib : gpio.o (.data:GPIO_PORT_TO_BASE)
                  20000680    0000000c     rtsv7M4_T_le_v4SPD16_eabi.lib : exit.obj (.data:$O1$$)
                  2000068c    00000008                                   : _lock.obj (.data:$O1$$)
                  20000694    00000005     main.obj (.data)
                  20000699    00000003     --HOLE--
                  2000069c    00000004     rtsv7M4_T_le_v4SPD16_eabi.lib : stkdepth_vars.obj (.data)
                  200006a0    00000004     system_msp432p401r.obj (.data)

.stack     0    2000fe00    00000200     UNINITIALIZED
                  2000fe00    00000200     --HOLE--

MODULE SUMMARY

       Module                        code   ro data   rw data
       ------                        ----   -------   -------
    .\
       system_msp432p401r.obj        812    0         8      
       main.obj                      784    0         26     
       startup_msp432p401r_ccs.obj   14     228       0      
    +--+-----------------------------+------+---------+---------+
       Total:                        1610   228       34     
                                                             
    .\voles\
       timer.obj                     2788   0         936    
       debounce.obj                  752    0         194    
       beambreak.obj                 224    0         34     
       custom_uart.obj               168    36        0      
    +--+-----------------------------+------+---------+---------+
       Total:                        3932   36        1164   
                                                             
    ../msp432p4xx_driverlib.lib
       uart.o                        230    0         0      
       gpio.o                        96     0         96     
       interrupt.o                   116    64        0      
       cs.o                          36     0         0      
       cpu.o                         12     0         0      
    +--+-----------------------------+------+---------+---------+
       Total:                        490    64        96     
                                                             
    C:\ti\ccsv7\tools\compiler\ti-cgt-arm_16.9.1.LTS\lib\rtsv7M4_T_le_v4SPD16_eabi.lib
       memcpy_t2.obj                 156    0         0      
       memset_t2.obj                 122    0         0      
       autoinit.obj                  112    0         0      
       exit.obj                      84     0         24     
       copy_decompress_lzss.obj      104    0         0      
       boot.obj                      84     0         0      
       cpy_tbl.obj                   76     0         0      
       _lock.obj                     20     0         16     
       args_main.obj                 24     0         0      
       copy_decompress_none.obj      14     0         0      
       copy_zero_init.obj            12     0         0      
       stkdepth_vars.obj             0      0         8      
       pre_init.obj                  4      0         0      
       mpu_init.obj                  2      0         0      
       startup.obj                   2      0         0      
    +--+-----------------------------+------+---------+---------+
       Total:                        816    0         48     
                                                             
       Heap:                         0      0         2048   
       Stack:                        0      0         1024   
       Linker Generated:             0      97        0      
    +--+-----------------------------+------+---------+---------+
       Grand Total:                  6848   425       4414   


LINKER GENERATED COPY TABLES

__TI_cinit_table @ 00001c60 records: 2, size/record: 8, table size: 16
	.data: load addr=00001c08, load size=0000003d bytes, run addr=20000650, run size=00000054 bytes, compression=lzss
	.bss: load addr=00001c58, load size=00000008 bytes, run addr=20000400, run size=0000024e bytes, compression=zero_init


LINKER GENERATED HANDLER TABLE

__TI_handler_table @ 00001c48 records: 3, size/record: 4, table size: 12
	index: 0, handler: __TI_decompress_lzss
	index: 1, handler: __TI_decompress_none
	index: 2, handler: __TI_zero_init


GLOBAL SYMBOLS: SORTED ALPHABETICALLY BY Name 

address   name                                      
-------   ----                                      
00001b6f  ADC14_IRQHandler                          
00001b6f  AES256_IRQHandler                         
00001591  BBREAK_check                              
0000154b  BBREAK_debounce                           
000014f5  BBREAK_init                               
00001b6f  BusFault_Handler                          
000019b9  C$$EXIT                                   
00001b6f  COMP_E0_IRQHandler                        
00001b6f  COMP_E1_IRQHandler                        
00001b71  CPU_cpsie                                 
00001b6f  CS_IRQHandler                             
00001aa1  CS_setDCOCenteredFrequency                
00001237  DEBOUNCE_callback                         
00001205  DEBOUNCE_clear_data                       
000013fd  DEBOUNCE_repeater                         
00001337  DEBOUNCE_request                          
00001b6f  DMA_ERR_IRQHandler                        
00001b6f  DMA_INT0_IRQHandler                       
00001b6f  DMA_INT1_IRQHandler                       
00001b6f  DMA_INT2_IRQHandler                       
00001b6f  DMA_INT3_IRQHandler                       
00001b6f  DebugMon_Handler                          
00001b6f  Default_Handler                           
00000f73  EUSCIA0_IRQHandler                        
00000f73  EUSCIA0_IRQHandler                        
00001b6f  EUSCIA1_IRQHandler                        
00001b6f  EUSCIA2_IRQHandler                        
00001b6f  EUSCIA3_IRQHandler                        
00001b6f  EUSCIB0_IRQHandler                        
00001b6f  EUSCIB1_IRQHandler                        
00001b6f  EUSCIB2_IRQHandler                        
00001b6f  EUSCIB3_IRQHandler                        
00001b6f  FLCTL_IRQHandler                          
00001b6f  FPU_IRQHandler                            
00001ae9  GPIO_getInputPinValue                     
00001a59  GPIO_setAsPeripheralModuleFunctionInputPin
00001b6f  HardFault_Handler                         
00001901  Interrupt_enableInterrupt                 
00001b45  Interrupt_enableMaster                    
00001b6f  MemManage_Handler                         
00001b6f  NMI_Handler                               
00001b6f  PCM_IRQHandler                            
000010a5  PORT1_IRQHandler                          
000010a5  PORT1_IRQHandler                          
00001139  PORT2_IRQHandler                          
00001139  PORT2_IRQHandler                          
00001b6f  PORT3_IRQHandler                          
000015a1  PORT4_IRQHandler                          
000015a1  PORT4_IRQHandler                          
00001b6f  PORT5_IRQHandler                          
00001b6f  PORT6_IRQHandler                          
00001b6f  PSS_IRQHandler                            
00001b6f  PendSV_Handler                            
00001b6f  RTC_C_IRQHandler                          
00001b63  Reset_Handler                             
UNDEFED   SHT$$INIT_ARRAY$$Base                     
UNDEFED   SHT$$INIT_ARRAY$$Limit                    
00001b6f  SVC_Handler                               
00001b6f  SysTick_Handler                           
200006a0  SystemCoreClock                           
00000bc9  SystemCoreClockUpdate                     
00000e3d  SystemInit                                
00001b6f  T32_INT1_IRQHandler                       
00001b6f  T32_INT2_IRQHandler                       
00001b6f  T32_INTC_IRQHandler                       
20000400  TA                                        
00001b6f  TA0_0_IRQHandler                          
0000099d  TA0_N_IRQHandler                          
0000099d  TA0_N_IRQHandler                          
00001b6f  TA1_0_IRQHandler                          
00000905  TA1_N_IRQHandler                          
00000905  TA1_N_IRQHandler                          
00001b6f  TA2_0_IRQHandler                          
00000a37  TA2_N_IRQHandler                          
00000a37  TA2_N_IRQHandler                          
00001b6f  TA3_0_IRQHandler                          
00000acf  TA3_N_IRQHandler                          
00000acf  TA3_N_IRQHandler                          
20000648  TA_status                                 
00000569  TIMER_begin                               
00000307  TIMER_calculate_deviders_l                
000002b5  TIMER_calculate_deviders_s                
000008f7  TIMER_callback_default                    
000001e7  TIMER_config                              
00000333  TIMER_config_ccr_raw_cnt                  
00000845  TIMER_config_cnt_raw                      
00000167  TIMER_config_l                            
000000e5  TIMER_config_raw                          
00000b67  TIMER_default_callback                    
00000897  TIMER_init                                
00000823  TIMER_kill                                
000005fd  TIMER_kill_raw                            
000003c1  TIMER_load_devider                        
000005b5  TIMER_pause                               
00000787  TIMER_request                             
000006d5  TIMER_reset_raw                           
0000072b  TIMER_set_callback                        
00001b7d  UART_disableModule                        
00001b19  UART_enableInterrupt                      
00001b89  UART_enableModule                         
000015d5  UART_init                                 
00001719  UART_initModule                           
00001ac5  UART_transmitData                         
00001b6f  UsageFault_Handler                        
4000480c  WDTCTL_SYM                                
00001b6f  WDT_A_IRQHandler                          
20010000  __STACK_END                               
00000200  __STACK_SIZE                              
00000400  __SYSMEM_SIZE                             
00001c60  __TI_CINIT_Base                           
00001c70  __TI_CINIT_Limit                          
00001c48  __TI_Handler_Table_Base                   
00001c54  __TI_Handler_Table_Limit                  
00001829  __TI_auto_init                            
20000680  __TI_cleanup_ptr                          
00001899  __TI_decompress_lzss                      
00001b55  __TI_decompress_none                      
20000684  __TI_dtors_ptr                            
20000688  __TI_enable_exit_profile_output           
ffffffff  __TI_pprof_out_hndl                       
ffffffff  __TI_prof_data_size                       
ffffffff  __TI_prof_data_start                      
00000000  __TI_static_base__                        
00001b95  __TI_zero_init                            
000017ad  __aeabi_memclr                            
000017ad  __aeabi_memclr4                           
000017ad  __aeabi_memclr8                           
0000167d  __aeabi_memcpy                            
0000167d  __aeabi_memcpy4                           
0000167d  __aeabi_memcpy8                           
000017af  __aeabi_memset                            
000017af  __aeabi_memset4                           
000017af  __aeabi_memset8                           
ffffffff  __binit__                                 
ffffffff  __c_args__                                
00001827  __mpu_init                                
2000fe00  __stack                                   
00001b01  _args_main                                
00001965  _c_int00                                  
2000068c  _lock                                     
00001b3f  _nop                                      
00001b37  _register_lock                            
00001b31  _register_unlock                          
20000000  _sys_memory                               
00001b2f  _system_post_cinit                        
00001ba1  _system_pre_init                          
20000690  _unlock                                   
000019bd  abort                                     
2000064c  bbreak_flg                                
00001197  beep                                      
ffffffff  binit                                     
20000630  callback_np                               
00001a0d  copy_in                                   
200005c0  current_task_data                         
000019c5  exit                                      
00000000  interruptVectors                          
20000694  k                                         
00000ef5  main                                      
2000069c  main_func_sp                              
0000167d  memcpy                                    
000017b5  memset                                    
2000064d  port4_linkers                             
20000640  prelim_beep                               
00000f8f  test_callback                             
00000f9b  test_callback1                            
00000fa7  test_callback2                            
00001021  test_callback3                            
20000698  uca_soft_ifg                              


GLOBAL SYMBOLS: SORTED BY Symbol Address 

address   name                                      
-------   ----                                      
00000000  __TI_static_base__                        
00000000  interruptVectors                          
000000e5  TIMER_config_raw                          
00000167  TIMER_config_l                            
000001e7  TIMER_config                              
00000200  __STACK_SIZE                              
000002b5  TIMER_calculate_deviders_s                
00000307  TIMER_calculate_deviders_l                
00000333  TIMER_config_ccr_raw_cnt                  
000003c1  TIMER_load_devider                        
00000400  __SYSMEM_SIZE                             
00000569  TIMER_begin                               
000005b5  TIMER_pause                               
000005fd  TIMER_kill_raw                            
000006d5  TIMER_reset_raw                           
0000072b  TIMER_set_callback                        
00000787  TIMER_request                             
00000823  TIMER_kill                                
00000845  TIMER_config_cnt_raw                      
00000897  TIMER_init                                
000008f7  TIMER_callback_default                    
00000905  TA1_N_IRQHandler                          
00000905  TA1_N_IRQHandler                          
0000099d  TA0_N_IRQHandler                          
0000099d  TA0_N_IRQHandler                          
00000a37  TA2_N_IRQHandler                          
00000a37  TA2_N_IRQHandler                          
00000acf  TA3_N_IRQHandler                          
00000acf  TA3_N_IRQHandler                          
00000b67  TIMER_default_callback                    
00000bc9  SystemCoreClockUpdate                     
00000e3d  SystemInit                                
00000ef5  main                                      
00000f73  EUSCIA0_IRQHandler                        
00000f73  EUSCIA0_IRQHandler                        
00000f8f  test_callback                             
00000f9b  test_callback1                            
00000fa7  test_callback2                            
00001021  test_callback3                            
000010a5  PORT1_IRQHandler                          
000010a5  PORT1_IRQHandler                          
00001139  PORT2_IRQHandler                          
00001139  PORT2_IRQHandler                          
00001197  beep                                      
00001205  DEBOUNCE_clear_data                       
00001237  DEBOUNCE_callback                         
00001337  DEBOUNCE_request                          
000013fd  DEBOUNCE_repeater                         
000014f5  BBREAK_init                               
0000154b  BBREAK_debounce                           
00001591  BBREAK_check                              
000015a1  PORT4_IRQHandler                          
000015a1  PORT4_IRQHandler                          
000015d5  UART_init                                 
0000167d  __aeabi_memcpy                            
0000167d  __aeabi_memcpy4                           
0000167d  __aeabi_memcpy8                           
0000167d  memcpy                                    
00001719  UART_initModule                           
000017ad  __aeabi_memclr                            
000017ad  __aeabi_memclr4                           
000017ad  __aeabi_memclr8                           
000017af  __aeabi_memset                            
000017af  __aeabi_memset4                           
000017af  __aeabi_memset8                           
000017b5  memset                                    
00001827  __mpu_init                                
00001829  __TI_auto_init                            
00001899  __TI_decompress_lzss                      
00001901  Interrupt_enableInterrupt                 
00001965  _c_int00                                  
000019b9  C$$EXIT                                   
000019bd  abort                                     
000019c5  exit                                      
00001a0d  copy_in                                   
00001a59  GPIO_setAsPeripheralModuleFunctionInputPin
00001aa1  CS_setDCOCenteredFrequency                
00001ac5  UART_transmitData                         
00001ae9  GPIO_getInputPinValue                     
00001b01  _args_main                                
00001b19  UART_enableInterrupt                      
00001b2f  _system_post_cinit                        
00001b31  _register_unlock                          
00001b37  _register_lock                            
00001b3f  _nop                                      
00001b45  Interrupt_enableMaster                    
00001b55  __TI_decompress_none                      
00001b63  Reset_Handler                             
00001b6f  ADC14_IRQHandler                          
00001b6f  AES256_IRQHandler                         
00001b6f  BusFault_Handler                          
00001b6f  COMP_E0_IRQHandler                        
00001b6f  COMP_E1_IRQHandler                        
00001b6f  CS_IRQHandler                             
00001b6f  DMA_ERR_IRQHandler                        
00001b6f  DMA_INT0_IRQHandler                       
00001b6f  DMA_INT1_IRQHandler                       
00001b6f  DMA_INT2_IRQHandler                       
00001b6f  DMA_INT3_IRQHandler                       
00001b6f  DebugMon_Handler                          
00001b6f  Default_Handler                           
00001b6f  EUSCIA1_IRQHandler                        
00001b6f  EUSCIA2_IRQHandler                        
00001b6f  EUSCIA3_IRQHandler                        
00001b6f  EUSCIB0_IRQHandler                        
00001b6f  EUSCIB1_IRQHandler                        
00001b6f  EUSCIB2_IRQHandler                        
00001b6f  EUSCIB3_IRQHandler                        
00001b6f  FLCTL_IRQHandler                          
00001b6f  FPU_IRQHandler                            
00001b6f  HardFault_Handler                         
00001b6f  MemManage_Handler                         
00001b6f  NMI_Handler                               
00001b6f  PCM_IRQHandler                            
00001b6f  PORT3_IRQHandler                          
00001b6f  PORT5_IRQHandler                          
00001b6f  PORT6_IRQHandler                          
00001b6f  PSS_IRQHandler                            
00001b6f  PendSV_Handler                            
00001b6f  RTC_C_IRQHandler                          
00001b6f  SVC_Handler                               
00001b6f  SysTick_Handler                           
00001b6f  T32_INT1_IRQHandler                       
00001b6f  T32_INT2_IRQHandler                       
00001b6f  T32_INTC_IRQHandler                       
00001b6f  TA0_0_IRQHandler                          
00001b6f  TA1_0_IRQHandler                          
00001b6f  TA2_0_IRQHandler                          
00001b6f  TA3_0_IRQHandler                          
00001b6f  UsageFault_Handler                        
00001b6f  WDT_A_IRQHandler                          
00001b71  CPU_cpsie                                 
00001b7d  UART_disableModule                        
00001b89  UART_enableModule                         
00001b95  __TI_zero_init                            
00001ba1  _system_pre_init                          
00001c48  __TI_Handler_Table_Base                   
00001c54  __TI_Handler_Table_Limit                  
00001c60  __TI_CINIT_Base                           
00001c70  __TI_CINIT_Limit                          
20000000  _sys_memory                               
20000400  TA                                        
200005c0  current_task_data                         
20000630  callback_np                               
20000640  prelim_beep                               
20000648  TA_status                                 
2000064c  bbreak_flg                                
2000064d  port4_linkers                             
20000680  __TI_cleanup_ptr                          
20000684  __TI_dtors_ptr                            
20000688  __TI_enable_exit_profile_output           
2000068c  _lock                                     
20000690  _unlock                                   
20000694  k                                         
20000698  uca_soft_ifg                              
2000069c  main_func_sp                              
200006a0  SystemCoreClock                           
2000fe00  __stack                                   
20010000  __STACK_END                               
4000480c  WDTCTL_SYM                                
ffffffff  __TI_pprof_out_hndl                       
ffffffff  __TI_prof_data_size                       
ffffffff  __TI_prof_data_start                      
ffffffff  __binit__                                 
ffffffff  __c_args__                                
ffffffff  binit                                     
UNDEFED   SHT$$INIT_ARRAY$$Base                     
UNDEFED   SHT$$INIT_ARRAY$$Limit                    

[168 symbols]
