******************************************************************************
                  TI ARM Linker PC v16.9.1                     
******************************************************************************
>> Linked Wed Jul 12 14:19:16 2017

OUTPUT FILE NAME:   <VOLETRON.out>
ENTRY POINT SYMBOL: "_c_int00"  address: 00000759


MEMORY CONFIGURATION

         name            origin    length      used     unused   attr    fill
----------------------  --------  ---------  --------  --------  ----  --------
  MAIN                  00000000   00040000  000008e4  0003f71c  R  X
  INFO                  00200000   00004000  00000000  00004000  R  X
  SRAM_CODE             01000000   00010000  0000021c  0000fde4  RW X
  SRAM_DATA             20000000   00010000  0000021c  0000fde4  RW  


SEGMENT ALLOCATION MAP

run origin  load origin   length   init length attrs members
----------  ----------- ---------- ----------- ----- -------
00000000    00000000    000008e8   000008e8    r-x
  00000000    00000000    000000e4   000000e4    r-- .intvecs
  000000e4    000000e4    000007d8   000007d8    r-x .text
  000008c0    000008c0    00000028   00000028    r-- .cinit
20000000    20000000    0000001c   00000000    rw-
  20000000    20000000    0000001c   00000000    rw- .data
2000fe00    2000fe00    00000200   00000000    rw-
  2000fe00    2000fe00    00000200   00000000    rw- .stack


SECTION ALLOCATION MAP

 output                                  attributes/
section   page    origin      length       input sections
--------  ----  ----------  ----------   ----------------
.intvecs   0    00000000    000000e4     
                  00000000    000000e4     startup_msp432p401r_ccs.obj (.intvecs:retain)

.binit     0    00000000    00000000     

.text      0    000000e4    000007d8     
                  000000e4    0000032c     system_msp432p401r.obj (.text)
                  00000410    000001d4     timer.obj (.text)
                  000005e4    0000009c     rtsv7M4_T_le_v4SPD16_eabi.lib : memcpy_t2.obj (.text)
                  00000680    00000070                                   : autoinit.obj (.text)
                  000006f0    00000068                                   : copy_decompress_lzss.obj (.text:decompress:lzss)
                  00000758    00000054                                   : boot.obj (.text)
                  000007ac    00000054                                   : exit.obj (.text)
                  00000800    0000004c                                   : cpy_tbl.obj (.text)
                  0000084c    00000020     main.obj (.text)
                  0000086c    00000018     rtsv7M4_T_le_v4SPD16_eabi.lib : args_main.obj (.text)
                  00000884    00000014                                   : _lock.obj (.text)
                  00000898    0000000e                                   : copy_decompress_none.obj (.text:decompress:none)
                  000008a6    0000000e     startup_msp432p401r_ccs.obj (.text)
                  000008b4    00000004     rtsv7M4_T_le_v4SPD16_eabi.lib : pre_init.obj (.text)
                  000008b8    00000002                                   : mpu_init.obj (.text)
                  000008ba    00000002                                   : startup.obj (.text)

.cinit     0    000008c0    00000028     
                  000008c0    00000015     (.cinit..data.load) [load image, compression = lzss]
                  000008d5    00000003     --HOLE-- [fill = 0]
                  000008d8    00000008     (__TI_handler_table)
                  000008e0    00000008     (__TI_cinit_table)

.init_array 
*          0    00000000    00000000     UNINITIALIZED

.data      0    20000000    0000001c     UNINITIALIZED
                  20000000    0000000c     rtsv7M4_T_le_v4SPD16_eabi.lib : exit.obj (.data:$O1$$)
                  2000000c    00000008                                   : _lock.obj (.data:$O1$$)
                  20000014    00000004                                   : stkdepth_vars.obj (.data)
                  20000018    00000004     system_msp432p401r.obj (.data)

.stack     0    2000fe00    00000200     UNINITIALIZED
                  2000fe00    00000200     --HOLE--

MODULE SUMMARY

       Module                        code   ro data   rw data
       ------                        ----   -------   -------
    .\
       system_msp432p401r.obj        812    0         8      
       startup_msp432p401r_ccs.obj   14     228       0      
       main.obj                      32     0         0      
    +--+-----------------------------+------+---------+---------+
       Total:                        858    228       8      
                                                             
    .\voles\
       timer.obj                     468    0         0      
    +--+-----------------------------+------+---------+---------+
       Total:                        468    0         0      
                                                             
    C:\ti\ccsv7\tools\compiler\ti-cgt-arm_16.9.1.LTS\lib\rtsv7M4_T_le_v4SPD16_eabi.lib
       memcpy_t2.obj                 156    0         0      
       autoinit.obj                  112    0         0      
       exit.obj                      84     0         24     
       copy_decompress_lzss.obj      104    0         0      
       boot.obj                      84     0         0      
       cpy_tbl.obj                   76     0         0      
       _lock.obj                     20     0         16     
       args_main.obj                 24     0         0      
       copy_decompress_none.obj      14     0         0      
       stkdepth_vars.obj             0      0         8      
       pre_init.obj                  4      0         0      
       mpu_init.obj                  2      0         0      
       startup.obj                   2      0         0      
    +--+-----------------------------+------+---------+---------+
       Total:                        682    0         48     
                                                             
       Stack:                        0      0         1024   
       Linker Generated:             0      37        0      
    +--+-----------------------------+------+---------+---------+
       Grand Total:                  2008   265       1080   


LINKER GENERATED COPY TABLES

__TI_cinit_table @ 000008e0 records: 1, size/record: 8, table size: 8
	.data: load addr=000008c0, load size=00000015 bytes, run addr=20000000, run size=0000001c bytes, compression=lzss


LINKER GENERATED HANDLER TABLE

__TI_handler_table @ 000008d8 records: 2, size/record: 4, table size: 8
	index: 0, handler: __TI_decompress_lzss
	index: 1, handler: __TI_decompress_none


GLOBAL SYMBOLS: SORTED ALPHABETICALLY BY Name 

address   name                           
-------   ----                           
000008b3  ADC14_IRQHandler               
000008b3  AES256_IRQHandler              
000008b3  BusFault_Handler               
000007ad  C$$EXIT                        
000008b3  COMP_E0_IRQHandler             
000008b3  COMP_E1_IRQHandler             
000008b3  CS_IRQHandler                  
000008b3  DMA_ERR_IRQHandler             
000008b3  DMA_INT0_IRQHandler            
000008b3  DMA_INT1_IRQHandler            
000008b3  DMA_INT2_IRQHandler            
000008b3  DMA_INT3_IRQHandler            
000008b3  DebugMon_Handler               
000008b3  Default_Handler                
000008b3  EUSCIA0_IRQHandler             
000008b3  EUSCIA1_IRQHandler             
000008b3  EUSCIA2_IRQHandler             
000008b3  EUSCIA3_IRQHandler             
000008b3  EUSCIB0_IRQHandler             
000008b3  EUSCIB1_IRQHandler             
000008b3  EUSCIB2_IRQHandler             
000008b3  EUSCIB3_IRQHandler             
000008b3  FLCTL_IRQHandler               
000008b3  FPU_IRQHandler                 
000008b3  HardFault_Handler              
000008b3  MemManage_Handler              
000008b3  NMI_Handler                    
000008b3  PCM_IRQHandler                 
000008b3  PORT1_IRQHandler               
000008b3  PORT2_IRQHandler               
000008b3  PORT3_IRQHandler               
000008b3  PORT4_IRQHandler               
000008b3  PORT5_IRQHandler               
000008b3  PORT6_IRQHandler               
000008b3  PSS_IRQHandler                 
000008b3  PendSV_Handler                 
000008b3  RTC_C_IRQHandler               
000008a7  Reset_Handler                  
UNDEFED   SHT$$INIT_ARRAY$$Base          
UNDEFED   SHT$$INIT_ARRAY$$Limit         
000008b3  SVC_Handler                    
000008b3  SysTick_Handler                
20000018  SystemCoreClock                
000000e5  SystemCoreClockUpdate          
00000359  SystemInit                     
000008b3  T32_INT1_IRQHandler            
000008b3  T32_INT2_IRQHandler            
000008b3  T32_INTC_IRQHandler            
000008b3  TA0_0_IRQHandler               
000008b3  TA0_N_IRQHandler               
000008b3  TA1_0_IRQHandler               
000008b3  TA1_N_IRQHandler               
000008b3  TA2_0_IRQHandler               
000008b3  TA2_N_IRQHandler               
000008b3  TA3_0_IRQHandler               
000008b3  TA3_N_IRQHandler               
000004e7  TIMER_begin                    
00000411  TIMER_init_raw                 
000005c9  TIMER_kill                     
00000483  TIMER_load_devider             
0000052b  TIMER_pause                    
000005ab  TIMER_request                  
000005b9  TIMER_request_repeat           
0000056b  TIMER_reset_raw                
00000579  TIMER_set_callback             
000008b3  UsageFault_Handler             
4000480c  WDTCTL_SYM                     
000008b3  WDT_A_IRQHandler               
20010000  __STACK_END                    
00000200  __STACK_SIZE                   
000008e0  __TI_CINIT_Base                
000008e8  __TI_CINIT_Limit               
000008d8  __TI_Handler_Table_Base        
000008e0  __TI_Handler_Table_Limit       
00000681  __TI_auto_init                 
20000000  __TI_cleanup_ptr               
000006f1  __TI_decompress_lzss           
00000899  __TI_decompress_none           
20000004  __TI_dtors_ptr                 
20000008  __TI_enable_exit_profile_output
ffffffff  __TI_pprof_out_hndl            
ffffffff  __TI_prof_data_size            
ffffffff  __TI_prof_data_start           
00000000  __TI_static_base__             
000005e5  __aeabi_memcpy                 
000005e5  __aeabi_memcpy4                
000005e5  __aeabi_memcpy8                
ffffffff  __binit__                      
ffffffff  __c_args__                     
000008b9  __mpu_init                     
2000fe00  __stack                        
0000086d  _args_main                     
00000759  _c_int00                       
2000000c  _lock                          
00000893  _nop                           
0000088b  _register_lock                 
00000885  _register_unlock               
000008bb  _system_post_cinit             
000008b5  _system_pre_init               
20000010  _unlock                        
000007b1  abort                          
ffffffff  binit                          
00000801  copy_in                        
000007b9  exit                           
00000000  interruptVectors               
0000084d  main                           
20000014  main_func_sp                   
000005e5  memcpy                         


GLOBAL SYMBOLS: SORTED BY Symbol Address 

address   name                           
-------   ----                           
00000000  __TI_static_base__             
00000000  interruptVectors               
000000e5  SystemCoreClockUpdate          
00000200  __STACK_SIZE                   
00000359  SystemInit                     
00000411  TIMER_init_raw                 
00000483  TIMER_load_devider             
000004e7  TIMER_begin                    
0000052b  TIMER_pause                    
0000056b  TIMER_reset_raw                
00000579  TIMER_set_callback             
000005ab  TIMER_request                  
000005b9  TIMER_request_repeat           
000005c9  TIMER_kill                     
000005e5  __aeabi_memcpy                 
000005e5  __aeabi_memcpy4                
000005e5  __aeabi_memcpy8                
000005e5  memcpy                         
00000681  __TI_auto_init                 
000006f1  __TI_decompress_lzss           
00000759  _c_int00                       
000007ad  C$$EXIT                        
000007b1  abort                          
000007b9  exit                           
00000801  copy_in                        
0000084d  main                           
0000086d  _args_main                     
00000885  _register_unlock               
0000088b  _register_lock                 
00000893  _nop                           
00000899  __TI_decompress_none           
000008a7  Reset_Handler                  
000008b3  ADC14_IRQHandler               
000008b3  AES256_IRQHandler              
000008b3  BusFault_Handler               
000008b3  COMP_E0_IRQHandler             
000008b3  COMP_E1_IRQHandler             
000008b3  CS_IRQHandler                  
000008b3  DMA_ERR_IRQHandler             
000008b3  DMA_INT0_IRQHandler            
000008b3  DMA_INT1_IRQHandler            
000008b3  DMA_INT2_IRQHandler            
000008b3  DMA_INT3_IRQHandler            
000008b3  DebugMon_Handler               
000008b3  Default_Handler                
000008b3  EUSCIA0_IRQHandler             
000008b3  EUSCIA1_IRQHandler             
000008b3  EUSCIA2_IRQHandler             
000008b3  EUSCIA3_IRQHandler             
000008b3  EUSCIB0_IRQHandler             
000008b3  EUSCIB1_IRQHandler             
000008b3  EUSCIB2_IRQHandler             
000008b3  EUSCIB3_IRQHandler             
000008b3  FLCTL_IRQHandler               
000008b3  FPU_IRQHandler                 
000008b3  HardFault_Handler              
000008b3  MemManage_Handler              
000008b3  NMI_Handler                    
000008b3  PCM_IRQHandler                 
000008b3  PORT1_IRQHandler               
000008b3  PORT2_IRQHandler               
000008b3  PORT3_IRQHandler               
000008b3  PORT4_IRQHandler               
000008b3  PORT5_IRQHandler               
000008b3  PORT6_IRQHandler               
000008b3  PSS_IRQHandler                 
000008b3  PendSV_Handler                 
000008b3  RTC_C_IRQHandler               
000008b3  SVC_Handler                    
000008b3  SysTick_Handler                
000008b3  T32_INT1_IRQHandler            
000008b3  T32_INT2_IRQHandler            
000008b3  T32_INTC_IRQHandler            
000008b3  TA0_0_IRQHandler               
000008b3  TA0_N_IRQHandler               
000008b3  TA1_0_IRQHandler               
000008b3  TA1_N_IRQHandler               
000008b3  TA2_0_IRQHandler               
000008b3  TA2_N_IRQHandler               
000008b3  TA3_0_IRQHandler               
000008b3  TA3_N_IRQHandler               
000008b3  UsageFault_Handler             
000008b3  WDT_A_IRQHandler               
000008b5  _system_pre_init               
000008b9  __mpu_init                     
000008bb  _system_post_cinit             
000008d8  __TI_Handler_Table_Base        
000008e0  __TI_CINIT_Base                
000008e0  __TI_Handler_Table_Limit       
000008e8  __TI_CINIT_Limit               
20000000  __TI_cleanup_ptr               
20000004  __TI_dtors_ptr                 
20000008  __TI_enable_exit_profile_output
2000000c  _lock                          
20000010  _unlock                        
20000014  main_func_sp                   
20000018  SystemCoreClock                
2000fe00  __stack                        
20010000  __STACK_END                    
4000480c  WDTCTL_SYM                     
ffffffff  __TI_pprof_out_hndl            
ffffffff  __TI_prof_data_size            
ffffffff  __TI_prof_data_start           
ffffffff  __binit__                      
ffffffff  __c_args__                     
ffffffff  binit                          
UNDEFED   SHT$$INIT_ARRAY$$Base          
UNDEFED   SHT$$INIT_ARRAY$$Limit         

[108 symbols]
