******************************************************************************
                  TI ARM Linker PC v16.9.1                     
******************************************************************************
>> Linked Tue Jul 25 19:24:38 2017

OUTPUT FILE NAME:   <VOLETRON.out>
ENTRY POINT SYMBOL: "_c_int00"  address: 00001115


MEMORY CONFIGURATION

         name            origin    length      used     unused   attr    fill
----------------------  --------  ---------  --------  --------  ----  --------
  MAIN                  00000000   00040000  000012fe  0003ed02  R  X
  INFO                  00200000   00004000  00000000  00004000  R  X
  SRAM_CODE             01000000   00010000  000007f0  0000f810  RW X
  SRAM_DATA             20000000   00010000  000007f0  0000f810  RW  


SEGMENT ALLOCATION MAP

run origin  load origin   length   init length attrs members
----------  ----------- ---------- ----------- ----- -------
00000000    00000000    00001300   00001300    r-x
  00000000    00000000    000000e4   000000e4    r-- .intvecs
  000000e4    000000e4    0000119a   0000119a    r-x .text
  00001280    00001280    00000040   00000040    r-- .const
  000012c0    000012c0    00000040   00000040    r-- .cinit
20000000    20000000    000005f0   00000000    rw-
  20000000    20000000    00000400   00000000    rw- .sysmem
  20000400    20000400    000001d4   00000000    rw- .bss
  200005d4    200005d4    0000001c   00000000    rw- .data
2000fe00    2000fe00    00000200   00000000    rw-
  2000fe00    2000fe00    00000200   00000000    rw- .stack


SECTION ALLOCATION MAP

 output                                  attributes/
section   page    origin      length       input sections
--------  ----  ----------  ----------   ----------------
.intvecs   0    00000000    000000e4     
                  00000000    000000e4     startup_msp432p401r_ccs.obj (.intvecs:retain)

.binit     0    00000000    00000000     

.text      0    000000e4    0000119a     
                  000000e4    00000a44     timer.obj (.text)
                  00000b28    0000032c     system_msp432p401r.obj (.text)
                  00000e54    0000009c     rtsv7M4_T_le_v4SPD16_eabi.lib : memcpy_t2.obj (.text)
                  00000ef0    0000007a                                   : memset_t2.obj (.text)
                  00000f6a    00000002                                   : mpu_init.obj (.text)
                  00000f6c    00000070                                   : autoinit.obj (.text)
                  00000fdc    0000006c     main.obj (.text)
                  00001048    00000068     rtsv7M4_T_le_v4SPD16_eabi.lib : copy_decompress_lzss.obj (.text:decompress:lzss)
                  000010b0    00000064     msp432p4xx_driverlib.lib : interrupt.o (.text:Interrupt_enableInterrupt)
                  00001114    00000054     rtsv7M4_T_le_v4SPD16_eabi.lib : boot.obj (.text)
                  00001168    00000054                                   : exit.obj (.text)
                  000011bc    0000004c                                   : cpy_tbl.obj (.text)
                  00001208    00000018                                   : args_main.obj (.text)
                  00001220    00000014                                   : _lock.obj (.text)
                  00001234    00000010     msp432p4xx_driverlib.lib : interrupt.o (.text:Interrupt_enableMaster)
                  00001244    0000000e     rtsv7M4_T_le_v4SPD16_eabi.lib : copy_decompress_none.obj (.text:decompress:none)
                  00001252    0000000e     startup_msp432p401r_ccs.obj (.text)
                  00001260    0000000c     msp432p4xx_driverlib.lib : cpu.o (.text:CPU_cpsie)
                  0000126c    0000000c     rtsv7M4_T_le_v4SPD16_eabi.lib : copy_zero_init.obj (.text:decompress:ZI)
                  00001278    00000004                                   : pre_init.obj (.text)
                  0000127c    00000002                                   : startup.obj (.text)

.const     0    00001280    00000040     
                  00001280    00000040     msp432p4xx_driverlib.lib : interrupt.o (.const)

.cinit     0    000012c0    00000040     
                  000012c0    00000015     (.cinit..data.load) [load image, compression = lzss]
                  000012d5    00000003     --HOLE-- [fill = 0]
                  000012d8    0000000c     (__TI_handler_table)
                  000012e4    00000004     --HOLE-- [fill = 0]
                  000012e8    00000008     (.cinit..bss.load) [load image, compression = zero_init]
                  000012f0    00000010     (__TI_cinit_table)

.init_array 
*          0    00000000    00000000     UNINITIALIZED

.sysmem    0    20000000    00000400     UNINITIALIZED
                  20000000    00000008     rtsv7M4_T_le_v4SPD16_eabi.lib : memory.obj (.sysmem)
                  20000008    000003f8     --HOLE--

.bss       0    20000400    000001d4     UNINITIALIZED
                  20000400    000001c0     (.common:TA)
                  200005c0    00000010     timer.obj (.bss)
                  200005d0    00000004     (.common:TA_status)

.data      0    200005d4    0000001c     UNINITIALIZED
                  200005d4    0000000c     rtsv7M4_T_le_v4SPD16_eabi.lib : exit.obj (.data:$O1$$)
                  200005e0    00000008                                   : _lock.obj (.data:$O1$$)
                  200005e8    00000004                                   : stkdepth_vars.obj (.data)
                  200005ec    00000004     system_msp432p401r.obj (.data)

.stack     0    2000fe00    00000200     UNINITIALIZED
                  2000fe00    00000200     --HOLE--

MODULE SUMMARY

       Module                        code   ro data   rw data
       ------                        ----   -------   -------
    .\
       system_msp432p401r.obj        812    0         8      
       startup_msp432p401r_ccs.obj   14     228       0      
       main.obj                      108    0         0      
    +--+-----------------------------+------+---------+---------+
       Total:                        934    228       8      
                                                             
    .\voles\
       timer.obj                     2628   0         936    
    +--+-----------------------------+------+---------+---------+
       Total:                        2628   0         936    
                                                             
    ../msp432p4xx_driverlib.lib
       interrupt.o                   116    64        0      
       cpu.o                         12     0         0      
    +--+-----------------------------+------+---------+---------+
       Total:                        128    64        0      
                                                             
    C:\ti\ccsv7\tools\compiler\ti-cgt-arm_16.9.1.LTS\lib\rtsv7M4_T_le_v4SPD16_eabi.lib
       memcpy_t2.obj                 156    0         0      
       memset_t2.obj                 122    0         0      
       autoinit.obj                  112    0         0      
       exit.obj                      84     0         24     
       copy_decompress_lzss.obj      104    0         0      
       boot.obj                      84     0         0      
       cpy_tbl.obj                   76     0         0      
       _lock.obj                     20     0         16     
       args_main.obj                 24     0         0      
       copy_decompress_none.obj      14     0         0      
       copy_zero_init.obj            12     0         0      
       stkdepth_vars.obj             0      0         8      
       pre_init.obj                  4      0         0      
       mpu_init.obj                  2      0         0      
       startup.obj                   2      0         0      
    +--+-----------------------------+------+---------+---------+
       Total:                        816    0         48     
                                                             
       Heap:                         0      0         2048   
       Stack:                        0      0         1024   
       Linker Generated:             0      57        0      
    +--+-----------------------------+------+---------+---------+
       Grand Total:                  4506   349       4064   


LINKER GENERATED COPY TABLES

__TI_cinit_table @ 000012f0 records: 2, size/record: 8, table size: 16
	.data: load addr=000012c0, load size=00000015 bytes, run addr=200005d4, run size=0000001c bytes, compression=lzss
	.bss: load addr=000012e8, load size=00000008 bytes, run addr=20000400, run size=000001d4 bytes, compression=zero_init


LINKER GENERATED HANDLER TABLE

__TI_handler_table @ 000012d8 records: 3, size/record: 4, table size: 12
	index: 0, handler: __TI_decompress_lzss
	index: 1, handler: __TI_decompress_none
	index: 2, handler: __TI_zero_init


GLOBAL SYMBOLS: SORTED ALPHABETICALLY BY Name 

address   name                           
-------   ----                           
0000125f  ADC14_IRQHandler               
0000125f  AES256_IRQHandler              
0000125f  BusFault_Handler               
00001169  C$$EXIT                        
0000125f  COMP_E0_IRQHandler             
0000125f  COMP_E1_IRQHandler             
00001261  CPU_cpsie                      
0000125f  CS_IRQHandler                  
0000125f  DMA_ERR_IRQHandler             
0000125f  DMA_INT0_IRQHandler            
0000125f  DMA_INT1_IRQHandler            
0000125f  DMA_INT2_IRQHandler            
0000125f  DMA_INT3_IRQHandler            
0000125f  DebugMon_Handler               
0000125f  Default_Handler                
0000125f  EUSCIA0_IRQHandler             
0000125f  EUSCIA1_IRQHandler             
0000125f  EUSCIA2_IRQHandler             
0000125f  EUSCIA3_IRQHandler             
0000125f  EUSCIB0_IRQHandler             
0000125f  EUSCIB1_IRQHandler             
0000125f  EUSCIB2_IRQHandler             
0000125f  EUSCIB3_IRQHandler             
0000125f  FLCTL_IRQHandler               
0000125f  FPU_IRQHandler                 
0000125f  HardFault_Handler              
000010b1  Interrupt_enableInterrupt      
00001235  Interrupt_enableMaster         
0000125f  MemManage_Handler              
0000125f  NMI_Handler                    
0000125f  PCM_IRQHandler                 
0000125f  PORT1_IRQHandler               
0000125f  PORT2_IRQHandler               
0000125f  PORT3_IRQHandler               
0000125f  PORT4_IRQHandler               
0000125f  PORT5_IRQHandler               
0000125f  PORT6_IRQHandler               
0000125f  PSS_IRQHandler                 
0000125f  PendSV_Handler                 
0000125f  RTC_C_IRQHandler               
00001253  Reset_Handler                  
UNDEFED   SHT$$INIT_ARRAY$$Base          
UNDEFED   SHT$$INIT_ARRAY$$Limit         
0000125f  SVC_Handler                    
0000125f  SysTick_Handler                
200005ec  SystemCoreClock                
00000b29  SystemCoreClockUpdate          
00000d9d  SystemInit                     
0000125f  T32_INT1_IRQHandler            
0000125f  T32_INT2_IRQHandler            
0000125f  T32_INTC_IRQHandler            
20000400  TA                             
0000125f  TA0_0_IRQHandler               
000008f9  TA0_N_IRQHandler               
000008f9  TA0_N_IRQHandler               
0000125f  TA1_0_IRQHandler               
00000861  TA1_N_IRQHandler               
00000861  TA1_N_IRQHandler               
0000125f  TA2_0_IRQHandler               
0000099d  TA2_N_IRQHandler               
0000099d  TA2_N_IRQHandler               
0000125f  TA3_0_IRQHandler               
00000a35  TA3_N_IRQHandler               
00000a35  TA3_N_IRQHandler               
200005d0  TA_status                      
00000569  TIMER_begin                    
00000307  TIMER_calculate_deviders_l     
000002b5  TIMER_calculate_deviders_s     
00000859  TIMER_callback_default         
000001e7  TIMER_config                   
00000333  TIMER_config_ccr_raw_cnt       
0000079f  TIMER_config_cnt_raw           
00000167  TIMER_config_l                 
000000e5  TIMER_config_raw               
000007f5  TIMER_init                     
00000791  TIMER_kill                     
000005fd  TIMER_kill_raw                 
000003c1  TIMER_load_devider             
000005b5  TIMER_pause                    
00000705  TIMER_request                  
00000653  TIMER_reset_raw                
000006a9  TIMER_set_callback             
0000125f  UsageFault_Handler             
4000480c  WDTCTL_SYM                     
0000125f  WDT_A_IRQHandler               
20010000  __STACK_END                    
00000200  __STACK_SIZE                   
00000400  __SYSMEM_SIZE                  
000012f0  __TI_CINIT_Base                
00001300  __TI_CINIT_Limit               
000012d8  __TI_Handler_Table_Base        
000012e4  __TI_Handler_Table_Limit       
00000f6d  __TI_auto_init                 
200005d4  __TI_cleanup_ptr               
00001049  __TI_decompress_lzss           
00001245  __TI_decompress_none           
200005d8  __TI_dtors_ptr                 
200005dc  __TI_enable_exit_profile_output
ffffffff  __TI_pprof_out_hndl            
ffffffff  __TI_prof_data_size            
ffffffff  __TI_prof_data_start           
00000000  __TI_static_base__             
0000126d  __TI_zero_init                 
00000ef1  __aeabi_memclr                 
00000ef1  __aeabi_memclr4                
00000ef1  __aeabi_memclr8                
00000e55  __aeabi_memcpy                 
00000e55  __aeabi_memcpy4                
00000e55  __aeabi_memcpy8                
00000ef3  __aeabi_memset                 
00000ef3  __aeabi_memset4                
00000ef3  __aeabi_memset8                
ffffffff  __binit__                      
ffffffff  __c_args__                     
00000f6b  __mpu_init                     
2000fe00  __stack                        
00001209  _args_main                     
00001115  _c_int00                       
200005e0  _lock                          
0000122f  _nop                           
00001227  _register_lock                 
00001221  _register_unlock               
20000000  _sys_memory                    
0000127d  _system_post_cinit             
00001279  _system_pre_init               
200005e4  _unlock                        
0000116d  abort                          
ffffffff  binit                          
000011bd  copy_in                        
00001175  exit                           
00000000  interruptVectors               
00000fdd  main                           
200005e8  main_func_sp                   
00000e55  memcpy                         
00000ef9  memset                         
00001005  test_callback                  
00001011  test_callback1                 
0000101d  test_callback2                 
00001029  test_callback3                 


GLOBAL SYMBOLS: SORTED BY Symbol Address 

address   name                           
-------   ----                           
00000000  __TI_static_base__             
00000000  interruptVectors               
000000e5  TIMER_config_raw               
00000167  TIMER_config_l                 
000001e7  TIMER_config                   
00000200  __STACK_SIZE                   
000002b5  TIMER_calculate_deviders_s     
00000307  TIMER_calculate_deviders_l     
00000333  TIMER_config_ccr_raw_cnt       
000003c1  TIMER_load_devider             
00000400  __SYSMEM_SIZE                  
00000569  TIMER_begin                    
000005b5  TIMER_pause                    
000005fd  TIMER_kill_raw                 
00000653  TIMER_reset_raw                
000006a9  TIMER_set_callback             
00000705  TIMER_request                  
00000791  TIMER_kill                     
0000079f  TIMER_config_cnt_raw           
000007f5  TIMER_init                     
00000859  TIMER_callback_default         
00000861  TA1_N_IRQHandler               
00000861  TA1_N_IRQHandler               
000008f9  TA0_N_IRQHandler               
000008f9  TA0_N_IRQHandler               
0000099d  TA2_N_IRQHandler               
0000099d  TA2_N_IRQHandler               
00000a35  TA3_N_IRQHandler               
00000a35  TA3_N_IRQHandler               
00000b29  SystemCoreClockUpdate          
00000d9d  SystemInit                     
00000e55  __aeabi_memcpy                 
00000e55  __aeabi_memcpy4                
00000e55  __aeabi_memcpy8                
00000e55  memcpy                         
00000ef1  __aeabi_memclr                 
00000ef1  __aeabi_memclr4                
00000ef1  __aeabi_memclr8                
00000ef3  __aeabi_memset                 
00000ef3  __aeabi_memset4                
00000ef3  __aeabi_memset8                
00000ef9  memset                         
00000f6b  __mpu_init                     
00000f6d  __TI_auto_init                 
00000fdd  main                           
00001005  test_callback                  
00001011  test_callback1                 
0000101d  test_callback2                 
00001029  test_callback3                 
00001049  __TI_decompress_lzss           
000010b1  Interrupt_enableInterrupt      
00001115  _c_int00                       
00001169  C$$EXIT                        
0000116d  abort                          
00001175  exit                           
000011bd  copy_in                        
00001209  _args_main                     
00001221  _register_unlock               
00001227  _register_lock                 
0000122f  _nop                           
00001235  Interrupt_enableMaster         
00001245  __TI_decompress_none           
00001253  Reset_Handler                  
0000125f  ADC14_IRQHandler               
0000125f  AES256_IRQHandler              
0000125f  BusFault_Handler               
0000125f  COMP_E0_IRQHandler             
0000125f  COMP_E1_IRQHandler             
0000125f  CS_IRQHandler                  
0000125f  DMA_ERR_IRQHandler             
0000125f  DMA_INT0_IRQHandler            
0000125f  DMA_INT1_IRQHandler            
0000125f  DMA_INT2_IRQHandler            
0000125f  DMA_INT3_IRQHandler            
0000125f  DebugMon_Handler               
0000125f  Default_Handler                
0000125f  EUSCIA0_IRQHandler             
0000125f  EUSCIA1_IRQHandler             
0000125f  EUSCIA2_IRQHandler             
0000125f  EUSCIA3_IRQHandler             
0000125f  EUSCIB0_IRQHandler             
0000125f  EUSCIB1_IRQHandler             
0000125f  EUSCIB2_IRQHandler             
0000125f  EUSCIB3_IRQHandler             
0000125f  FLCTL_IRQHandler               
0000125f  FPU_IRQHandler                 
0000125f  HardFault_Handler              
0000125f  MemManage_Handler              
0000125f  NMI_Handler                    
0000125f  PCM_IRQHandler                 
0000125f  PORT1_IRQHandler               
0000125f  PORT2_IRQHandler               
0000125f  PORT3_IRQHandler               
0000125f  PORT4_IRQHandler               
0000125f  PORT5_IRQHandler               
0000125f  PORT6_IRQHandler               
0000125f  PSS_IRQHandler                 
0000125f  PendSV_Handler                 
0000125f  RTC_C_IRQHandler               
0000125f  SVC_Handler                    
0000125f  SysTick_Handler                
0000125f  T32_INT1_IRQHandler            
0000125f  T32_INT2_IRQHandler            
0000125f  T32_INTC_IRQHandler            
0000125f  TA0_0_IRQHandler               
0000125f  TA1_0_IRQHandler               
0000125f  TA2_0_IRQHandler               
0000125f  TA3_0_IRQHandler               
0000125f  UsageFault_Handler             
0000125f  WDT_A_IRQHandler               
00001261  CPU_cpsie                      
0000126d  __TI_zero_init                 
00001279  _system_pre_init               
0000127d  _system_post_cinit             
000012d8  __TI_Handler_Table_Base        
000012e4  __TI_Handler_Table_Limit       
000012f0  __TI_CINIT_Base                
00001300  __TI_CINIT_Limit               
20000000  _sys_memory                    
20000400  TA                             
200005d0  TA_status                      
200005d4  __TI_cleanup_ptr               
200005d8  __TI_dtors_ptr                 
200005dc  __TI_enable_exit_profile_output
200005e0  _lock                          
200005e4  _unlock                        
200005e8  main_func_sp                   
200005ec  SystemCoreClock                
2000fe00  __stack                        
20010000  __STACK_END                    
4000480c  WDTCTL_SYM                     
ffffffff  __TI_pprof_out_hndl            
ffffffff  __TI_prof_data_size            
ffffffff  __TI_prof_data_start           
ffffffff  __binit__                      
ffffffff  __c_args__                     
ffffffff  binit                          
UNDEFED   SHT$$INIT_ARRAY$$Base          
UNDEFED   SHT$$INIT_ARRAY$$Limit         

[139 symbols]
