******************************************************************************
                  TI ARM Linker PC v16.9.1                     
******************************************************************************
>> Linked Wed Oct 18 19:05:49 2017

OUTPUT FILE NAME:   <VOLETRON.out>
ENTRY POINT SYMBOL: "_c_int00"  address: 0000256d


MEMORY CONFIGURATION

         name            origin    length      used     unused   attr    fill
----------------------  --------  ---------  --------  --------  ----  --------
  MAIN                  00000000   00040000  000028c0  0003d740  R  X
  INFO                  00200000   00004000  00000000  00004000  R  X
  SRAM_CODE             01000000   00010000  00000981  0000f67f  RW X
  SRAM_DATA             20000000   00010000  00000981  0000f67f  RW  


SEGMENT ALLOCATION MAP

run origin  load origin   length   init length attrs members
----------  ----------- ---------- ----------- ----- -------
00000000    00000000    000028c0   000028c0    r-x
  00000000    00000000    000000e4   000000e4    r-- .intvecs
  000000e4    000000e4    00002708   00002708    r-x .text
  000027ec    000027ec    00000064   00000064    r-- .const
  00002850    00002850    00000070   00000070    r-- .cinit
20000000    20000000    00000782   00000000    rw-
  20000000    20000000    00000400   00000000    rw- .sysmem
  20000400    20000400    00000327   00000000    rw- .bss
  20000728    20000728    0000005a   00000000    rw- .data
2000fe00    2000fe00    00000200   00000000    rw-
  2000fe00    2000fe00    00000200   00000000    rw- .stack


SECTION ALLOCATION MAP

 output                                  attributes/
section   page    origin      length       input sections
--------  ----  ----------  ----------   ----------------
.intvecs   0    00000000    000000e4     
                  00000000    000000e4     startup_msp432p401r_ccs.obj (.intvecs:retain)

.binit     0    00000000    00000000     

.text      0    000000e4    00002708     
                  000000e4    00000ae4     timer.obj (.text)
                  00000bc8    00000580     custom_uart.obj (.text)
                  00001148    000003d0     rtsv7M4_T_le_v4SPD16_eabi.lib : memory.obj (.text)
                  00001518    0000032c     system_msp432p401r.obj (.text)
                  00001844    00000324     debounce.obj (.text)
                  00001b68    00000288     main.obj (.text)
                  00001df0    00000284     rfid.obj (.text)
                  00002074    0000012e     circbuf.obj (.text)
                  000021a2    00000002     rtsv7M4_T_le_v4SPD16_eabi.lib : mpu_init.obj (.text)
                  000021a4    000000e0     beambreak.obj (.text)
                  00002284    0000009c     rtsv7M4_T_le_v4SPD16_eabi.lib : memcpy_t2.obj (.text)
                  00002320    00000094     msp432p4xx_driverlib.lib : uart.o (.text:UART_initModule)
                  000023b4    0000007a     rtsv7M4_T_le_v4SPD16_eabi.lib : memset_t2.obj (.text)
                  0000242e    00000002                                   : startup.obj (.text)
                  00002430    00000070                                   : autoinit.obj (.text)
                  000024a0    00000068                                   : copy_decompress_lzss.obj (.text:decompress:lzss)
                  00002508    00000064     msp432p4xx_driverlib.lib : interrupt.o (.text:Interrupt_enableInterrupt)
                  0000256c    00000054     rtsv7M4_T_le_v4SPD16_eabi.lib : boot.obj (.text)
                  000025c0    00000054                                   : exit.obj (.text)
                  00002614    0000004c                                   : cpy_tbl.obj (.text)
                  00002660    00000048     msp432p4xx_driverlib.lib : gpio.o (.text:GPIO_setAsPeripheralModuleFunctionInputPin)
                  000026a8    00000024                              : cs.o (.text:CS_setDCOCenteredFrequency)
                  000026cc    00000024                              : uart.o (.text:UART_receiveData)
                  000026f0    00000024                              : uart.o (.text:UART_transmitData)
                  00002714    00000018                              : gpio.o (.text:GPIO_getInputPinValue)
                  0000272c    00000018     rtsv7M4_T_le_v4SPD16_eabi.lib : args_main.obj (.text)
                  00002744    00000016     msp432p4xx_driverlib.lib : uart.o (.text:UART_enableInterrupt)
                  0000275a    00000002     --HOLE-- [fill = 0]
                  0000275c    00000014     rtsv7M4_T_le_v4SPD16_eabi.lib : _lock.obj (.text)
                  00002770    00000010     msp432p4xx_driverlib.lib : interrupt.o (.text:Interrupt_disableMaster)
                  00002780    00000010                              : interrupt.o (.text:Interrupt_enableMaster)
                  00002790    0000000e     rtsv7M4_T_le_v4SPD16_eabi.lib : copy_decompress_none.obj (.text:decompress:none)
                  0000279e    0000000e     startup_msp432p401r_ccs.obj (.text)
                  000027ac    0000000c     msp432p4xx_driverlib.lib : cpu.o (.text:CPU_cpsid)
                  000027b8    0000000c                              : cpu.o (.text:CPU_cpsie)
                  000027c4    0000000c                              : uart.o (.text:UART_disableModule)
                  000027d0    0000000c                              : uart.o (.text:UART_enableModule)
                  000027dc    0000000c     rtsv7M4_T_le_v4SPD16_eabi.lib : copy_zero_init.obj (.text:decompress:ZI)
                  000027e8    00000004                                   : pre_init.obj (.text)

.const     0    000027ec    00000064     
                  000027ec    00000040     msp432p4xx_driverlib.lib : interrupt.o (.const)
                  0000282c    00000024     custom_uart.obj (.const:$P$T0$1)

.cinit     0    00002850    00000070     
                  00002850    00000045     (.cinit..data.load) [load image, compression = lzss]
                  00002895    00000003     --HOLE-- [fill = 0]
                  00002898    0000000c     (__TI_handler_table)
                  000028a4    00000004     --HOLE-- [fill = 0]
                  000028a8    00000008     (.cinit..bss.load) [load image, compression = zero_init]
                  000028b0    00000010     (__TI_cinit_table)

.init_array 
*          0    00000000    00000000     UNINITIALIZED

.sysmem    0    20000000    00000400     UNINITIALIZED
                  20000000    00000008     rtsv7M4_T_le_v4SPD16_eabi.lib : memory.obj (.sysmem)
                  20000008    000003f8     --HOLE--

.bss       0    20000400    00000327     UNINITIALIZED
                  20000400    000001c0     (.common:TA)
                  200005c0    00000060     (.common:current_task_data)
                  20000620    00000040     (.common:rfid_preasent_tags)
                  20000660    00000040     (.common:uart_rx_buf)
                  200006a0    00000040     (.common:uart_tx_buf)
                  200006e0    00000010     timer.obj (.bss)
                  200006f0    00000010     (.common:callback_np)
                  20000700    00000008     (.common:db_timeout)
                  20000708    00000008     (.common:prelim_beep)
                  20000710    00000008     (.common:uart_timeout_id)
                  20000718    00000004     (.common:TA_status)
                  2000071c    00000004     (.common:tx_array_size)
                  20000720    00000004     (.common:tx_progress)
                  20000724    00000001     (.common:bbreak_flg)
                  20000725    00000001     (.common:port4_linkers)
                  20000726    00000001     (.common:test_cnt)

.data      0    20000728    0000005a     UNINITIALIZED
                  20000728    00000030     msp432p4xx_driverlib.lib : gpio.o (.data:GPIO_PORT_TO_BASE)
                  20000758    0000000c     rtsv7M4_T_le_v4SPD16_eabi.lib : exit.obj (.data:$O1$$)
                  20000764    0000000c                                   : memory.obj (.data:$O1$$)
                  20000770    00000008                                   : _lock.obj (.data:$O1$$)
                  20000778    00000004                                   : stkdepth_vars.obj (.data)
                  2000077c    00000004     system_msp432p401r.obj (.data)
                  20000780    00000001     custom_uart.obj (.data)
                  20000781    00000001     main.obj (.data)

.stack     0    2000fe00    00000200     UNINITIALIZED
                  2000fe00    00000200     --HOLE--

MODULE SUMMARY

       Module                        code   ro data   rw data
       ------                        ----   -------   -------
    .\
       system_msp432p401r.obj        812    0         8      
       main.obj                      648    0         20     
       startup_msp432p401r_ccs.obj   14     228       0      
    +--+-----------------------------+------+---------+---------+
       Total:                        1474   228       28     
                                                             
    .\voles\
       timer.obj                     2788   0         936    
       custom_uart.obj               1408   36        290    
       debounce.obj                  804    0         210    
       rfid.obj                      644    0         128    
       circbuf.obj                   302    0         0      
       beambreak.obj                 224    0         34     
    +--+-----------------------------+------+---------+---------+
       Total:                        6170   36        1598   
                                                             
    ../msp432p4xx_driverlib.lib
       uart.o                        266    0         0      
       interrupt.o                   132    64        0      
       gpio.o                        96     0         96     
       cs.o                          36     0         0      
       cpu.o                         24     0         0      
    +--+-----------------------------+------+---------+---------+
       Total:                        554    64        96     
                                                             
    C:\ti\ccsv7\tools\compiler\ti-cgt-arm_16.9.1.LTS\lib\rtsv7M4_T_le_v4SPD16_eabi.lib
       memory.obj                    976    0         24     
       memcpy_t2.obj                 156    0         0      
       memset_t2.obj                 122    0         0      
       autoinit.obj                  112    0         0      
       exit.obj                      84     0         24     
       copy_decompress_lzss.obj      104    0         0      
       boot.obj                      84     0         0      
       cpy_tbl.obj                   76     0         0      
       _lock.obj                     20     0         16     
       args_main.obj                 24     0         0      
       copy_decompress_none.obj      14     0         0      
       copy_zero_init.obj            12     0         0      
       stkdepth_vars.obj             0      0         8      
       pre_init.obj                  4      0         0      
       mpu_init.obj                  2      0         0      
       startup.obj                   2      0         0      
    +--+-----------------------------+------+---------+---------+
       Total:                        1792   0         72     
                                                             
       Heap:                         0      0         2048   
       Stack:                        0      0         1024   
       Linker Generated:             0      105       0      
    +--+-----------------------------+------+---------+---------+
       Grand Total:                  9990   433       4866   


LINKER GENERATED COPY TABLES

__TI_cinit_table @ 000028b0 records: 2, size/record: 8, table size: 16
	.data: load addr=00002850, load size=00000045 bytes, run addr=20000728, run size=0000005a bytes, compression=lzss
	.bss: load addr=000028a8, load size=00000008 bytes, run addr=20000400, run size=00000327 bytes, compression=zero_init


LINKER GENERATED HANDLER TABLE

__TI_handler_table @ 00002898 records: 3, size/record: 4, table size: 12
	index: 0, handler: __TI_decompress_lzss
	index: 1, handler: __TI_decompress_none
	index: 2, handler: __TI_zero_init


GLOBAL SYMBOLS: SORTED ALPHABETICALLY BY Name 

address   name                                      
-------   ----                                      
000027ab  ADC14_IRQHandler                          
000027ab  AES256_IRQHandler                         
00002241  BBREAK_check                              
000021fb  BBREAK_debounce                           
000021a5  BBREAK_init                               
000027ab  BusFault_Handler                          
000025c1  C$$EXIT                                   
00002171  CIRCBUF_delete                            
00002075  CIRCBUF_init                              
0000211d  CIRCBUF_pop                               
000020c1  CIRCBUF_push                              
00002189  CIRCBUF_read                              
000027ab  COMP_E0_IRQHandler                        
000027ab  COMP_E1_IRQHandler                        
000027ad  CPU_cpsid                                 
000027b9  CPU_cpsie                                 
000027ab  CS_IRQHandler                             
000026a9  CS_setDCOCenteredFrequency                
00001877  DEBOUNCE_callback                         
00001845  DEBOUNCE_clear_data                       
00001a6b  DEBOUNCE_repeater                         
0000198b  DEBOUNCE_request                          
00001a51  DEBOUNCE_timeout                          
000027ab  DMA_ERR_IRQHandler                        
000027ab  DMA_INT0_IRQHandler                       
000027ab  DMA_INT1_IRQHandler                       
000027ab  DMA_INT2_IRQHandler                       
000027ab  DMA_INT3_IRQHandler                       
000027ab  DebugMon_Handler                          
000027ab  Default_Handler                           
00000ecd  EUSCIA0_IRQHandler                        
00000ecd  EUSCIA0_IRQHandler                        
00000f49  EUSCIA1_IRQHandler                        
00000f49  EUSCIA1_IRQHandler                        
00000f93  EUSCIA2_IRQHandler                        
00000f93  EUSCIA2_IRQHandler                        
00000fe1  EUSCIA3_IRQHandler                        
00000fe1  EUSCIA3_IRQHandler                        
000027ab  EUSCIB0_IRQHandler                        
000027ab  EUSCIB1_IRQHandler                        
000027ab  EUSCIB2_IRQHandler                        
000027ab  EUSCIB3_IRQHandler                        
000027ab  FLCTL_IRQHandler                          
000027ab  FPU_IRQHandler                            
00002715  GPIO_getInputPinValue                     
00002661  GPIO_setAsPeripheralModuleFunctionInputPin
000027ab  HardFault_Handler                         
00002771  Interrupt_disableMaster                   
00002509  Interrupt_enableInterrupt                 
00002781  Interrupt_enableMaster                    
000027ab  MemManage_Handler                         
000027ab  NMI_Handler                               
000027ab  PCM_IRQHandler                            
00001c85  PORT1_IRQHandler                          
00001c85  PORT1_IRQHandler                          
00001d13  PORT2_IRQHandler                          
00001d13  PORT2_IRQHandler                          
000027ab  PORT3_IRQHandler                          
00002251  PORT4_IRQHandler                          
00002251  PORT4_IRQHandler                          
000027ab  PORT5_IRQHandler                          
000027ab  PORT6_IRQHandler                          
000027ab  PSS_IRQHandler                            
000027ab  PendSV_Handler                            
00001e9b  RFID_config_1_out_of_156_ppm              
00001eb5  RFID_config_agc_toggle                    
00001ecf  RFID_config_ampm_toggle                   
00001e3f  RFID_config_enable_external_antenna       
00001e25  RFID_config_enable_internal_antenna       
00001e0b  RFID_config_max_power_4to1mod             
00001e59  RFID_config_the_example                   
00001f81  RFID_init                                 
00001f13  RFID_parse                                
00001df1  RFID_ping                                 
00001ee9  RFID_ssir                                 
00001f03  RFID_xsir                                 
000027ab  RTC_C_IRQHandler                          
0000279f  Reset_Handler                             
UNDEFED   SHT$$INIT_ARRAY$$Base                     
UNDEFED   SHT$$INIT_ARRAY$$Limit                    
000027ab  SVC_Handler                               
000027ab  SysTick_Handler                           
2000077c  SystemCoreClock                           
00001519  SystemCoreClockUpdate                     
0000178d  SystemInit                                
000027ab  T32_INT1_IRQHandler                       
000027ab  T32_INT2_IRQHandler                       
000027ab  T32_INTC_IRQHandler                       
20000400  TA                                        
000027ab  TA0_0_IRQHandler                          
0000099d  TA0_N_IRQHandler                          
0000099d  TA0_N_IRQHandler                          
000027ab  TA1_0_IRQHandler                          
00000905  TA1_N_IRQHandler                          
00000905  TA1_N_IRQHandler                          
000027ab  TA2_0_IRQHandler                          
00000a37  TA2_N_IRQHandler                          
00000a37  TA2_N_IRQHandler                          
000027ab  TA3_0_IRQHandler                          
00000acf  TA3_N_IRQHandler                          
00000acf  TA3_N_IRQHandler                          
20000718  TA_status                                 
00000569  TIMER_begin                               
00000309  TIMER_calculate_deviders_l                
000002b5  TIMER_calculate_deviders_s                
000008f7  TIMER_callback_default                    
000001e7  TIMER_config                              
00000335  TIMER_config_ccr_raw_cnt                  
00000845  TIMER_config_cnt_raw                      
00000167  TIMER_config_l                            
000000e5  TIMER_config_raw                          
00000b67  TIMER_default_callback                    
00000897  TIMER_init                                
00000823  TIMER_kill                                
000005fd  TIMER_kill_raw                            
000003c1  TIMER_load_devider                        
000005b5  TIMER_pause                               
00000787  TIMER_request                             
000006d5  TIMER_reset_raw                           
0000072b  TIMER_set_callback                        
000027c5  UART_disableModule                        
00002745  UART_enableInterrupt                      
000027d1  UART_enableModule                         
00002321  UART_initModule                           
000026cd  UART_receiveData                          
000026f1  UART_transmitData                         
000027ab  UsageFault_Handler                        
00000bc9  VUART_init                                
00001035  VUART_peripheral_response_timeout         
000010d1  VUART_timeout_callback                    
00000e05  VUART_tx_buf                              
00000ceb  VUART_tx_byte                             
00000d1d  VUART_tx_string                           
4000480c  WDTCTL_SYM                                
000027ab  WDT_A_IRQHandler                          
20010000  __STACK_END                               
00000200  __STACK_SIZE                              
00000400  __SYSMEM_SIZE                             
000028b0  __TI_CINIT_Base                           
000028c0  __TI_CINIT_Limit                          
00002898  __TI_Handler_Table_Base                   
000028a4  __TI_Handler_Table_Limit                  
00002431  __TI_auto_init                            
20000758  __TI_cleanup_ptr                          
000024a1  __TI_decompress_lzss                      
00002791  __TI_decompress_none                      
2000075c  __TI_dtors_ptr                            
20000760  __TI_enable_exit_profile_output           
ffffffff  __TI_pprof_out_hndl                       
ffffffff  __TI_prof_data_size                       
ffffffff  __TI_prof_data_start                      
00000000  __TI_static_base__                        
000027dd  __TI_zero_init                            
000023b5  __aeabi_memclr                            
000023b5  __aeabi_memclr4                           
000023b5  __aeabi_memclr8                           
00002285  __aeabi_memcpy                            
00002285  __aeabi_memcpy4                           
00002285  __aeabi_memcpy8                           
000023b7  __aeabi_memset                            
000023b7  __aeabi_memset4                           
000023b7  __aeabi_memset8                           
ffffffff  __binit__                                 
ffffffff  __c_args__                                
000021a3  __mpu_init                                
2000fe00  __stack                                   
0000272d  _args_main                                
0000256d  _c_int00                                  
20000770  _lock                                     
0000276b  _nop                                      
00002763  _register_lock                            
0000275d  _register_unlock                          
20000000  _sys_memory                               
0000242f  _system_post_cinit                        
000027e9  _system_pre_init                          
20000774  _unlock                                   
000025c5  abort                                     
20000724  bbreak_flg                                
00001d71  beep                                      
ffffffff  binit                                     
200006f0  callback_np                               
000014e9  calloc                                    
20000781  cb_ctr_debug_deboucne                     
00002615  copy_in                                   
200005c0  current_task_data                         
20000700  db_timeout                                
000025cd  exit                                      
00001233  free                                      
00000000  interruptVectors                          
00001b69  main                                      
20000778  main_func_sp                              
000011c9  malloc                                    
000013fd  memalign                                  
00002285  memcpy                                    
000023bd  memset                                    
00001149  minit                                     
20000725  port4_linkers                             
20000708  prelim_beep                               
000012f5  realloc                                   
20000780  recieve_flg_rfid                          
20000620  rfid_preasent_tags                        
00001c5d  test_callback                             
00001c6f  test_callback1                            
00001c81  test_callback2                            
00001c83  test_callback3                            
20000726  test_cnt                                  
2000071c  tx_array_size                             
20000720  tx_progress                               
20000660  uart_rx_buf                               
20000710  uart_timeout_id                           
200006a0  uart_tx_buf                               


GLOBAL SYMBOLS: SORTED BY Symbol Address 

address   name                                      
-------   ----                                      
00000000  __TI_static_base__                        
00000000  interruptVectors                          
000000e5  TIMER_config_raw                          
00000167  TIMER_config_l                            
000001e7  TIMER_config                              
00000200  __STACK_SIZE                              
000002b5  TIMER_calculate_deviders_s                
00000309  TIMER_calculate_deviders_l                
00000335  TIMER_config_ccr_raw_cnt                  
000003c1  TIMER_load_devider                        
00000400  __SYSMEM_SIZE                             
00000569  TIMER_begin                               
000005b5  TIMER_pause                               
000005fd  TIMER_kill_raw                            
000006d5  TIMER_reset_raw                           
0000072b  TIMER_set_callback                        
00000787  TIMER_request                             
00000823  TIMER_kill                                
00000845  TIMER_config_cnt_raw                      
00000897  TIMER_init                                
000008f7  TIMER_callback_default                    
00000905  TA1_N_IRQHandler                          
00000905  TA1_N_IRQHandler                          
0000099d  TA0_N_IRQHandler                          
0000099d  TA0_N_IRQHandler                          
00000a37  TA2_N_IRQHandler                          
00000a37  TA2_N_IRQHandler                          
00000acf  TA3_N_IRQHandler                          
00000acf  TA3_N_IRQHandler                          
00000b67  TIMER_default_callback                    
00000bc9  VUART_init                                
00000ceb  VUART_tx_byte                             
00000d1d  VUART_tx_string                           
00000e05  VUART_tx_buf                              
00000ecd  EUSCIA0_IRQHandler                        
00000ecd  EUSCIA0_IRQHandler                        
00000f49  EUSCIA1_IRQHandler                        
00000f49  EUSCIA1_IRQHandler                        
00000f93  EUSCIA2_IRQHandler                        
00000f93  EUSCIA2_IRQHandler                        
00000fe1  EUSCIA3_IRQHandler                        
00000fe1  EUSCIA3_IRQHandler                        
00001035  VUART_peripheral_response_timeout         
000010d1  VUART_timeout_callback                    
00001149  minit                                     
000011c9  malloc                                    
00001233  free                                      
000012f5  realloc                                   
000013fd  memalign                                  
000014e9  calloc                                    
00001519  SystemCoreClockUpdate                     
0000178d  SystemInit                                
00001845  DEBOUNCE_clear_data                       
00001877  DEBOUNCE_callback                         
0000198b  DEBOUNCE_request                          
00001a51  DEBOUNCE_timeout                          
00001a6b  DEBOUNCE_repeater                         
00001b69  main                                      
00001c5d  test_callback                             
00001c6f  test_callback1                            
00001c81  test_callback2                            
00001c83  test_callback3                            
00001c85  PORT1_IRQHandler                          
00001c85  PORT1_IRQHandler                          
00001d13  PORT2_IRQHandler                          
00001d13  PORT2_IRQHandler                          
00001d71  beep                                      
00001df1  RFID_ping                                 
00001e0b  RFID_config_max_power_4to1mod             
00001e25  RFID_config_enable_internal_antenna       
00001e3f  RFID_config_enable_external_antenna       
00001e59  RFID_config_the_example                   
00001e9b  RFID_config_1_out_of_156_ppm              
00001eb5  RFID_config_agc_toggle                    
00001ecf  RFID_config_ampm_toggle                   
00001ee9  RFID_ssir                                 
00001f03  RFID_xsir                                 
00001f13  RFID_parse                                
00001f81  RFID_init                                 
00002075  CIRCBUF_init                              
000020c1  CIRCBUF_push                              
0000211d  CIRCBUF_pop                               
00002171  CIRCBUF_delete                            
00002189  CIRCBUF_read                              
000021a3  __mpu_init                                
000021a5  BBREAK_init                               
000021fb  BBREAK_debounce                           
00002241  BBREAK_check                              
00002251  PORT4_IRQHandler                          
00002251  PORT4_IRQHandler                          
00002285  __aeabi_memcpy                            
00002285  __aeabi_memcpy4                           
00002285  __aeabi_memcpy8                           
00002285  memcpy                                    
00002321  UART_initModule                           
000023b5  __aeabi_memclr                            
000023b5  __aeabi_memclr4                           
000023b5  __aeabi_memclr8                           
000023b7  __aeabi_memset                            
000023b7  __aeabi_memset4                           
000023b7  __aeabi_memset8                           
000023bd  memset                                    
0000242f  _system_post_cinit                        
00002431  __TI_auto_init                            
000024a1  __TI_decompress_lzss                      
00002509  Interrupt_enableInterrupt                 
0000256d  _c_int00                                  
000025c1  C$$EXIT                                   
000025c5  abort                                     
000025cd  exit                                      
00002615  copy_in                                   
00002661  GPIO_setAsPeripheralModuleFunctionInputPin
000026a9  CS_setDCOCenteredFrequency                
000026cd  UART_receiveData                          
000026f1  UART_transmitData                         
00002715  GPIO_getInputPinValue                     
0000272d  _args_main                                
00002745  UART_enableInterrupt                      
0000275d  _register_unlock                          
00002763  _register_lock                            
0000276b  _nop                                      
00002771  Interrupt_disableMaster                   
00002781  Interrupt_enableMaster                    
00002791  __TI_decompress_none                      
0000279f  Reset_Handler                             
000027ab  ADC14_IRQHandler                          
000027ab  AES256_IRQHandler                         
000027ab  BusFault_Handler                          
000027ab  COMP_E0_IRQHandler                        
000027ab  COMP_E1_IRQHandler                        
000027ab  CS_IRQHandler                             
000027ab  DMA_ERR_IRQHandler                        
000027ab  DMA_INT0_IRQHandler                       
000027ab  DMA_INT1_IRQHandler                       
000027ab  DMA_INT2_IRQHandler                       
000027ab  DMA_INT3_IRQHandler                       
000027ab  DebugMon_Handler                          
000027ab  Default_Handler                           
000027ab  EUSCIB0_IRQHandler                        
000027ab  EUSCIB1_IRQHandler                        
000027ab  EUSCIB2_IRQHandler                        
000027ab  EUSCIB3_IRQHandler                        
000027ab  FLCTL_IRQHandler                          
000027ab  FPU_IRQHandler                            
000027ab  HardFault_Handler                         
000027ab  MemManage_Handler                         
000027ab  NMI_Handler                               
000027ab  PCM_IRQHandler                            
000027ab  PORT3_IRQHandler                          
000027ab  PORT5_IRQHandler                          
000027ab  PORT6_IRQHandler                          
000027ab  PSS_IRQHandler                            
000027ab  PendSV_Handler                            
000027ab  RTC_C_IRQHandler                          
000027ab  SVC_Handler                               
000027ab  SysTick_Handler                           
000027ab  T32_INT1_IRQHandler                       
000027ab  T32_INT2_IRQHandler                       
000027ab  T32_INTC_IRQHandler                       
000027ab  TA0_0_IRQHandler                          
000027ab  TA1_0_IRQHandler                          
000027ab  TA2_0_IRQHandler                          
000027ab  TA3_0_IRQHandler                          
000027ab  UsageFault_Handler                        
000027ab  WDT_A_IRQHandler                          
000027ad  CPU_cpsid                                 
000027b9  CPU_cpsie                                 
000027c5  UART_disableModule                        
000027d1  UART_enableModule                         
000027dd  __TI_zero_init                            
000027e9  _system_pre_init                          
00002898  __TI_Handler_Table_Base                   
000028a4  __TI_Handler_Table_Limit                  
000028b0  __TI_CINIT_Base                           
000028c0  __TI_CINIT_Limit                          
20000000  _sys_memory                               
20000400  TA                                        
200005c0  current_task_data                         
20000620  rfid_preasent_tags                        
20000660  uart_rx_buf                               
200006a0  uart_tx_buf                               
200006f0  callback_np                               
20000700  db_timeout                                
20000708  prelim_beep                               
20000710  uart_timeout_id                           
20000718  TA_status                                 
2000071c  tx_array_size                             
20000720  tx_progress                               
20000724  bbreak_flg                                
20000725  port4_linkers                             
20000726  test_cnt                                  
20000758  __TI_cleanup_ptr                          
2000075c  __TI_dtors_ptr                            
20000760  __TI_enable_exit_profile_output           
20000770  _lock                                     
20000774  _unlock                                   
20000778  main_func_sp                              
2000077c  SystemCoreClock                           
20000780  recieve_flg_rfid                          
20000781  cb_ctr_debug_deboucne                     
2000fe00  __stack                                   
20010000  __STACK_END                               
4000480c  WDTCTL_SYM                                
ffffffff  __TI_pprof_out_hndl                       
ffffffff  __TI_prof_data_size                       
ffffffff  __TI_prof_data_start                      
ffffffff  __binit__                                 
ffffffff  __c_args__                                
ffffffff  binit                                     
UNDEFED   SHT$$INIT_ARRAY$$Base                     
UNDEFED   SHT$$INIT_ARRAY$$Limit                    

[211 symbols]
