<?xml version="1.0"?>
<link_info>
   <banner>TI ARM Linker PC v16.9.1.LTS</banner>
   <copyright>Copyright (c) 1996-2015 Texas Instruments Incorporated</copyright>
   <link_time>0x5980e445</link_time>
   <link_errors>0x0</link_errors>
   <output_file>VOLETRON.out</output_file>
   <entry_point>
      <name>_c_int00</name>
      <address>0x17d5</address>
   </entry_point>
   <input_file_list>
      <input_file id="fl-2">
         <path>.\</path>
         <kind>object</kind>
         <file>main.obj</file>
         <name>main.obj</name>
      </input_file>
      <input_file id="fl-3">
         <path>.\</path>
         <kind>object</kind>
         <file>startup_msp432p401r_ccs.obj</file>
         <name>startup_msp432p401r_ccs.obj</name>
      </input_file>
      <input_file id="fl-4">
         <path>.\</path>
         <kind>object</kind>
         <file>system_msp432p401r.obj</file>
         <name>system_msp432p401r.obj</name>
      </input_file>
      <input_file id="fl-5">
         <path>.\voles\</path>
         <kind>object</kind>
         <file>beambreak.obj</file>
         <name>beambreak.obj</name>
      </input_file>
      <input_file id="fl-6">
         <path>.\voles\</path>
         <kind>object</kind>
         <file>circbuf.obj</file>
         <name>circbuf.obj</name>
      </input_file>
      <input_file id="fl-7">
         <path>.\voles\</path>
         <kind>object</kind>
         <file>custom_uart.obj</file>
         <name>custom_uart.obj</name>
      </input_file>
      <input_file id="fl-8">
         <path>.\voles\</path>
         <kind>object</kind>
         <file>debounce.obj</file>
         <name>debounce.obj</name>
      </input_file>
      <input_file id="fl-9">
         <path>.\voles\</path>
         <kind>object</kind>
         <file>timer.obj</file>
         <name>timer.obj</name>
      </input_file>
      <input_file id="fl-f">
         <path>..\</path>
         <kind>archive</kind>
         <file>msp432p4xx_driverlib.lib</file>
         <name>cs.o</name>
      </input_file>
      <input_file id="fl-10">
         <path>..\</path>
         <kind>archive</kind>
         <file>msp432p4xx_driverlib.lib</file>
         <name>gpio.o</name>
      </input_file>
      <input_file id="fl-11">
         <path>..\</path>
         <kind>archive</kind>
         <file>msp432p4xx_driverlib.lib</file>
         <name>interrupt.o</name>
      </input_file>
      <input_file id="fl-12">
         <path>..\</path>
         <kind>archive</kind>
         <file>msp432p4xx_driverlib.lib</file>
         <name>sysctl.o</name>
      </input_file>
      <input_file id="fl-13">
         <path>..\</path>
         <kind>archive</kind>
         <file>msp432p4xx_driverlib.lib</file>
         <name>uart.o</name>
      </input_file>
      <input_file id="fl-14">
         <path>..\</path>
         <kind>archive</kind>
         <file>msp432p4xx_driverlib.lib</file>
         <name>cpu.o</name>
      </input_file>
      <input_file id="fl-ca">
         <path>C:\ti\ccsv7\tools\compiler\ti-cgt-arm_16.9.1.LTS\lib\</path>
         <kind>archive</kind>
         <file>rtsv7M4_T_le_v4SPD16_eabi.lib</file>
         <name>boot.obj</name>
      </input_file>
      <input_file id="fl-cb">
         <path>C:\ti\ccsv7\tools\compiler\ti-cgt-arm_16.9.1.LTS\lib\</path>
         <kind>archive</kind>
         <file>rtsv7M4_T_le_v4SPD16_eabi.lib</file>
         <name>copy_decompress_lzss.obj</name>
      </input_file>
      <input_file id="fl-cc">
         <path>C:\ti\ccsv7\tools\compiler\ti-cgt-arm_16.9.1.LTS\lib\</path>
         <kind>archive</kind>
         <file>rtsv7M4_T_le_v4SPD16_eabi.lib</file>
         <name>copy_decompress_none.obj</name>
      </input_file>
      <input_file id="fl-cd">
         <path>C:\ti\ccsv7\tools\compiler\ti-cgt-arm_16.9.1.LTS\lib\</path>
         <kind>archive</kind>
         <file>rtsv7M4_T_le_v4SPD16_eabi.lib</file>
         <name>copy_zero_init.obj</name>
      </input_file>
      <input_file id="fl-ce">
         <path>C:\ti\ccsv7\tools\compiler\ti-cgt-arm_16.9.1.LTS\lib\</path>
         <kind>archive</kind>
         <file>rtsv7M4_T_le_v4SPD16_eabi.lib</file>
         <name>exit.obj</name>
      </input_file>
      <input_file id="fl-cf">
         <path>C:\ti\ccsv7\tools\compiler\ti-cgt-arm_16.9.1.LTS\lib\</path>
         <kind>archive</kind>
         <file>rtsv7M4_T_le_v4SPD16_eabi.lib</file>
         <name>memcpy_t2.obj</name>
      </input_file>
      <input_file id="fl-d0">
         <path>C:\ti\ccsv7\tools\compiler\ti-cgt-arm_16.9.1.LTS\lib\</path>
         <kind>archive</kind>
         <file>rtsv7M4_T_le_v4SPD16_eabi.lib</file>
         <name>memory.obj</name>
      </input_file>
      <input_file id="fl-d1">
         <path>C:\ti\ccsv7\tools\compiler\ti-cgt-arm_16.9.1.LTS\lib\</path>
         <kind>archive</kind>
         <file>rtsv7M4_T_le_v4SPD16_eabi.lib</file>
         <name>memset_t2.obj</name>
      </input_file>
      <input_file id="fl-d2">
         <path>C:\ti\ccsv7\tools\compiler\ti-cgt-arm_16.9.1.LTS\lib\</path>
         <kind>archive</kind>
         <file>rtsv7M4_T_le_v4SPD16_eabi.lib</file>
         <name>mpu_init.obj</name>
      </input_file>
      <input_file id="fl-d3">
         <path>C:\ti\ccsv7\tools\compiler\ti-cgt-arm_16.9.1.LTS\lib\</path>
         <kind>archive</kind>
         <file>rtsv7M4_T_le_v4SPD16_eabi.lib</file>
         <name>pre_init.obj</name>
      </input_file>
      <input_file id="fl-d4">
         <path>C:\ti\ccsv7\tools\compiler\ti-cgt-arm_16.9.1.LTS\lib\</path>
         <kind>archive</kind>
         <file>rtsv7M4_T_le_v4SPD16_eabi.lib</file>
         <name>stkdepth_vars.obj</name>
      </input_file>
      <input_file id="fl-d5">
         <path>C:\ti\ccsv7\tools\compiler\ti-cgt-arm_16.9.1.LTS\lib\</path>
         <kind>archive</kind>
         <file>rtsv7M4_T_le_v4SPD16_eabi.lib</file>
         <name>_lock.obj</name>
      </input_file>
      <input_file id="fl-d6">
         <path>C:\ti\ccsv7\tools\compiler\ti-cgt-arm_16.9.1.LTS\lib\</path>
         <kind>archive</kind>
         <file>rtsv7M4_T_le_v4SPD16_eabi.lib</file>
         <name>args_main.obj</name>
      </input_file>
      <input_file id="fl-d7">
         <path>C:\ti\ccsv7\tools\compiler\ti-cgt-arm_16.9.1.LTS\lib\</path>
         <kind>archive</kind>
         <file>rtsv7M4_T_le_v4SPD16_eabi.lib</file>
         <name>autoinit.obj</name>
      </input_file>
      <input_file id="fl-d8">
         <path>C:\ti\ccsv7\tools\compiler\ti-cgt-arm_16.9.1.LTS\lib\</path>
         <kind>archive</kind>
         <file>rtsv7M4_T_le_v4SPD16_eabi.lib</file>
         <name>cpy_tbl.obj</name>
      </input_file>
      <input_file id="fl-d9">
         <path>C:\ti\ccsv7\tools\compiler\ti-cgt-arm_16.9.1.LTS\lib\</path>
         <kind>archive</kind>
         <file>rtsv7M4_T_le_v4SPD16_eabi.lib</file>
         <name>startup.obj</name>
      </input_file>
   </input_file_list>
   <object_component_list>
      <object_component id="oc-2c">
         <name>.intvecs:retain</name>
         <load_address>0x0</load_address>
         <run_address>0x0</run_address>
         <size>0xe4</size>
         <input_file_ref idref="fl-3"/>
      </object_component>
      <object_component id="oc-7e">
         <name>.text</name>
         <load_address>0xe4</load_address>
         <run_address>0xe4</run_address>
         <size>0xac4</size>
         <input_file_ref idref="fl-9"/>
      </object_component>
      <object_component id="oc-ca">
         <name>.text</name>
         <load_address>0xba8</load_address>
         <run_address>0xba8</run_address>
         <size>0x32c</size>
         <input_file_ref idref="fl-4"/>
      </object_component>
      <object_component id="oc-111">
         <name>.text</name>
         <load_address>0xed4</load_address>
         <run_address>0xed4</run_address>
         <size>0x2f0</size>
         <input_file_ref idref="fl-8"/>
      </object_component>
      <object_component id="oc-84">
         <name>.text</name>
         <load_address>0x11c4</load_address>
         <run_address>0x11c4</run_address>
         <size>0x1e8</size>
         <input_file_ref idref="fl-2"/>
      </object_component>
      <object_component id="oc-8a">
         <name>.text</name>
         <load_address>0x13ac</load_address>
         <run_address>0x13ac</run_address>
         <size>0xe0</size>
         <input_file_ref idref="fl-5"/>
      </object_component>
      <object_component id="oc-3e">
         <name>.text</name>
         <load_address>0x148c</load_address>
         <run_address>0x148c</run_address>
         <size>0x9c</size>
         <input_file_ref idref="fl-cf"/>
      </object_component>
      <object_component id="oc-181">
         <name>.text:UART_initModule</name>
         <load_address>0x1528</load_address>
         <run_address>0x1528</run_address>
         <size>0x94</size>
         <input_file_ref idref="fl-13"/>
      </object_component>
      <object_component id="oc-4a">
         <name>.text</name>
         <load_address>0x15bc</load_address>
         <run_address>0x15bc</run_address>
         <size>0x7a</size>
         <input_file_ref idref="fl-d1"/>
      </object_component>
      <object_component id="oc-56">
         <name>.text</name>
         <load_address>0x1636</load_address>
         <run_address>0x1636</run_address>
         <size>0x2</size>
         <input_file_ref idref="fl-d2"/>
      </object_component>
      <object_component id="oc-62">
         <name>.text</name>
         <load_address>0x1638</load_address>
         <run_address>0x1638</run_address>
         <size>0x70</size>
         <input_file_ref idref="fl-d7"/>
      </object_component>
      <object_component id="oc-14">
         <name>.text:decompress:lzss</name>
         <load_address>0x16a8</load_address>
         <run_address>0x16a8</run_address>
         <size>0x68</size>
         <input_file_ref idref="fl-cb"/>
      </object_component>
      <object_component id="oc-d5">
         <name>.text:Interrupt_enableInterrupt</name>
         <load_address>0x1710</load_address>
         <run_address>0x1710</run_address>
         <size>0x64</size>
         <input_file_ref idref="fl-11"/>
      </object_component>
      <object_component id="oc-ed">
         <name>.text</name>
         <load_address>0x1774</load_address>
         <run_address>0x1774</run_address>
         <size>0x60</size>
         <input_file_ref idref="fl-7"/>
      </object_component>
      <object_component id="oc-26">
         <name>.text</name>
         <load_address>0x17d4</load_address>
         <run_address>0x17d4</run_address>
         <size>0x54</size>
         <input_file_ref idref="fl-ca"/>
      </object_component>
      <object_component id="oc-6e">
         <name>.text</name>
         <load_address>0x1828</load_address>
         <run_address>0x1828</run_address>
         <size>0x54</size>
         <input_file_ref idref="fl-ce"/>
      </object_component>
      <object_component id="oc-af">
         <name>.text</name>
         <load_address>0x187c</load_address>
         <run_address>0x187c</run_address>
         <size>0x4c</size>
         <input_file_ref idref="fl-d8"/>
      </object_component>
      <object_component id="oc-f9">
         <name>.text:GPIO_setAsPeripheralModuleFunctionInputPin</name>
         <load_address>0x18c8</load_address>
         <run_address>0x18c8</run_address>
         <size>0x48</size>
         <input_file_ref idref="fl-10"/>
      </object_component>
      <object_component id="oc-105">
         <name>.text:CS_setDCOCenteredFrequency</name>
         <load_address>0x1910</load_address>
         <run_address>0x1910</run_address>
         <size>0x24</size>
         <input_file_ref idref="fl-f"/>
      </object_component>
      <object_component id="oc-117">
         <name>.text:UART_transmitData</name>
         <load_address>0x1934</load_address>
         <run_address>0x1934</run_address>
         <size>0x24</size>
         <input_file_ref idref="fl-13"/>
      </object_component>
      <object_component id="oc-1a2">
         <name>.text:GPIO_getInputPinValue</name>
         <load_address>0x1958</load_address>
         <run_address>0x1958</run_address>
         <size>0x18</size>
         <input_file_ref idref="fl-10"/>
      </object_component>
      <object_component id="oc-68">
         <name>.text</name>
         <load_address>0x1970</load_address>
         <run_address>0x1970</run_address>
         <size>0x18</size>
         <input_file_ref idref="fl-d6"/>
      </object_component>
      <object_component id="oc-ff">
         <name>.text:UART_enableInterrupt</name>
         <load_address>0x1988</load_address>
         <run_address>0x1988</run_address>
         <size>0x16</size>
         <input_file_ref idref="fl-13"/>
      </object_component>
      <object_component id="oc-b5">
         <name>.text</name>
         <load_address>0x199e</load_address>
         <run_address>0x199e</run_address>
         <size>0x2</size>
         <input_file_ref idref="fl-d9"/>
      </object_component>
      <object_component id="oc-157">
         <name>.text</name>
         <load_address>0x19a0</load_address>
         <run_address>0x19a0</run_address>
         <size>0x14</size>
         <input_file_ref idref="fl-d5"/>
      </object_component>
      <object_component id="oc-10b">
         <name>.text:Interrupt_enableMaster</name>
         <load_address>0x19b4</load_address>
         <run_address>0x19b4</run_address>
         <size>0x10</size>
         <input_file_ref idref="fl-11"/>
      </object_component>
      <object_component id="oc-1a">
         <name>.text:decompress:none</name>
         <load_address>0x19c4</load_address>
         <run_address>0x19c4</run_address>
         <size>0xe</size>
         <input_file_ref idref="fl-cc"/>
      </object_component>
      <object_component id="oc-78">
         <name>.text</name>
         <load_address>0x19d2</load_address>
         <run_address>0x19d2</run_address>
         <size>0xe</size>
         <input_file_ref idref="fl-3"/>
      </object_component>
      <object_component id="oc-19b">
         <name>.text:CPU_cpsie</name>
         <load_address>0x19e0</load_address>
         <run_address>0x19e0</run_address>
         <size>0xc</size>
         <input_file_ref idref="fl-14"/>
      </object_component>
      <object_component id="oc-e7">
         <name>.text:UART_disableModule</name>
         <load_address>0x19ec</load_address>
         <run_address>0x19ec</run_address>
         <size>0xc</size>
         <input_file_ref idref="fl-13"/>
      </object_component>
      <object_component id="oc-f3">
         <name>.text:UART_enableModule</name>
         <load_address>0x19f8</load_address>
         <run_address>0x19f8</run_address>
         <size>0xc</size>
         <input_file_ref idref="fl-13"/>
      </object_component>
      <object_component id="oc-20">
         <name>.text:decompress:ZI</name>
         <load_address>0x1a04</load_address>
         <run_address>0x1a04</run_address>
         <size>0xc</size>
         <input_file_ref idref="fl-cd"/>
      </object_component>
      <object_component id="oc-5c">
         <name>.text</name>
         <load_address>0x1a10</load_address>
         <run_address>0x1a10</run_address>
         <size>0x4</size>
         <input_file_ref idref="fl-d3"/>
      </object_component>
      <object_component id="oc-173">
         <name>.const</name>
         <load_address>0x1a14</load_address>
         <run_address>0x1a14</run_address>
         <size>0x40</size>
         <input_file_ref idref="fl-11"/>
      </object_component>
      <object_component id="oc-187">
         <name>.const:$P$T0$1</name>
         <load_address>0x1a54</load_address>
         <run_address>0x1a54</run_address>
         <size>0x24</size>
         <input_file_ref idref="fl-7"/>
      </object_component>
      <object_component id="oc-21b">
         <name>.cinit..data.load</name>
         <load_address>0x1a78</load_address>
         <run_address>0x1a78</run_address>
         <size>0x3d</size>
      </object_component>
      <object_component id="oc-219">
         <name>__TI_handler_table</name>
         <load_address>0x1ab8</load_address>
         <run_address>0x1ab8</run_address>
         <size>0xc</size>
      </object_component>
      <object_component id="oc-21c">
         <name>.cinit..bss.load</name>
         <load_address>0x1ac8</load_address>
         <run_address>0x1ac8</run_address>
         <size>0x8</size>
      </object_component>
      <object_component id="oc-21a">
         <name>__TI_cinit_table</name>
         <load_address>0x1ad0</load_address>
         <run_address>0x1ad0</run_address>
         <size>0x10</size>
      </object_component>
      <object_component id="oc-1f6">
         <name>.binit</name>
         <load_address>0x0</load_address>
         <run_address>0x0</run_address>
         <size>0x0</size>
      </object_component>
      <object_component id="oc-121">
         <name>.data</name>
         <load_address>0x2000068c</load_address>
         <run_address>0x2000068c</run_address>
         <size>0x4</size>
         <input_file_ref idref="fl-2"/>
      </object_component>
      <object_component id="oc-163">
         <name>.data</name>
         <load_address>0x20000694</load_address>
         <run_address>0x20000694</run_address>
         <size>0x4</size>
         <input_file_ref idref="fl-4"/>
      </object_component>
      <object_component id="oc-192">
         <name>.data:GPIO_PORT_TO_BASE</name>
         <load_address>0x20000648</load_address>
         <run_address>0x20000648</run_address>
         <size>0x30</size>
         <input_file_ref idref="fl-10"/>
      </object_component>
      <object_component id="oc-bf">
         <name>.data:$O1$$</name>
         <load_address>0x20000678</load_address>
         <run_address>0x20000678</run_address>
         <size>0xc</size>
         <input_file_ref idref="fl-ce"/>
      </object_component>
      <object_component id="oc-74">
         <name>.data</name>
         <load_address>0x20000690</load_address>
         <run_address>0x20000690</run_address>
         <size>0x4</size>
         <input_file_ref idref="fl-d4"/>
      </object_component>
      <object_component id="oc-c2">
         <name>.data:$O1$$</name>
         <load_address>0x20000684</load_address>
         <run_address>0x20000684</run_address>
         <size>0x8</size>
         <input_file_ref idref="fl-d5"/>
      </object_component>
      <object_component id="oc-db">
         <name>.bss</name>
         <uninitialized>true</uninitialized>
         <run_address>0x20000620</run_address>
         <size>0x10</size>
         <input_file_ref idref="fl-9"/>
      </object_component>
      <object_component id="oc-128">
         <name>.common:bbreak_flg</name>
         <uninitialized>true</uninitialized>
         <run_address>0x20000644</run_address>
         <size>0x1</size>
      </object_component>
      <object_component id="oc-125">
         <name>.common:callback_np</name>
         <uninitialized>true</uninitialized>
         <run_address>0x20000630</run_address>
         <size>0x10</size>
      </object_component>
      <object_component id="oc-120">
         <name>.common:current_task_data</name>
         <uninitialized>true</uninitialized>
         <run_address>0x200005c0</run_address>
         <size>0x60</size>
      </object_component>
      <object_component id="oc-11d">
         <name>.common:port4_linkers</name>
         <uninitialized>true</uninitialized>
         <run_address>0x20000645</run_address>
         <size>0x1</size>
      </object_component>
      <object_component id="oc-d1">
         <name>.common:TA</name>
         <uninitialized>true</uninitialized>
         <run_address>0x20000400</run_address>
         <size>0x1c0</size>
      </object_component>
      <object_component id="oc-d4">
         <name>.common:TA_status</name>
         <uninitialized>true</uninitialized>
         <run_address>0x20000640</run_address>
         <size>0x4</size>
      </object_component>
      <object_component id="oc-30">
         <name>.sysmem</name>
         <uninitialized>true</uninitialized>
         <run_address>0x20000000</run_address>
         <size>0x8</size>
         <input_file_ref idref="fl-d0"/>
      </object_component>
      <object_component id="oc-21e">
         <name>.sysmem</name>
         <uninitialized>true</uninitialized>
         <run_address>0x20000000</run_address>
         <size>0x0</size>
      </object_component>
      <object_component id="oc-2f">
         <name>.stack</name>
         <uninitialized>true</uninitialized>
         <run_address>0x2000fe00</run_address>
         <size>0x0</size>
         <input_file_ref idref="fl-ca"/>
      </object_component>
      <object_component id="oc-21d">
         <name>.stack</name>
         <uninitialized>true</uninitialized>
         <run_address>0x2000fe00</run_address>
         <size>0x0</size>
      </object_component>
      <object_component id="oc-178">
         <name>.debug_info</name>
         <load_address>0x0</load_address>
         <run_address>0x0</run_address>
         <size>0x8a5</size>
         <input_file_ref idref="fl-2"/>
      </object_component>
      <object_component id="oc-122">
         <name>.debug_info</name>
         <load_address>0x8a5</load_address>
         <run_address>0x8a5</run_address>
         <size>0xb0</size>
         <input_file_ref idref="fl-2"/>
      </object_component>
      <object_component id="oc-85">
         <name>.debug_info</name>
         <load_address>0x955</load_address>
         <run_address>0x955</run_address>
         <size>0x4c5</size>
         <input_file_ref idref="fl-2"/>
      </object_component>
      <object_component id="oc-1a9">
         <name>.debug_info</name>
         <load_address>0xe1a</load_address>
         <run_address>0xe1a</run_address>
         <size>0x1d1</size>
         <input_file_ref idref="fl-2"/>
      </object_component>
      <object_component id="oc-dd">
         <name>.debug_info</name>
         <load_address>0xfeb</load_address>
         <run_address>0xfeb</run_address>
         <size>0x2a2</size>
         <input_file_ref idref="fl-2"/>
      </object_component>
      <object_component id="oc-12a">
         <name>.debug_info</name>
         <load_address>0x128d</load_address>
         <run_address>0x128d</run_address>
         <size>0x67</size>
         <input_file_ref idref="fl-2"/>
      </object_component>
      <object_component id="oc-1d1">
         <name>.debug_info</name>
         <load_address>0x12f4</load_address>
         <run_address>0x12f4</run_address>
         <size>0x103</size>
         <input_file_ref idref="fl-2"/>
      </object_component>
      <object_component id="oc-16e">
         <name>.debug_info</name>
         <load_address>0x13f7</load_address>
         <run_address>0x13f7</run_address>
         <size>0x103e</size>
         <input_file_ref idref="fl-2"/>
      </object_component>
      <object_component id="oc-169">
         <name>.debug_info</name>
         <load_address>0x2435</load_address>
         <run_address>0x2435</run_address>
         <size>0x37a3</size>
         <input_file_ref idref="fl-2"/>
      </object_component>
      <object_component id="oc-1ed">
         <name>.debug_info</name>
         <load_address>0x5bd8</load_address>
         <run_address>0x5bd8</run_address>
         <size>0x1b5</size>
         <input_file_ref idref="fl-2"/>
      </object_component>
      <object_component id="oc-17a">
         <name>.debug_info</name>
         <load_address>0x5d8d</load_address>
         <run_address>0x5d8d</run_address>
         <size>0x8b</size>
         <input_file_ref idref="fl-2"/>
      </object_component>
      <object_component id="oc-e2">
         <name>.debug_info</name>
         <load_address>0x5e18</load_address>
         <run_address>0x5e18</run_address>
         <size>0x18b</size>
         <input_file_ref idref="fl-2"/>
      </object_component>
      <object_component id="oc-1d8">
         <name>.debug_info</name>
         <load_address>0x5fa3</load_address>
         <run_address>0x5fa3</run_address>
         <size>0xee</size>
         <input_file_ref idref="fl-2"/>
      </object_component>
      <object_component id="oc-18b">
         <name>.debug_info</name>
         <load_address>0x6091</load_address>
         <run_address>0x6091</run_address>
         <size>0xad</size>
         <input_file_ref idref="fl-2"/>
      </object_component>
      <object_component id="oc-92">
         <name>.debug_info</name>
         <load_address>0x613e</load_address>
         <run_address>0x613e</run_address>
         <size>0x109</size>
         <input_file_ref idref="fl-3"/>
      </object_component>
      <object_component id="oc-2d">
         <name>.debug_info</name>
         <load_address>0x6247</load_address>
         <run_address>0x6247</run_address>
         <size>0xe1</size>
         <input_file_ref idref="fl-3"/>
      </object_component>
      <object_component id="oc-7a">
         <name>.debug_info</name>
         <load_address>0x6328</load_address>
         <run_address>0x6328</run_address>
         <size>0x1a8</size>
         <input_file_ref idref="fl-3"/>
      </object_component>
      <object_component id="oc-39">
         <name>.debug_info</name>
         <load_address>0x64d0</load_address>
         <run_address>0x64d0</run_address>
         <size>0x84</size>
         <input_file_ref idref="fl-3"/>
      </object_component>
      <object_component id="oc-164">
         <name>.debug_info</name>
         <load_address>0x6554</load_address>
         <run_address>0x6554</run_address>
         <size>0xda</size>
         <input_file_ref idref="fl-4"/>
      </object_component>
      <object_component id="oc-cb">
         <name>.debug_info</name>
         <load_address>0x662e</load_address>
         <run_address>0x662e</run_address>
         <size>0x24c</size>
         <input_file_ref idref="fl-4"/>
      </object_component>
      <object_component id="oc-126">
         <name>.debug_info</name>
         <load_address>0x687a</load_address>
         <run_address>0x687a</run_address>
         <size>0x42b</size>
         <input_file_ref idref="fl-5"/>
      </object_component>
      <object_component id="oc-8b">
         <name>.debug_info</name>
         <load_address>0x6ca5</load_address>
         <run_address>0x6ca5</run_address>
         <size>0x332</size>
         <input_file_ref idref="fl-5"/>
      </object_component>
      <object_component id="oc-190">
         <name>.debug_info</name>
         <load_address>0x6fd7</load_address>
         <run_address>0x6fd7</run_address>
         <size>0x3ba</size>
         <input_file_ref idref="fl-7"/>
      </object_component>
      <object_component id="oc-188">
         <name>.debug_info</name>
         <load_address>0x7391</load_address>
         <run_address>0x7391</run_address>
         <size>0xc8</size>
         <input_file_ref idref="fl-7"/>
      </object_component>
      <object_component id="oc-f0">
         <name>.debug_info</name>
         <load_address>0x7459</load_address>
         <run_address>0x7459</run_address>
         <size>0x17e</size>
         <input_file_ref idref="fl-7"/>
      </object_component>
      <object_component id="oc-1e2">
         <name>.debug_info</name>
         <load_address>0x75d7</load_address>
         <run_address>0x75d7</run_address>
         <size>0x37a3</size>
         <input_file_ref idref="fl-7"/>
      </object_component>
      <object_component id="oc-11e">
         <name>.debug_info</name>
         <load_address>0xad7a</load_address>
         <run_address>0xad7a</run_address>
         <size>0x50d</size>
         <input_file_ref idref="fl-8"/>
      </object_component>
      <object_component id="oc-112">
         <name>.debug_info</name>
         <load_address>0xb287</load_address>
         <run_address>0xb287</run_address>
         <size>0x4dd</size>
         <input_file_ref idref="fl-8"/>
      </object_component>
      <object_component id="oc-d2">
         <name>.debug_info</name>
         <load_address>0xb764</load_address>
         <run_address>0xb764</run_address>
         <size>0x47b</size>
         <input_file_ref idref="fl-9"/>
      </object_component>
      <object_component id="oc-80">
         <name>.debug_info</name>
         <load_address>0xbbdf</load_address>
         <run_address>0xbbdf</run_address>
         <size>0x13dd</size>
         <input_file_ref idref="fl-9"/>
      </object_component>
      <object_component id="oc-199">
         <name>.debug_info</name>
         <load_address>0xcfbc</load_address>
         <run_address>0xcfbc</run_address>
         <size>0x5ef</size>
         <input_file_ref idref="fl-f"/>
      </object_component>
      <object_component id="oc-106">
         <name>.debug_info</name>
         <load_address>0xd5ab</load_address>
         <run_address>0xd5ab</run_address>
         <size>0x132</size>
         <input_file_ref idref="fl-f"/>
      </object_component>
      <object_component id="oc-1ca">
         <name>.debug_info</name>
         <load_address>0xd6dd</load_address>
         <run_address>0xd6dd</run_address>
         <size>0x103e</size>
         <input_file_ref idref="fl-f"/>
      </object_component>
      <object_component id="oc-196">
         <name>.debug_info</name>
         <load_address>0xe71b</load_address>
         <run_address>0xe71b</run_address>
         <size>0x4a4</size>
         <input_file_ref idref="fl-10"/>
      </object_component>
      <object_component id="oc-193">
         <name>.debug_info</name>
         <load_address>0xebbf</load_address>
         <run_address>0xebbf</run_address>
         <size>0xd0</size>
         <input_file_ref idref="fl-10"/>
      </object_component>
      <object_component id="oc-fb">
         <name>.debug_info</name>
         <load_address>0xec8f</load_address>
         <run_address>0xec8f</run_address>
         <size>0x1db</size>
         <input_file_ref idref="fl-10"/>
      </object_component>
      <object_component id="oc-1a4">
         <name>.debug_info</name>
         <load_address>0xee6a</load_address>
         <run_address>0xee6a</run_address>
         <size>0x185</size>
         <input_file_ref idref="fl-10"/>
      </object_component>
      <object_component id="oc-177">
         <name>.debug_info</name>
         <load_address>0xefef</load_address>
         <run_address>0xefef</run_address>
         <size>0x432</size>
         <input_file_ref idref="fl-11"/>
      </object_component>
      <object_component id="oc-174">
         <name>.debug_info</name>
         <load_address>0xf421</load_address>
         <run_address>0xf421</run_address>
         <size>0x173</size>
         <input_file_ref idref="fl-11"/>
      </object_component>
      <object_component id="oc-10d">
         <name>.debug_info</name>
         <load_address>0xf594</load_address>
         <run_address>0xf594</run_address>
         <size>0x122</size>
         <input_file_ref idref="fl-11"/>
      </object_component>
      <object_component id="oc-d7">
         <name>.debug_info</name>
         <load_address>0xf6b6</load_address>
         <run_address>0xf6b6</run_address>
         <size>0x16b</size>
         <input_file_ref idref="fl-11"/>
      </object_component>
      <object_component id="oc-180">
         <name>.debug_info</name>
         <load_address>0xf821</load_address>
         <run_address>0xf821</run_address>
         <size>0x498</size>
         <input_file_ref idref="fl-13"/>
      </object_component>
      <object_component id="oc-11a">
         <name>.debug_info</name>
         <load_address>0xfcb9</load_address>
         <run_address>0xfcb9</run_address>
         <size>0x181</size>
         <input_file_ref idref="fl-13"/>
      </object_component>
      <object_component id="oc-184">
         <name>.debug_info</name>
         <load_address>0xfe3a</load_address>
         <run_address>0xfe3a</run_address>
         <size>0x169</size>
         <input_file_ref idref="fl-13"/>
      </object_component>
      <object_component id="oc-f6">
         <name>.debug_info</name>
         <load_address>0xffa3</load_address>
         <run_address>0xffa3</run_address>
         <size>0x13f</size>
         <input_file_ref idref="fl-13"/>
      </object_component>
      <object_component id="oc-102">
         <name>.debug_info</name>
         <load_address>0x100e2</load_address>
         <run_address>0x100e2</run_address>
         <size>0x168</size>
         <input_file_ref idref="fl-13"/>
      </object_component>
      <object_component id="oc-ea">
         <name>.debug_info</name>
         <load_address>0x1024a</load_address>
         <run_address>0x1024a</run_address>
         <size>0x141</size>
         <input_file_ref idref="fl-13"/>
      </object_component>
      <object_component id="oc-19d">
         <name>.debug_info</name>
         <load_address>0x1038b</load_address>
         <run_address>0x1038b</run_address>
         <size>0xe7</size>
         <input_file_ref idref="fl-14"/>
      </object_component>
      <object_component id="oc-27">
         <name>.debug_info</name>
         <load_address>0x10472</load_address>
         <run_address>0x10472</run_address>
         <size>0x160</size>
         <input_file_ref idref="fl-ca"/>
      </object_component>
      <object_component id="oc-9c">
         <name>.debug_info</name>
         <load_address>0x105d2</load_address>
         <run_address>0x105d2</run_address>
         <size>0xf9</size>
         <input_file_ref idref="fl-cb"/>
      </object_component>
      <object_component id="oc-18">
         <name>.debug_info</name>
         <load_address>0x106cb</load_address>
         <run_address>0x106cb</run_address>
         <size>0x245</size>
         <input_file_ref idref="fl-cb"/>
      </object_component>
      <object_component id="oc-34">
         <name>.debug_info</name>
         <load_address>0x10910</load_address>
         <run_address>0x10910</run_address>
         <size>0x60</size>
         <input_file_ref idref="fl-cb"/>
      </object_component>
      <object_component id="oc-97">
         <name>.debug_info</name>
         <load_address>0x10970</load_address>
         <run_address>0x10970</run_address>
         <size>0x46</size>
         <input_file_ref idref="fl-cb"/>
      </object_component>
      <object_component id="oc-49">
         <name>.debug_info</name>
         <load_address>0x109b6</load_address>
         <run_address>0x109b6</run_address>
         <size>0x140</size>
         <input_file_ref idref="fl-cc"/>
      </object_component>
      <object_component id="oc-1c">
         <name>.debug_info</name>
         <load_address>0x10af6</load_address>
         <run_address>0x10af6</run_address>
         <size>0x1df</size>
         <input_file_ref idref="fl-cc"/>
      </object_component>
      <object_component id="oc-44">
         <name>.debug_info</name>
         <load_address>0x10cd5</load_address>
         <run_address>0x10cd5</run_address>
         <size>0x46</size>
         <input_file_ref idref="fl-cc"/>
      </object_component>
      <object_component id="oc-9e">
         <name>.debug_info</name>
         <load_address>0x10d1b</load_address>
         <run_address>0x10d1b</run_address>
         <size>0x2c</size>
         <input_file_ref idref="fl-cc"/>
      </object_component>
      <object_component id="oc-55">
         <name>.debug_info</name>
         <load_address>0x10d47</load_address>
         <run_address>0x10d47</run_address>
         <size>0x12f</size>
         <input_file_ref idref="fl-cd"/>
      </object_component>
      <object_component id="oc-21">
         <name>.debug_info</name>
         <load_address>0x10e76</load_address>
         <run_address>0x10e76</run_address>
         <size>0x1aa</size>
         <input_file_ref idref="fl-cd"/>
      </object_component>
      <object_component id="oc-50">
         <name>.debug_info</name>
         <load_address>0x11020</load_address>
         <run_address>0x11020</run_address>
         <size>0x46</size>
         <input_file_ref idref="fl-cd"/>
      </object_component>
      <object_component id="oc-a6">
         <name>.debug_info</name>
         <load_address>0x11066</load_address>
         <run_address>0x11066</run_address>
         <size>0x2c</size>
         <input_file_ref idref="fl-cd"/>
      </object_component>
      <object_component id="oc-c6">
         <name>.debug_info</name>
         <load_address>0x11092</load_address>
         <run_address>0x11092</run_address>
         <size>0x234</size>
         <input_file_ref idref="fl-ce"/>
      </object_component>
      <object_component id="oc-c0">
         <name>.debug_info</name>
         <load_address>0x112c6</load_address>
         <run_address>0x112c6</run_address>
         <size>0x185</size>
         <input_file_ref idref="fl-ce"/>
      </object_component>
      <object_component id="oc-71">
         <name>.debug_info</name>
         <load_address>0x1144b</load_address>
         <run_address>0x1144b</run_address>
         <size>0x214</size>
         <input_file_ref idref="fl-ce"/>
      </object_component>
      <object_component id="oc-3f">
         <name>.debug_info</name>
         <load_address>0x1165f</load_address>
         <run_address>0x1165f</run_address>
         <size>0x111</size>
         <input_file_ref idref="fl-cf"/>
      </object_component>
      <object_component id="oc-95">
         <name>.debug_info</name>
         <load_address>0x11770</load_address>
         <run_address>0x11770</run_address>
         <size>0x222</size>
         <input_file_ref idref="fl-d0"/>
      </object_component>
      <object_component id="oc-31">
         <name>.debug_info</name>
         <load_address>0x11992</load_address>
         <run_address>0x11992</run_address>
         <size>0x101</size>
         <input_file_ref idref="fl-d0"/>
      </object_component>
      <object_component id="oc-133">
         <name>.debug_info</name>
         <load_address>0x11a93</load_address>
         <run_address>0x11a93</run_address>
         <size>0x2c</size>
         <input_file_ref idref="fl-d0"/>
      </object_component>
      <object_component id="oc-138">
         <name>.debug_info</name>
         <load_address>0x11abf</load_address>
         <run_address>0x11abf</run_address>
         <size>0x62</size>
         <input_file_ref idref="fl-d0"/>
      </object_component>
      <object_component id="oc-4b">
         <name>.debug_info</name>
         <load_address>0x11b21</load_address>
         <run_address>0x11b21</run_address>
         <size>0x13f</size>
         <input_file_ref idref="fl-d1"/>
      </object_component>
      <object_component id="oc-59">
         <name>.debug_info</name>
         <load_address>0x11c60</load_address>
         <run_address>0x11c60</run_address>
         <size>0x138</size>
         <input_file_ref idref="fl-d2"/>
      </object_component>
      <object_component id="oc-5d">
         <name>.debug_info</name>
         <load_address>0x11d98</load_address>
         <run_address>0x11d98</run_address>
         <size>0x148</size>
         <input_file_ref idref="fl-d3"/>
      </object_component>
      <object_component id="oc-75">
         <name>.debug_info</name>
         <load_address>0x11ee0</load_address>
         <run_address>0x11ee0</run_address>
         <size>0x109</size>
         <input_file_ref idref="fl-d4"/>
      </object_component>
      <object_component id="oc-15f">
         <name>.debug_info</name>
         <load_address>0x11fe9</load_address>
         <run_address>0x11fe9</run_address>
         <size>0x124</size>
         <input_file_ref idref="fl-d5"/>
      </object_component>
      <object_component id="oc-c3">
         <name>.debug_info</name>
         <load_address>0x1210d</load_address>
         <run_address>0x1210d</run_address>
         <size>0x113</size>
         <input_file_ref idref="fl-d5"/>
      </object_component>
      <object_component id="oc-159">
         <name>.debug_info</name>
         <load_address>0x12220</load_address>
         <run_address>0x12220</run_address>
         <size>0x21f</size>
         <input_file_ref idref="fl-d5"/>
      </object_component>
      <object_component id="oc-be">
         <name>.debug_info</name>
         <load_address>0x1243f</load_address>
         <run_address>0x1243f</run_address>
         <size>0x166</size>
         <input_file_ref idref="fl-d6"/>
      </object_component>
      <object_component id="oc-6a">
         <name>.debug_info</name>
         <load_address>0x125a5</load_address>
         <run_address>0x125a5</run_address>
         <size>0x167</size>
         <input_file_ref idref="fl-d6"/>
      </object_component>
      <object_component id="oc-150">
         <name>.debug_info</name>
         <load_address>0x1270c</load_address>
         <run_address>0x1270c</run_address>
         <size>0x5e</size>
         <input_file_ref idref="fl-d6"/>
      </object_component>
      <object_component id="oc-bc">
         <name>.debug_info</name>
         <load_address>0x1276a</load_address>
         <run_address>0x1276a</run_address>
         <size>0x2e9</size>
         <input_file_ref idref="fl-d7"/>
      </object_component>
      <object_component id="oc-64">
         <name>.debug_info</name>
         <load_address>0x12a53</load_address>
         <run_address>0x12a53</run_address>
         <size>0x190</size>
         <input_file_ref idref="fl-d7"/>
      </object_component>
      <object_component id="oc-144">
         <name>.debug_info</name>
         <load_address>0x12be3</load_address>
         <run_address>0x12be3</run_address>
         <size>0x39</size>
         <input_file_ref idref="fl-d7"/>
      </object_component>
      <object_component id="oc-1bc">
         <name>.debug_info</name>
         <load_address>0x12c1c</load_address>
         <run_address>0x12c1c</run_address>
         <size>0x39</size>
         <input_file_ref idref="fl-d7"/>
      </object_component>
      <object_component id="oc-149">
         <name>.debug_info</name>
         <load_address>0x12c55</load_address>
         <run_address>0x12c55</run_address>
         <size>0xcd</size>
         <input_file_ref idref="fl-d7"/>
      </object_component>
      <object_component id="oc-140">
         <name>.debug_info</name>
         <load_address>0x12d22</load_address>
         <run_address>0x12d22</run_address>
         <size>0x1e0</size>
         <input_file_ref idref="fl-d8"/>
      </object_component>
      <object_component id="oc-b1">
         <name>.debug_info</name>
         <load_address>0x12f02</load_address>
         <run_address>0x12f02</run_address>
         <size>0x183</size>
         <input_file_ref idref="fl-d8"/>
      </object_component>
      <object_component id="oc-1b7">
         <name>.debug_info</name>
         <load_address>0x13085</load_address>
         <run_address>0x13085</run_address>
         <size>0x2c</size>
         <input_file_ref idref="fl-d8"/>
      </object_component>
      <object_component id="oc-b8">
         <name>.debug_info</name>
         <load_address>0x130b1</load_address>
         <run_address>0x130b1</run_address>
         <size>0x145</size>
         <input_file_ref idref="fl-d9"/>
      </object_component>
      <object_component id="oc-21f">
         <name>.debug_info</name>
         <load_address>0x131f6</load_address>
         <run_address>0x131f6</run_address>
         <size>0x90</size>
      </object_component>
      <object_component id="oc-1d0">
         <name>.debug_line</name>
         <load_address>0x0</load_address>
         <run_address>0x0</run_address>
         <size>0x20a</size>
         <input_file_ref idref="fl-2"/>
      </object_component>
      <object_component id="oc-1b2">
         <name>.debug_line</name>
         <load_address>0x20a</load_address>
         <run_address>0x20a</run_address>
         <size>0x2d</size>
         <input_file_ref idref="fl-2"/>
      </object_component>
      <object_component id="oc-88">
         <name>.debug_line</name>
         <load_address>0x237</load_address>
         <run_address>0x237</run_address>
         <size>0x13c</size>
         <input_file_ref idref="fl-2"/>
      </object_component>
      <object_component id="oc-1ac">
         <name>.debug_line</name>
         <load_address>0x373</load_address>
         <run_address>0x373</run_address>
         <size>0x37</size>
         <input_file_ref idref="fl-2"/>
      </object_component>
      <object_component id="oc-e0">
         <name>.debug_line</name>
         <load_address>0x3aa</load_address>
         <run_address>0x3aa</run_address>
         <size>0x34</size>
         <input_file_ref idref="fl-2"/>
      </object_component>
      <object_component id="oc-12d">
         <name>.debug_line</name>
         <load_address>0x3de</load_address>
         <run_address>0x3de</run_address>
         <size>0x38</size>
         <input_file_ref idref="fl-2"/>
      </object_component>
      <object_component id="oc-1d4">
         <name>.debug_line</name>
         <load_address>0x416</load_address>
         <run_address>0x416</run_address>
         <size>0x36</size>
         <input_file_ref idref="fl-2"/>
      </object_component>
      <object_component id="oc-171">
         <name>.debug_line</name>
         <load_address>0x44c</load_address>
         <run_address>0x44c</run_address>
         <size>0x55</size>
         <input_file_ref idref="fl-2"/>
      </object_component>
      <object_component id="oc-16c">
         <name>.debug_line</name>
         <load_address>0x4a1</load_address>
         <run_address>0x4a1</run_address>
         <size>0x52</size>
         <input_file_ref idref="fl-2"/>
      </object_component>
      <object_component id="oc-1f0">
         <name>.debug_line</name>
         <load_address>0x4f3</load_address>
         <run_address>0x4f3</run_address>
         <size>0x7e</size>
         <input_file_ref idref="fl-2"/>
      </object_component>
      <object_component id="oc-17d">
         <name>.debug_line</name>
         <load_address>0x571</load_address>
         <run_address>0x571</run_address>
         <size>0x20</size>
         <input_file_ref idref="fl-2"/>
      </object_component>
      <object_component id="oc-e5">
         <name>.debug_line</name>
         <load_address>0x591</load_address>
         <run_address>0x591</run_address>
         <size>0x65</size>
         <input_file_ref idref="fl-2"/>
      </object_component>
      <object_component id="oc-1db">
         <name>.debug_line</name>
         <load_address>0x5f6</load_address>
         <run_address>0x5f6</run_address>
         <size>0x7c</size>
         <input_file_ref idref="fl-2"/>
      </object_component>
      <object_component id="oc-18e">
         <name>.debug_line</name>
         <load_address>0x672</load_address>
         <run_address>0x672</run_address>
         <size>0x3a</size>
         <input_file_ref idref="fl-2"/>
      </object_component>
      <object_component id="oc-130">
         <name>.debug_line</name>
         <load_address>0x6ac</load_address>
         <run_address>0x6ac</run_address>
         <size>0x40</size>
         <input_file_ref idref="fl-3"/>
      </object_component>
      <object_component id="oc-91">
         <name>.debug_line</name>
         <load_address>0x6ec</load_address>
         <run_address>0x6ec</run_address>
         <size>0x40</size>
         <input_file_ref idref="fl-3"/>
      </object_component>
      <object_component id="oc-7c">
         <name>.debug_line</name>
         <load_address>0x72c</load_address>
         <run_address>0x72c</run_address>
         <size>0x71</size>
         <input_file_ref idref="fl-3"/>
      </object_component>
      <object_component id="oc-3c">
         <name>.debug_line</name>
         <load_address>0x79d</load_address>
         <run_address>0x79d</run_address>
         <size>0x20</size>
         <input_file_ref idref="fl-3"/>
      </object_component>
      <object_component id="oc-1c5">
         <name>.debug_line</name>
         <load_address>0x7bd</load_address>
         <run_address>0x7bd</run_address>
         <size>0x3b</size>
         <input_file_ref idref="fl-4"/>
      </object_component>
      <object_component id="oc-cf">
         <name>.debug_line</name>
         <load_address>0x7f8</load_address>
         <run_address>0x7f8</run_address>
         <size>0x146</size>
         <input_file_ref idref="fl-4"/>
      </object_component>
      <object_component id="oc-1b4">
         <name>.debug_line</name>
         <load_address>0x93e</load_address>
         <run_address>0x93e</run_address>
         <size>0x38</size>
         <input_file_ref idref="fl-5"/>
      </object_component>
      <object_component id="oc-8e">
         <name>.debug_line</name>
         <load_address>0x976</load_address>
         <run_address>0x976</run_address>
         <size>0xd9</size>
         <input_file_ref idref="fl-5"/>
      </object_component>
      <object_component id="oc-1e1">
         <name>.debug_line</name>
         <load_address>0xa4f</load_address>
         <run_address>0xa4f</run_address>
         <size>0x7c</size>
         <input_file_ref idref="fl-7"/>
      </object_component>
      <object_component id="oc-1df">
         <name>.debug_line</name>
         <load_address>0xacb</load_address>
         <run_address>0xacb</run_address>
         <size>0x3a</size>
         <input_file_ref idref="fl-7"/>
      </object_component>
      <object_component id="oc-ee">
         <name>.debug_line</name>
         <load_address>0xb05</load_address>
         <run_address>0xb05</run_address>
         <size>0x58</size>
         <input_file_ref idref="fl-7"/>
      </object_component>
      <object_component id="oc-1e5">
         <name>.debug_line</name>
         <load_address>0xb5d</load_address>
         <run_address>0xb5d</run_address>
         <size>0x52</size>
         <input_file_ref idref="fl-7"/>
      </object_component>
      <object_component id="oc-1b0">
         <name>.debug_line</name>
         <load_address>0xbaf</load_address>
         <run_address>0xbaf</run_address>
         <size>0xa7</size>
         <input_file_ref idref="fl-8"/>
      </object_component>
      <object_component id="oc-115">
         <name>.debug_line</name>
         <load_address>0xc56</load_address>
         <run_address>0xc56</run_address>
         <size>0xfe</size>
         <input_file_ref idref="fl-8"/>
      </object_component>
      <object_component id="oc-168">
         <name>.debug_line</name>
         <load_address>0xd54</load_address>
         <run_address>0xd54</run_address>
         <size>0x95</size>
         <input_file_ref idref="fl-9"/>
      </object_component>
      <object_component id="oc-82">
         <name>.debug_line</name>
         <load_address>0xde9</load_address>
         <run_address>0xde9</run_address>
         <size>0x4f1</size>
         <input_file_ref idref="fl-9"/>
      </object_component>
      <object_component id="oc-1ec">
         <name>.debug_line</name>
         <load_address>0x12da</load_address>
         <run_address>0x12da</run_address>
         <size>0x47</size>
         <input_file_ref idref="fl-f"/>
      </object_component>
      <object_component id="oc-109">
         <name>.debug_line</name>
         <load_address>0x1321</load_address>
         <run_address>0x1321</run_address>
         <size>0x41</size>
         <input_file_ref idref="fl-f"/>
      </object_component>
      <object_component id="oc-1cd">
         <name>.debug_line</name>
         <load_address>0x1362</load_address>
         <run_address>0x1362</run_address>
         <size>0x5e</size>
         <input_file_ref idref="fl-f"/>
      </object_component>
      <object_component id="oc-1ea">
         <name>.debug_line</name>
         <load_address>0x13c0</load_address>
         <run_address>0x13c0</run_address>
         <size>0x31</size>
         <input_file_ref idref="fl-10"/>
      </object_component>
      <object_component id="oc-1e8">
         <name>.debug_line</name>
         <load_address>0x13f1</load_address>
         <run_address>0x13f1</run_address>
         <size>0x2a</size>
         <input_file_ref idref="fl-10"/>
      </object_component>
      <object_component id="oc-fe">
         <name>.debug_line</name>
         <load_address>0x141b</load_address>
         <run_address>0x141b</run_address>
         <size>0x4e</size>
         <input_file_ref idref="fl-10"/>
      </object_component>
      <object_component id="oc-1a6">
         <name>.debug_line</name>
         <load_address>0x1469</load_address>
         <run_address>0x1469</run_address>
         <size>0x3f</size>
         <input_file_ref idref="fl-10"/>
      </object_component>
      <object_component id="oc-1c9">
         <name>.debug_line</name>
         <load_address>0x14a8</load_address>
         <run_address>0x14a8</run_address>
         <size>0x2b</size>
         <input_file_ref idref="fl-11"/>
      </object_component>
      <object_component id="oc-1c7">
         <name>.debug_line</name>
         <load_address>0x14d3</load_address>
         <run_address>0x14d3</run_address>
         <size>0x2f</size>
         <input_file_ref idref="fl-11"/>
      </object_component>
      <object_component id="oc-10f">
         <name>.debug_line</name>
         <load_address>0x1502</load_address>
         <run_address>0x1502</run_address>
         <size>0x44</size>
         <input_file_ref idref="fl-11"/>
      </object_component>
      <object_component id="oc-d9">
         <name>.debug_line</name>
         <load_address>0x1546</load_address>
         <run_address>0x1546</run_address>
         <size>0x6d</size>
         <input_file_ref idref="fl-11"/>
      </object_component>
      <object_component id="oc-1d7">
         <name>.debug_line</name>
         <load_address>0x15b3</load_address>
         <run_address>0x15b3</run_address>
         <size>0x31</size>
         <input_file_ref idref="fl-13"/>
      </object_component>
      <object_component id="oc-118">
         <name>.debug_line</name>
         <load_address>0x15e4</load_address>
         <run_address>0x15e4</run_address>
         <size>0x45</size>
         <input_file_ref idref="fl-13"/>
      </object_component>
      <object_component id="oc-183">
         <name>.debug_line</name>
         <load_address>0x1629</load_address>
         <run_address>0x1629</run_address>
         <size>0x75</size>
         <input_file_ref idref="fl-13"/>
      </object_component>
      <object_component id="oc-f5">
         <name>.debug_line</name>
         <load_address>0x169e</load_address>
         <run_address>0x169e</run_address>
         <size>0x3f</size>
         <input_file_ref idref="fl-13"/>
      </object_component>
      <object_component id="oc-101">
         <name>.debug_line</name>
         <load_address>0x16dd</load_address>
         <run_address>0x16dd</run_address>
         <size>0x40</size>
         <input_file_ref idref="fl-13"/>
      </object_component>
      <object_component id="oc-e9">
         <name>.debug_line</name>
         <load_address>0x171d</load_address>
         <run_address>0x171d</run_address>
         <size>0x3f</size>
         <input_file_ref idref="fl-13"/>
      </object_component>
      <object_component id="oc-19c">
         <name>.debug_line</name>
         <load_address>0x175c</load_address>
         <run_address>0x175c</run_address>
         <size>0x3e</size>
         <input_file_ref idref="fl-14"/>
      </object_component>
      <object_component id="oc-2a">
         <name>.debug_line</name>
         <load_address>0x179a</load_address>
         <run_address>0x179a</run_address>
         <size>0x53</size>
         <input_file_ref idref="fl-ca"/>
      </object_component>
      <object_component id="oc-13e">
         <name>.debug_line</name>
         <load_address>0x17ed</load_address>
         <run_address>0x17ed</run_address>
         <size>0x20</size>
         <input_file_ref idref="fl-cb"/>
      </object_component>
      <object_component id="oc-15">
         <name>.debug_line</name>
         <load_address>0x180d</load_address>
         <run_address>0x180d</run_address>
         <size>0xa9</size>
         <input_file_ref idref="fl-cb"/>
      </object_component>
      <object_component id="oc-37">
         <name>.debug_line</name>
         <load_address>0x18b6</load_address>
         <run_address>0x18b6</run_address>
         <size>0x3a</size>
         <input_file_ref idref="fl-cb"/>
      </object_component>
      <object_component id="oc-9a">
         <name>.debug_line</name>
         <load_address>0x18f0</load_address>
         <run_address>0x18f0</run_address>
         <size>0x8a</size>
         <input_file_ref idref="fl-cb"/>
      </object_component>
      <object_component id="oc-a4">
         <name>.debug_line</name>
         <load_address>0x197a</load_address>
         <run_address>0x197a</run_address>
         <size>0x8a</size>
         <input_file_ref idref="fl-cc"/>
      </object_component>
      <object_component id="oc-1b">
         <name>.debug_line</name>
         <load_address>0x1a04</load_address>
         <run_address>0x1a04</run_address>
         <size>0x55</size>
         <input_file_ref idref="fl-cc"/>
      </object_component>
      <object_component id="oc-47">
         <name>.debug_line</name>
         <load_address>0x1a59</load_address>
         <run_address>0x1a59</run_address>
         <size>0x3a</size>
         <input_file_ref idref="fl-cc"/>
      </object_component>
      <object_component id="oc-a1">
         <name>.debug_line</name>
         <load_address>0x1a93</load_address>
         <run_address>0x1a93</run_address>
         <size>0x8a</size>
         <input_file_ref idref="fl-cc"/>
      </object_component>
      <object_component id="oc-ac">
         <name>.debug_line</name>
         <load_address>0x1b1d</load_address>
         <run_address>0x1b1d</run_address>
         <size>0x8a</size>
         <input_file_ref idref="fl-cd"/>
      </object_component>
      <object_component id="oc-25">
         <name>.debug_line</name>
         <load_address>0x1ba7</load_address>
         <run_address>0x1ba7</run_address>
         <size>0x4f</size>
         <input_file_ref idref="fl-cd"/>
      </object_component>
      <object_component id="oc-53">
         <name>.debug_line</name>
         <load_address>0x1bf6</load_address>
         <run_address>0x1bf6</run_address>
         <size>0x34</size>
         <input_file_ref idref="fl-cd"/>
      </object_component>
      <object_component id="oc-a9">
         <name>.debug_line</name>
         <load_address>0x1c2a</load_address>
         <run_address>0x1c2a</run_address>
         <size>0x8a</size>
         <input_file_ref idref="fl-cd"/>
      </object_component>
      <object_component id="oc-162">
         <name>.debug_line</name>
         <load_address>0x1cb4</load_address>
         <run_address>0x1cb4</run_address>
         <size>0xf2</size>
         <input_file_ref idref="fl-ce"/>
      </object_component>
      <object_component id="oc-156">
         <name>.debug_line</name>
         <load_address>0x1da6</load_address>
         <run_address>0x1da6</run_address>
         <size>0x2a</size>
         <input_file_ref idref="fl-ce"/>
      </object_component>
      <object_component id="oc-70">
         <name>.debug_line</name>
         <load_address>0x1dd0</load_address>
         <run_address>0x1dd0</run_address>
         <size>0x86</size>
         <input_file_ref idref="fl-ce"/>
      </object_component>
      <object_component id="oc-42">
         <name>.debug_line</name>
         <load_address>0x1e56</load_address>
         <run_address>0x1e56</run_address>
         <size>0x88</size>
         <input_file_ref idref="fl-cf"/>
      </object_component>
      <object_component id="oc-132">
         <name>.debug_line</name>
         <load_address>0x1ede</load_address>
         <run_address>0x1ede</run_address>
         <size>0xff</size>
         <input_file_ref idref="fl-d0"/>
      </object_component>
      <object_component id="oc-94">
         <name>.debug_line</name>
         <load_address>0x1fdd</load_address>
         <run_address>0x1fdd</run_address>
         <size>0x2c</size>
         <input_file_ref idref="fl-d0"/>
      </object_component>
      <object_component id="oc-136">
         <name>.debug_line</name>
         <load_address>0x2009</load_address>
         <run_address>0x2009</run_address>
         <size>0x8a</size>
         <input_file_ref idref="fl-d0"/>
      </object_component>
      <object_component id="oc-13b">
         <name>.debug_line</name>
         <load_address>0x2093</load_address>
         <run_address>0x2093</run_address>
         <size>0x2c</size>
         <input_file_ref idref="fl-d0"/>
      </object_component>
      <object_component id="oc-4e">
         <name>.debug_line</name>
         <load_address>0x20bf</load_address>
         <run_address>0x20bf</run_address>
         <size>0x79</size>
         <input_file_ref idref="fl-d1"/>
      </object_component>
      <object_component id="oc-57">
         <name>.debug_line</name>
         <load_address>0x2138</load_address>
         <run_address>0x2138</run_address>
         <size>0x3d</size>
         <input_file_ref idref="fl-d2"/>
      </object_component>
      <object_component id="oc-61">
         <name>.debug_line</name>
         <load_address>0x2175</load_address>
         <run_address>0x2175</run_address>
         <size>0x40</size>
         <input_file_ref idref="fl-d3"/>
      </object_component>
      <object_component id="oc-c9">
         <name>.debug_line</name>
         <load_address>0x21b5</load_address>
         <run_address>0x21b5</run_address>
         <size>0x33</size>
         <input_file_ref idref="fl-d4"/>
      </object_component>
      <object_component id="oc-1c3">
         <name>.debug_line</name>
         <load_address>0x21e8</load_address>
         <run_address>0x21e8</run_address>
         <size>0x20</size>
         <input_file_ref idref="fl-d5"/>
      </object_component>
      <object_component id="oc-15e">
         <name>.debug_line</name>
         <load_address>0x2208</load_address>
         <run_address>0x2208</run_address>
         <size>0x2b</size>
         <input_file_ref idref="fl-d5"/>
      </object_component>
      <object_component id="oc-15c">
         <name>.debug_line</name>
         <load_address>0x2233</load_address>
         <run_address>0x2233</run_address>
         <size>0x68</size>
         <input_file_ref idref="fl-d5"/>
      </object_component>
      <object_component id="oc-14f">
         <name>.debug_line</name>
         <load_address>0x229b</load_address>
         <run_address>0x229b</run_address>
         <size>0x2b</size>
         <input_file_ref idref="fl-d6"/>
      </object_component>
      <object_component id="oc-6d">
         <name>.debug_line</name>
         <load_address>0x22c6</load_address>
         <run_address>0x22c6</run_address>
         <size>0x4a</size>
         <input_file_ref idref="fl-d6"/>
      </object_component>
      <object_component id="oc-153">
         <name>.debug_line</name>
         <load_address>0x2310</load_address>
         <run_address>0x2310</run_address>
         <size>0x2b</size>
         <input_file_ref idref="fl-d6"/>
      </object_component>
      <object_component id="oc-143">
         <name>.debug_line</name>
         <load_address>0x233b</load_address>
         <run_address>0x233b</run_address>
         <size>0xa9</size>
         <input_file_ref idref="fl-d7"/>
      </object_component>
      <object_component id="oc-66">
         <name>.debug_line</name>
         <load_address>0x23e4</load_address>
         <run_address>0x23e4</run_address>
         <size>0x8b</size>
         <input_file_ref idref="fl-d7"/>
      </object_component>
      <object_component id="oc-147">
         <name>.debug_line</name>
         <load_address>0x246f</load_address>
         <run_address>0x246f</run_address>
         <size>0x2e</size>
         <input_file_ref idref="fl-d7"/>
      </object_component>
      <object_component id="oc-1bf">
         <name>.debug_line</name>
         <load_address>0x249d</load_address>
         <run_address>0x249d</run_address>
         <size>0x8a</size>
         <input_file_ref idref="fl-d7"/>
      </object_component>
      <object_component id="oc-14c">
         <name>.debug_line</name>
         <load_address>0x2527</load_address>
         <run_address>0x2527</run_address>
         <size>0x8b</size>
         <input_file_ref idref="fl-d7"/>
      </object_component>
      <object_component id="oc-1b6">
         <name>.debug_line</name>
         <load_address>0x25b2</load_address>
         <run_address>0x25b2</run_address>
         <size>0x98</size>
         <input_file_ref idref="fl-d8"/>
      </object_component>
      <object_component id="oc-b0">
         <name>.debug_line</name>
         <load_address>0x264a</load_address>
         <run_address>0x264a</run_address>
         <size>0x68</size>
         <input_file_ref idref="fl-d8"/>
      </object_component>
      <object_component id="oc-1ba">
         <name>.debug_line</name>
         <load_address>0x26b2</load_address>
         <run_address>0x26b2</run_address>
         <size>0x2e</size>
         <input_file_ref idref="fl-d8"/>
      </object_component>
      <object_component id="oc-b7">
         <name>.debug_line</name>
         <load_address>0x26e0</load_address>
         <run_address>0x26e0</run_address>
         <size>0x3c</size>
         <input_file_ref idref="fl-d9"/>
      </object_component>
      <object_component id="oc-89">
         <name>.debug_frame</name>
         <load_address>0x0</load_address>
         <run_address>0x0</run_address>
         <size>0xee</size>
         <input_file_ref idref="fl-2"/>
      </object_component>
      <object_component id="oc-7d">
         <name>.debug_frame</name>
         <load_address>0xee</load_address>
         <run_address>0xee</run_address>
         <size>0x69</size>
         <input_file_ref idref="fl-3"/>
      </object_component>
      <object_component id="oc-ce">
         <name>.debug_frame</name>
         <load_address>0x157</load_address>
         <run_address>0x157</run_address>
         <size>0x6a</size>
         <input_file_ref idref="fl-4"/>
      </object_component>
      <object_component id="oc-8f">
         <name>.debug_frame</name>
         <load_address>0x1c1</load_address>
         <run_address>0x1c1</run_address>
         <size>0x97</size>
         <input_file_ref idref="fl-5"/>
      </object_component>
      <object_component id="oc-ef">
         <name>.debug_frame</name>
         <load_address>0x258</load_address>
         <run_address>0x258</run_address>
         <size>0x5e</size>
         <input_file_ref idref="fl-7"/>
      </object_component>
      <object_component id="oc-116">
         <name>.debug_frame</name>
         <load_address>0x2b6</load_address>
         <run_address>0x2b6</run_address>
         <size>0xaa</size>
         <input_file_ref idref="fl-8"/>
      </object_component>
      <object_component id="oc-83">
         <name>.debug_frame</name>
         <load_address>0x360</load_address>
         <run_address>0x360</run_address>
         <size>0x277</size>
         <input_file_ref idref="fl-9"/>
      </object_component>
      <object_component id="oc-10a">
         <name>.debug_frame</name>
         <load_address>0x5d7</load_address>
         <run_address>0x5d7</run_address>
         <size>0x7f</size>
         <input_file_ref idref="fl-f"/>
      </object_component>
      <object_component id="oc-fd">
         <name>.debug_frame</name>
         <load_address>0x656</load_address>
         <run_address>0x656</run_address>
         <size>0x86</size>
         <input_file_ref idref="fl-10"/>
      </object_component>
      <object_component id="oc-1a7">
         <name>.debug_frame</name>
         <load_address>0x6dc</load_address>
         <run_address>0x6dc</run_address>
         <size>0x7f</size>
         <input_file_ref idref="fl-10"/>
      </object_component>
      <object_component id="oc-110">
         <name>.debug_frame</name>
         <load_address>0x75b</load_address>
         <run_address>0x75b</run_address>
         <size>0x86</size>
         <input_file_ref idref="fl-11"/>
      </object_component>
      <object_component id="oc-da">
         <name>.debug_frame</name>
         <load_address>0x7e1</load_address>
         <run_address>0x7e1</run_address>
         <size>0x83</size>
         <input_file_ref idref="fl-11"/>
      </object_component>
      <object_component id="oc-119">
         <name>.debug_frame</name>
         <load_address>0x864</load_address>
         <run_address>0x864</run_address>
         <size>0x86</size>
         <input_file_ref idref="fl-13"/>
      </object_component>
      <object_component id="oc-182">
         <name>.debug_frame</name>
         <load_address>0x8ea</load_address>
         <run_address>0x8ea</run_address>
         <size>0x8f</size>
         <input_file_ref idref="fl-13"/>
      </object_component>
      <object_component id="oc-f4">
         <name>.debug_frame</name>
         <load_address>0x979</load_address>
         <run_address>0x979</run_address>
         <size>0x7f</size>
         <input_file_ref idref="fl-13"/>
      </object_component>
      <object_component id="oc-100">
         <name>.debug_frame</name>
         <load_address>0x9f8</load_address>
         <run_address>0x9f8</run_address>
         <size>0x7f</size>
         <input_file_ref idref="fl-13"/>
      </object_component>
      <object_component id="oc-e8">
         <name>.debug_frame</name>
         <load_address>0xa77</load_address>
         <run_address>0xa77</run_address>
         <size>0x7f</size>
         <input_file_ref idref="fl-13"/>
      </object_component>
      <object_component id="oc-1a0">
         <name>.debug_frame</name>
         <load_address>0xaf6</load_address>
         <run_address>0xaf6</run_address>
         <size>0x7f</size>
         <input_file_ref idref="fl-14"/>
      </object_component>
      <object_component id="oc-16">
         <name>.debug_frame</name>
         <load_address>0xb75</load_address>
         <run_address>0xb75</run_address>
         <size>0x60</size>
         <input_file_ref idref="fl-cb"/>
      </object_component>
      <object_component id="oc-1f">
         <name>.debug_frame</name>
         <load_address>0xbd5</load_address>
         <run_address>0xbd5</run_address>
         <size>0x51</size>
         <input_file_ref idref="fl-cc"/>
      </object_component>
      <object_component id="oc-24">
         <name>.debug_frame</name>
         <load_address>0xc26</load_address>
         <run_address>0xc26</run_address>
         <size>0x51</size>
         <input_file_ref idref="fl-cd"/>
      </object_component>
      <object_component id="oc-6f">
         <name>.debug_frame</name>
         <load_address>0xc77</load_address>
         <run_address>0xc77</run_address>
         <size>0x85</size>
         <input_file_ref idref="fl-ce"/>
      </object_component>
      <object_component id="oc-58">
         <name>.debug_frame</name>
         <load_address>0xcfc</load_address>
         <run_address>0xcfc</run_address>
         <size>0x51</size>
         <input_file_ref idref="fl-d2"/>
      </object_component>
      <object_component id="oc-60">
         <name>.debug_frame</name>
         <load_address>0xd4d</load_address>
         <run_address>0xd4d</run_address>
         <size>0x51</size>
         <input_file_ref idref="fl-d3"/>
      </object_component>
      <object_component id="oc-158">
         <name>.debug_frame</name>
         <load_address>0xd9e</load_address>
         <run_address>0xd9e</run_address>
         <size>0x73</size>
         <input_file_ref idref="fl-d5"/>
      </object_component>
      <object_component id="oc-69">
         <name>.debug_frame</name>
         <load_address>0xe11</load_address>
         <run_address>0xe11</run_address>
         <size>0x51</size>
         <input_file_ref idref="fl-d6"/>
      </object_component>
      <object_component id="oc-67">
         <name>.debug_frame</name>
         <load_address>0xe62</load_address>
         <run_address>0xe62</run_address>
         <size>0x5c</size>
         <input_file_ref idref="fl-d7"/>
      </object_component>
      <object_component id="oc-b4">
         <name>.debug_frame</name>
         <load_address>0xebe</load_address>
         <run_address>0xebe</run_address>
         <size>0x60</size>
         <input_file_ref idref="fl-d8"/>
      </object_component>
      <object_component id="oc-ba">
         <name>.debug_frame</name>
         <load_address>0xf1e</load_address>
         <run_address>0xf1e</run_address>
         <size>0x51</size>
         <input_file_ref idref="fl-d9"/>
      </object_component>
      <object_component id="oc-1cf">
         <name>.debug_abbrev</name>
         <load_address>0x0</load_address>
         <run_address>0x0</run_address>
         <size>0x15c</size>
         <input_file_ref idref="fl-2"/>
      </object_component>
      <object_component id="oc-1b1">
         <name>.debug_abbrev</name>
         <load_address>0x15c</load_address>
         <run_address>0x15c</run_address>
         <size>0x29</size>
         <input_file_ref idref="fl-2"/>
      </object_component>
      <object_component id="oc-124">
         <name>.debug_abbrev</name>
         <load_address>0x185</load_address>
         <run_address>0x185</run_address>
         <size>0x6c</size>
         <input_file_ref idref="fl-2"/>
      </object_component>
      <object_component id="oc-1ab">
         <name>.debug_abbrev</name>
         <load_address>0x1f1</load_address>
         <run_address>0x1f1</run_address>
         <size>0x8e</size>
         <input_file_ref idref="fl-2"/>
      </object_component>
      <object_component id="oc-df">
         <name>.debug_abbrev</name>
         <load_address>0x27f</load_address>
         <run_address>0x27f</run_address>
         <size>0xbf</size>
         <input_file_ref idref="fl-2"/>
      </object_component>
      <object_component id="oc-12c">
         <name>.debug_abbrev</name>
         <load_address>0x33e</load_address>
         <run_address>0x33e</run_address>
         <size>0x53</size>
         <input_file_ref idref="fl-2"/>
      </object_component>
      <object_component id="oc-1d3">
         <name>.debug_abbrev</name>
         <load_address>0x391</load_address>
         <run_address>0x391</run_address>
         <size>0x7a</size>
         <input_file_ref idref="fl-2"/>
      </object_component>
      <object_component id="oc-170">
         <name>.debug_abbrev</name>
         <load_address>0x40b</load_address>
         <run_address>0x40b</run_address>
         <size>0x97</size>
         <input_file_ref idref="fl-2"/>
      </object_component>
      <object_component id="oc-16b">
         <name>.debug_abbrev</name>
         <load_address>0x4a2</load_address>
         <run_address>0x4a2</run_address>
         <size>0xbd</size>
         <input_file_ref idref="fl-2"/>
      </object_component>
      <object_component id="oc-1ef">
         <name>.debug_abbrev</name>
         <load_address>0x55f</load_address>
         <run_address>0x55f</run_address>
         <size>0x49</size>
         <input_file_ref idref="fl-2"/>
      </object_component>
      <object_component id="oc-17c">
         <name>.debug_abbrev</name>
         <load_address>0x5a8</load_address>
         <run_address>0x5a8</run_address>
         <size>0x1f</size>
         <input_file_ref idref="fl-2"/>
      </object_component>
      <object_component id="oc-e4">
         <name>.debug_abbrev</name>
         <load_address>0x5c7</load_address>
         <run_address>0x5c7</run_address>
         <size>0x35</size>
         <input_file_ref idref="fl-2"/>
      </object_component>
      <object_component id="oc-1da">
         <name>.debug_abbrev</name>
         <load_address>0x5fc</load_address>
         <run_address>0x5fc</run_address>
         <size>0x4b</size>
         <input_file_ref idref="fl-2"/>
      </object_component>
      <object_component id="oc-18d">
         <name>.debug_abbrev</name>
         <load_address>0x647</load_address>
         <run_address>0x647</run_address>
         <size>0x53</size>
         <input_file_ref idref="fl-2"/>
      </object_component>
      <object_component id="oc-12f">
         <name>.debug_abbrev</name>
         <load_address>0x69a</load_address>
         <run_address>0x69a</run_address>
         <size>0x68</size>
         <input_file_ref idref="fl-3"/>
      </object_component>
      <object_component id="oc-90">
         <name>.debug_abbrev</name>
         <load_address>0x702</load_address>
         <run_address>0x702</run_address>
         <size>0x29</size>
         <input_file_ref idref="fl-3"/>
      </object_component>
      <object_component id="oc-d0">
         <name>.debug_abbrev</name>
         <load_address>0x72b</load_address>
         <run_address>0x72b</run_address>
         <size>0x89</size>
         <input_file_ref idref="fl-3"/>
      </object_component>
      <object_component id="oc-3b">
         <name>.debug_abbrev</name>
         <load_address>0x7b4</load_address>
         <run_address>0x7b4</run_address>
         <size>0x1f</size>
         <input_file_ref idref="fl-3"/>
      </object_component>
      <object_component id="oc-1c4">
         <name>.debug_abbrev</name>
         <load_address>0x7d3</load_address>
         <run_address>0x7d3</run_address>
         <size>0x29</size>
         <input_file_ref idref="fl-4"/>
      </object_component>
      <object_component id="oc-166">
         <name>.debug_abbrev</name>
         <load_address>0x7fc</load_address>
         <run_address>0x7fc</run_address>
         <size>0x8b</size>
         <input_file_ref idref="fl-4"/>
      </object_component>
      <object_component id="oc-1b3">
         <name>.debug_abbrev</name>
         <load_address>0x887</load_address>
         <run_address>0x887</run_address>
         <size>0xbb</size>
         <input_file_ref idref="fl-5"/>
      </object_component>
      <object_component id="oc-129">
         <name>.debug_abbrev</name>
         <load_address>0x942</load_address>
         <run_address>0x942</run_address>
         <size>0xaa</size>
         <input_file_ref idref="fl-5"/>
      </object_component>
      <object_component id="oc-1e0">
         <name>.debug_abbrev</name>
         <load_address>0x9ec</load_address>
         <run_address>0x9ec</run_address>
         <size>0x8c</size>
         <input_file_ref idref="fl-7"/>
      </object_component>
      <object_component id="oc-1de">
         <name>.debug_abbrev</name>
         <load_address>0xa78</load_address>
         <run_address>0xa78</run_address>
         <size>0x27</size>
         <input_file_ref idref="fl-7"/>
      </object_component>
      <object_component id="oc-18a">
         <name>.debug_abbrev</name>
         <load_address>0xa9f</load_address>
         <run_address>0xa9f</run_address>
         <size>0x7c</size>
         <input_file_ref idref="fl-7"/>
      </object_component>
      <object_component id="oc-1e4">
         <name>.debug_abbrev</name>
         <load_address>0xb1b</load_address>
         <run_address>0xb1b</run_address>
         <size>0xbd</size>
         <input_file_ref idref="fl-7"/>
      </object_component>
      <object_component id="oc-1af">
         <name>.debug_abbrev</name>
         <load_address>0xbd8</load_address>
         <run_address>0xbd8</run_address>
         <size>0xfd</size>
         <input_file_ref idref="fl-8"/>
      </object_component>
      <object_component id="oc-1a8">
         <name>.debug_abbrev</name>
         <load_address>0xcd5</load_address>
         <run_address>0xcd5</run_address>
         <size>0xb8</size>
         <input_file_ref idref="fl-8"/>
      </object_component>
      <object_component id="oc-167">
         <name>.debug_abbrev</name>
[...]
      </symbol>
      <symbol id="sm-99">
         <name>test_callback</name>
         <value>0x1263</value>
         <object_component_ref idref="oc-84"/>
      </symbol>
      <symbol id="sm-b3">
         <name>Reset_Handler</name>
         <value>0x19d3</value>
         <object_component_ref idref="oc-78"/>
      </symbol>
      <symbol id="sm-b4">
         <name>Default_Handler</name>
         <value>0x19df</value>
         <object_component_ref idref="oc-78"/>
      </symbol>
      <symbol id="sm-b5">
         <name>interruptVectors</name>
         <value>0x0</value>
         <object_component_ref idref="oc-2c"/>
      </symbol>
      <symbol id="sm-fb">
         <name>SystemInit</name>
         <value>0xe1d</value>
         <object_component_ref idref="oc-ca"/>
      </symbol>
      <symbol id="sm-fc">
         <name>SystemCoreClockUpdate</name>
         <value>0xba9</value>
         <object_component_ref idref="oc-ca"/>
      </symbol>
      <symbol id="sm-fd">
         <name>SystemCoreClock</name>
         <value>0x20000694</value>
         <object_component_ref idref="oc-163"/>
      </symbol>
      <symbol id="sm-11e">
         <name>bbreak_flg</name>
         <value>0x20000644</value>
      </symbol>
      <symbol id="sm-11f">
         <name>callback_np</name>
         <value>0x20000630</value>
      </symbol>
      <symbol id="sm-120">
         <name>PORT4_IRQHandler</name>
         <value>0x1459</value>
         <object_component_ref idref="oc-8a"/>
      </symbol>
      <symbol id="sm-121">
         <name>BBREAK_init</name>
         <value>0x13ad</value>
         <object_component_ref idref="oc-8a"/>
      </symbol>
      <symbol id="sm-122">
         <name>BBREAK_debounce</name>
         <value>0x1403</value>
         <object_component_ref idref="oc-8a"/>
      </symbol>
      <symbol id="sm-123">
         <name>BBREAK_check</name>
         <value>0x1449</value>
         <object_component_ref idref="oc-8a"/>
      </symbol>
      <symbol id="sm-145">
         <name>UART_init</name>
         <value>0x1775</value>
         <object_component_ref idref="oc-ed"/>
      </symbol>
      <symbol id="sm-17d">
         <name>current_task_data</name>
         <value>0x200005c0</value>
      </symbol>
      <symbol id="sm-17e">
         <name>port4_linkers</name>
         <value>0x20000645</value>
      </symbol>
      <symbol id="sm-17f">
         <name>DEBOUNCE_request</name>
         <value>0x1007</value>
         <object_component_ref idref="oc-111"/>
      </symbol>
      <symbol id="sm-180">
         <name>DEBOUNCE_callback</name>
         <value>0xf07</value>
         <object_component_ref idref="oc-111"/>
      </symbol>
      <symbol id="sm-181">
         <name>DEBOUNCE_repeater</name>
         <value>0x10cd</value>
         <object_component_ref idref="oc-111"/>
      </symbol>
      <symbol id="sm-182">
         <name>DEBOUNCE_clear_data</name>
         <value>0xed5</value>
         <object_component_ref idref="oc-111"/>
      </symbol>
      <symbol id="sm-21a">
         <name>TA</name>
         <value>0x20000400</value>
      </symbol>
      <symbol id="sm-21b">
         <name>TA_status</name>
         <value>0x20000640</value>
      </symbol>
      <symbol id="sm-21c">
         <name>TIMER_config_ccr_raw_cnt</name>
         <value>0x333</value>
         <object_component_ref idref="oc-7e"/>
      </symbol>
      <symbol id="sm-21d">
         <name>TIMER_pause</name>
         <value>0x5b5</value>
         <object_component_ref idref="oc-7e"/>
      </symbol>
      <symbol id="sm-21e">
         <name>TIMER_request</name>
         <value>0x769</value>
         <object_component_ref idref="oc-7e"/>
      </symbol>
      <symbol id="sm-21f">
         <name>TA3_N_IRQHandler</name>
         <value>0xaaf</value>
         <object_component_ref idref="oc-7e"/>
      </symbol>
      <symbol id="sm-220">
         <name>TIMER_callback_default</name>
         <value>0x8db</value>
         <object_component_ref idref="oc-7e"/>
      </symbol>
      <symbol id="sm-221">
         <name>TIMER_config_raw</name>
         <value>0xe5</value>
         <object_component_ref idref="oc-7e"/>
      </symbol>
      <symbol id="sm-222">
         <name>TA1_N_IRQHandler</name>
         <value>0x8e5</value>
         <object_component_ref idref="oc-7e"/>
      </symbol>
      <symbol id="sm-223">
         <name>TIMER_set_callback</name>
         <value>0x70d</value>
         <object_component_ref idref="oc-7e"/>
      </symbol>
      <symbol id="sm-224">
         <name>TIMER_kill_raw</name>
         <value>0x5fd</value>
         <object_component_ref idref="oc-7e"/>
      </symbol>
      <symbol id="sm-225">
         <name>TIMER_kill</name>
         <value>0x805</value>
         <object_component_ref idref="oc-7e"/>
      </symbol>
      <symbol id="sm-226">
         <name>TIMER_init</name>
         <value>0x87b</value>
         <object_component_ref idref="oc-7e"/>
      </symbol>
      <symbol id="sm-227">
         <name>TIMER_calculate_deviders_s</name>
         <value>0x2b5</value>
         <object_component_ref idref="oc-7e"/>
      </symbol>
      <symbol id="sm-228">
         <name>TIMER_calculate_deviders_l</name>
         <value>0x307</value>
         <object_component_ref idref="oc-7e"/>
      </symbol>
      <symbol id="sm-229">
         <name>TIMER_begin</name>
         <value>0x569</value>
         <object_component_ref idref="oc-7e"/>
      </symbol>
      <symbol id="sm-22a">
         <name>TIMER_reset_raw</name>
         <value>0x6b7</value>
         <object_component_ref idref="oc-7e"/>
      </symbol>
      <symbol id="sm-22b">
         <name>TA2_N_IRQHandler</name>
         <value>0xa17</value>
         <object_component_ref idref="oc-7e"/>
      </symbol>
      <symbol id="sm-22c">
         <name>TIMER_load_devider</name>
         <value>0x3c1</value>
         <object_component_ref idref="oc-7e"/>
      </symbol>
      <symbol id="sm-22d">
         <name>TA0_N_IRQHandler</name>
         <value>0x97d</value>
         <object_component_ref idref="oc-7e"/>
      </symbol>
      <symbol id="sm-22e">
         <name>TIMER_config_l</name>
         <value>0x167</value>
         <object_component_ref idref="oc-7e"/>
      </symbol>
      <symbol id="sm-22f">
         <name>TIMER_config</name>
         <value>0x1e7</value>
         <object_component_ref idref="oc-7e"/>
      </symbol>
      <symbol id="sm-230">
         <name>TIMER_config_cnt_raw</name>
         <value>0x829</value>
         <object_component_ref idref="oc-7e"/>
      </symbol>
      <symbol id="sm-246">
         <name>CS_setDCOCenteredFrequency</name>
         <value>0x1911</value>
         <object_component_ref idref="oc-105"/>
      </symbol>
      <symbol id="sm-26b">
         <name>GPIO_getInputPinValue</name>
         <value>0x1959</value>
         <object_component_ref idref="oc-1a2"/>
      </symbol>
      <symbol id="sm-26c">
         <name>GPIO_setAsPeripheralModuleFunctionInputPin</name>
         <value>0x18c9</value>
         <object_component_ref idref="oc-f9"/>
      </symbol>
      <symbol id="sm-29c">
         <name>Interrupt_enableMaster</name>
         <value>0x19b5</value>
         <object_component_ref idref="oc-10b"/>
      </symbol>
      <symbol id="sm-29d">
         <name>Interrupt_enableInterrupt</name>
         <value>0x1711</value>
         <object_component_ref idref="oc-d5"/>
      </symbol>
      <symbol id="sm-2d8">
         <name>UART_enableInterrupt</name>
         <value>0x1989</value>
         <object_component_ref idref="oc-ff"/>
      </symbol>
      <symbol id="sm-2d9">
         <name>UART_enableModule</name>
         <value>0x19f9</value>
         <object_component_ref idref="oc-f3"/>
      </symbol>
      <symbol id="sm-2da">
         <name>UART_disableModule</name>
         <value>0x19ed</value>
         <object_component_ref idref="oc-e7"/>
      </symbol>
      <symbol id="sm-2db">
         <name>UART_transmitData</name>
         <value>0x1935</value>
         <object_component_ref idref="oc-117"/>
      </symbol>
      <symbol id="sm-2dc">
         <name>UART_initModule</name>
         <value>0x1529</value>
         <object_component_ref idref="oc-181"/>
      </symbol>
      <symbol id="sm-2e6">
         <name>CPU_cpsie</name>
         <value>0x19e1</value>
         <object_component_ref idref="oc-19b"/>
      </symbol>
      <symbol id="sm-2f7">
         <name>_c_int00</name>
         <value>0x17d5</value>
         <object_component_ref idref="oc-26"/>
      </symbol>
      <symbol id="sm-2f8">
         <name>__stack</name>
         <value>0x2000fe00</value>
         <object_component_ref idref="oc-2f"/>
      </symbol>
      <symbol id="sm-316">
         <name>__TI_decompress_lzss</name>
         <value>0x16a9</value>
         <object_component_ref idref="oc-14"/>
      </symbol>
      <symbol id="sm-32d">
         <name>__TI_decompress_none</name>
         <value>0x19c5</value>
         <object_component_ref idref="oc-1a"/>
      </symbol>
      <symbol id="sm-344">
         <name>__TI_zero_init</name>
         <value>0x1a05</value>
         <object_component_ref idref="oc-20"/>
      </symbol>
      <symbol id="sm-365">
         <name>C$$EXIT</name>
         <value>0x1829</value>
         <object_component_ref idref="oc-6e"/>
      </symbol>
      <symbol id="sm-366">
         <name>abort</name>
         <value>0x182d</value>
         <object_component_ref idref="oc-6e"/>
      </symbol>
      <symbol id="sm-367">
         <name>exit</name>
         <value>0x1835</value>
         <object_component_ref idref="oc-6e"/>
      </symbol>
      <symbol id="sm-368">
         <name>__TI_dtors_ptr</name>
         <value>0x2000067c</value>
         <object_component_ref idref="oc-bf"/>
      </symbol>
      <symbol id="sm-369">
         <name>__TI_cleanup_ptr</name>
         <value>0x20000678</value>
         <object_component_ref idref="oc-bf"/>
      </symbol>
      <symbol id="sm-36a">
         <name>__TI_enable_exit_profile_output</name>
         <value>0x20000680</value>
         <object_component_ref idref="oc-bf"/>
      </symbol>
      <symbol id="sm-385">
         <name>memcpy</name>
         <value>0x148d</value>
         <object_component_ref idref="oc-3e"/>
      </symbol>
      <symbol id="sm-386">
         <name>__aeabi_memcpy</name>
         <value>0x148d</value>
         <object_component_ref idref="oc-3e"/>
      </symbol>
      <symbol id="sm-387">
         <name>__aeabi_memcpy8</name>
         <value>0x148d</value>
         <object_component_ref idref="oc-3e"/>
      </symbol>
      <symbol id="sm-388">
         <name>__aeabi_memcpy4</name>
         <value>0x148d</value>
         <object_component_ref idref="oc-3e"/>
      </symbol>
      <symbol id="sm-39d">
         <name>_sys_memory</name>
         <value>0x20000000</value>
         <object_component_ref idref="oc-30"/>
      </symbol>
      <symbol id="sm-3ac">
         <name>__aeabi_memset</name>
         <value>0x15bf</value>
         <object_component_ref idref="oc-4a"/>
      </symbol>
      <symbol id="sm-3ad">
         <name>memset</name>
         <value>0x15c5</value>
         <object_component_ref idref="oc-4a"/>
      </symbol>
      <symbol id="sm-3ae">
         <name>__aeabi_memset8</name>
         <value>0x15bf</value>
         <object_component_ref idref="oc-4a"/>
      </symbol>
      <symbol id="sm-3af">
         <name>__aeabi_memset4</name>
         <value>0x15bf</value>
         <object_component_ref idref="oc-4a"/>
      </symbol>
      <symbol id="sm-3b0">
         <name>__aeabi_memclr8</name>
         <value>0x15bd</value>
         <object_component_ref idref="oc-4a"/>
      </symbol>
      <symbol id="sm-3b1">
         <name>__aeabi_memclr4</name>
         <value>0x15bd</value>
         <object_component_ref idref="oc-4a"/>
      </symbol>
      <symbol id="sm-3b2">
         <name>__aeabi_memclr</name>
         <value>0x15bd</value>
         <object_component_ref idref="oc-4a"/>
      </symbol>
      <symbol id="sm-3bc">
         <name>__mpu_init</name>
         <value>0x1637</value>
         <object_component_ref idref="oc-56"/>
      </symbol>
      <symbol id="sm-3c6">
         <name>_system_pre_init</name>
         <value>0x1a11</value>
         <object_component_ref idref="oc-5c"/>
      </symbol>
      <symbol id="sm-3ce">
         <name>main_func_sp</name>
         <value>0x20000690</value>
         <object_component_ref idref="oc-74"/>
      </symbol>
      <symbol id="sm-3e7">
         <name>_nop</name>
         <value>0x19af</value>
         <object_component_ref idref="oc-157"/>
      </symbol>
      <symbol id="sm-3e8">
         <name>_lock</name>
         <value>0x20000684</value>
         <object_component_ref idref="oc-c2"/>
      </symbol>
      <symbol id="sm-3e9">
         <name>_unlock</name>
         <value>0x20000688</value>
         <object_component_ref idref="oc-c2"/>
      </symbol>
      <symbol id="sm-3ea">
         <name>_register_lock</name>
         <value>0x19a7</value>
         <object_component_ref idref="oc-157"/>
      </symbol>
      <symbol id="sm-3eb">
         <name>_register_unlock</name>
         <value>0x19a1</value>
         <object_component_ref idref="oc-157"/>
      </symbol>
      <symbol id="sm-3ff">
         <name>_args_main</name>
         <value>0x1971</value>
         <object_component_ref idref="oc-68"/>
      </symbol>
      <symbol id="sm-429">
         <name>__TI_auto_init</name>
         <value>0x1639</value>
         <object_component_ref idref="oc-62"/>
      </symbol>
      <symbol id="sm-443">
         <name>copy_in</name>
         <value>0x187d</value>
         <object_component_ref idref="oc-af"/>
      </symbol>
      <symbol id="sm-44d">
         <name>_system_post_cinit</name>
         <value>0x199f</value>
         <object_component_ref idref="oc-b5"/>
      </symbol>
      <symbol id="sm-44e">
         <name>__TI_static_base__</name>
         <value>0x0</value>
      </symbol>
      <symbol id="sm-451">
         <name>SHT$$INIT_ARRAY$$Limit</name>
         <value>0x0</value>
      </symbol>
      <symbol id="sm-452">
         <name>SHT$$INIT_ARRAY$$Base</name>
         <value>0x0</value>
      </symbol>
      <symbol id="sm-453">
         <name>NMI_Handler</name>
         <value>0x19df</value>
      </symbol>
      <symbol id="sm-454">
         <name>HardFault_Handler</name>
         <value>0x19df</value>
      </symbol>
      <symbol id="sm-455">
         <name>MemManage_Handler</name>
         <value>0x19df</value>
      </symbol>
      <symbol id="sm-456">
         <name>BusFault_Handler</name>
         <value>0x19df</value>
      </symbol>
      <symbol id="sm-457">
         <name>UsageFault_Handler</name>
         <value>0x19df</value>
      </symbol>
      <symbol id="sm-458">
         <name>SVC_Handler</name>
         <value>0x19df</value>
      </symbol>
      <symbol id="sm-459">
         <name>DebugMon_Handler</name>
         <value>0x19df</value>
      </symbol>
      <symbol id="sm-45a">
         <name>PendSV_Handler</name>
         <value>0x19df</value>
      </symbol>
      <symbol id="sm-45b">
         <name>SysTick_Handler</name>
         <value>0x19df</value>
      </symbol>
      <symbol id="sm-45c">
         <name>PSS_IRQHandler</name>
         <value>0x19df</value>
      </symbol>
      <symbol id="sm-45d">
         <name>CS_IRQHandler</name>
         <value>0x19df</value>
      </symbol>
      <symbol id="sm-45e">
         <name>PCM_IRQHandler</name>
         <value>0x19df</value>
      </symbol>
      <symbol id="sm-45f">
         <name>WDT_A_IRQHandler</name>
         <value>0x19df</value>
      </symbol>
      <symbol id="sm-460">
         <name>FPU_IRQHandler</name>
         <value>0x19df</value>
      </symbol>
      <symbol id="sm-461">
         <name>FLCTL_IRQHandler</name>
         <value>0x19df</value>
      </symbol>
      <symbol id="sm-462">
         <name>COMP_E0_IRQHandler</name>
         <value>0x19df</value>
      </symbol>
      <symbol id="sm-463">
         <name>COMP_E1_IRQHandler</name>
         <value>0x19df</value>
      </symbol>
      <symbol id="sm-464">
         <name>TA0_0_IRQHandler</name>
         <value>0x19df</value>
      </symbol>
      <symbol id="sm-465">
         <name>TA0_N_IRQHandler</name>
         <value>0x97d</value>
      </symbol>
      <symbol id="sm-466">
         <name>TA1_0_IRQHandler</name>
         <value>0x19df</value>
      </symbol>
      <symbol id="sm-467">
         <name>TA1_N_IRQHandler</name>
         <value>0x8e5</value>
      </symbol>
      <symbol id="sm-468">
         <name>TA2_0_IRQHandler</name>
         <value>0x19df</value>
      </symbol>
      <symbol id="sm-469">
         <name>TA2_N_IRQHandler</name>
         <value>0xa17</value>
      </symbol>
      <symbol id="sm-46a">
         <name>TA3_0_IRQHandler</name>
         <value>0x19df</value>
      </symbol>
      <symbol id="sm-46b">
         <name>TA3_N_IRQHandler</name>
         <value>0xaaf</value>
      </symbol>
      <symbol id="sm-46c">
         <name>EUSCIA0_IRQHandler</name>
         <value>0x124d</value>
      </symbol>
      <symbol id="sm-46d">
         <name>EUSCIA1_IRQHandler</name>
         <value>0x19df</value>
      </symbol>
      <symbol id="sm-46e">
         <name>EUSCIA2_IRQHandler</name>
         <value>0x19df</value>
      </symbol>
      <symbol id="sm-46f">
         <name>EUSCIA3_IRQHandler</name>
         <value>0x19df</value>
      </symbol>
      <symbol id="sm-470">
         <name>EUSCIB0_IRQHandler</name>
         <value>0x19df</value>
      </symbol>
      <symbol id="sm-471">
         <name>EUSCIB1_IRQHandler</name>
         <value>0x19df</value>
      </symbol>
      <symbol id="sm-472">
         <name>EUSCIB2_IRQHandler</name>
         <value>0x19df</value>
      </symbol>
      <symbol id="sm-473">
         <name>EUSCIB3_IRQHandler</name>
         <value>0x19df</value>
      </symbol>
      <symbol id="sm-474">
         <name>ADC14_IRQHandler</name>
         <value>0x19df</value>
      </symbol>
      <symbol id="sm-475">
         <name>T32_INT1_IRQHandler</name>
         <value>0x19df</value>
      </symbol>
      <symbol id="sm-476">
         <name>T32_INT2_IRQHandler</name>
         <value>0x19df</value>
      </symbol>
      <symbol id="sm-477">
         <name>T32_INTC_IRQHandler</name>
         <value>0x19df</value>
      </symbol>
      <symbol id="sm-478">
         <name>AES256_IRQHandler</name>
         <value>0x19df</value>
      </symbol>
      <symbol id="sm-479">
         <name>RTC_C_IRQHandler</name>
         <value>0x19df</value>
      </symbol>
      <symbol id="sm-47a">
         <name>DMA_ERR_IRQHandler</name>
         <value>0x19df</value>
      </symbol>
      <symbol id="sm-47b">
         <name>DMA_INT3_IRQHandler</name>
         <value>0x19df</value>
      </symbol>
      <symbol id="sm-47c">
         <name>DMA_INT2_IRQHandler</name>
         <value>0x19df</value>
      </symbol>
      <symbol id="sm-47d">
         <name>DMA_INT1_IRQHandler</name>
         <value>0x19df</value>
      </symbol>
      <symbol id="sm-47e">
         <name>DMA_INT0_IRQHandler</name>
         <value>0x19df</value>
      </symbol>
      <symbol id="sm-47f">
         <name>PORT1_IRQHandler</name>
         <value>0x129d</value>
      </symbol>
      <symbol id="sm-480">
         <name>PORT2_IRQHandler</name>
         <value>0x1331</value>
      </symbol>
      <symbol id="sm-481">
         <name>PORT3_IRQHandler</name>
         <value>0x19df</value>
      </symbol>
      <symbol id="sm-482">
         <name>PORT4_IRQHandler</name>
         <value>0x1459</value>
      </symbol>
      <symbol id="sm-483">
         <name>PORT5_IRQHandler</name>
         <value>0x19df</value>
      </symbol>
      <symbol id="sm-484">
         <name>PORT6_IRQHandler</name>
         <value>0x19df</value>
      </symbol>
   </symbol_table>
   <title>Link successful</title>
</link_info>
