******************************************************************************
                  TI ARM Linker PC v16.9.1                     
******************************************************************************
>> Linked Fri Aug 04 14:30:47 2017

OUTPUT FILE NAME:   <VOLETRON.out>
ENTRY POINT SYMBOL: "_c_int00"  address: 00001f5d


MEMORY CONFIGURATION

         name            origin    length      used     unused   attr    fill
----------------------  --------  ---------  --------  --------  ----  --------
  MAIN                  00000000   00040000  00002284  0003dd7c  R  X
  INFO                  00200000   00004000  00000000  00004000  R  X
  SRAM_CODE             01000000   00010000  000008e6  0000f71a  RW X
  SRAM_DATA             20000000   00010000  000008e6  0000f71a  RW  


SEGMENT ALLOCATION MAP

run origin  load origin   length   init length attrs members
----------  ----------- ---------- ----------- ----- -------
00000000    00000000    00002288   00002288    r-x
  00000000    00000000    000000e4   000000e4    r-- .intvecs
  000000e4    000000e4    000020d4   000020d4    r-x .text
  000021b8    000021b8    00000064   00000064    r-- .const
  00002220    00002220    00000068   00000068    r-- .cinit
20000000    20000000    000006e8   00000000    rw-
  20000000    20000000    00000400   00000000    rw- .sysmem
  20000400    20000400    0000028e   00000000    rw- .bss
  20000690    20000690    00000058   00000000    rw- .data
2000fe00    2000fe00    00000200   00000000    rw-
  2000fe00    2000fe00    00000200   00000000    rw- .stack


SECTION ALLOCATION MAP

 output                                  attributes/
section   page    origin      length       input sections
--------  ----  ----------  ----------   ----------------
.intvecs   0    00000000    000000e4     
                  00000000    000000e4     startup_msp432p401r_ccs.obj (.intvecs:retain)

.binit     0    00000000    00000000     

.text      0    000000e4    000020d4     
                  000000e4    00000ae4     timer.obj (.text)
                  00000bc8    000003d0     rtsv7M4_T_le_v4SPD16_eabi.lib : memory.obj (.text)
                  00000f98    0000032c     system_msp432p401r.obj (.text)
                  000012c4    000002f0     debounce.obj (.text)
                  000015b4    00000274     custom_uart.obj (.text)
                  00001828    00000214     main.obj (.text)
                  00001a3c    00000156     circbuf.obj (.text)
                  00001b92    00000002     rtsv7M4_T_le_v4SPD16_eabi.lib : mpu_init.obj (.text)
                  00001b94    000000e0     beambreak.obj (.text)
                  00001c74    0000009c     rtsv7M4_T_le_v4SPD16_eabi.lib : memcpy_t2.obj (.text)
                  00001d10    00000094     msp432p4xx_driverlib.lib : uart.o (.text:UART_initModule)
                  00001da4    0000007a     rtsv7M4_T_le_v4SPD16_eabi.lib : memset_t2.obj (.text)
                  00001e1e    00000002                                   : startup.obj (.text)
                  00001e20    00000070                                   : autoinit.obj (.text)
                  00001e90    00000068                                   : copy_decompress_lzss.obj (.text:decompress:lzss)
                  00001ef8    00000064     msp432p4xx_driverlib.lib : interrupt.o (.text:Interrupt_enableInterrupt)
                  00001f5c    00000054     rtsv7M4_T_le_v4SPD16_eabi.lib : boot.obj (.text)
                  00001fb0    00000054                                   : exit.obj (.text)
                  00002004    0000004c                                   : cpy_tbl.obj (.text)
                  00002050    00000048     msp432p4xx_driverlib.lib : gpio.o (.text:GPIO_setAsPeripheralModuleFunctionInputPin)
                  00002098    00000024                              : cs.o (.text:CS_setDCOCenteredFrequency)
                  000020bc    00000024                              : uart.o (.text:UART_transmitData)
                  000020e0    00000018                              : gpio.o (.text:GPIO_getInputPinValue)
                  000020f8    00000018     rtsv7M4_T_le_v4SPD16_eabi.lib : args_main.obj (.text)
                  00002110    00000016     msp432p4xx_driverlib.lib : uart.o (.text:UART_enableInterrupt)
                  00002126    00000002     --HOLE-- [fill = 0]
                  00002128    00000014     rtsv7M4_T_le_v4SPD16_eabi.lib : _lock.obj (.text)
                  0000213c    00000010     msp432p4xx_driverlib.lib : interrupt.o (.text:Interrupt_disableMaster)
                  0000214c    00000010                              : interrupt.o (.text:Interrupt_enableMaster)
                  0000215c    0000000e     rtsv7M4_T_le_v4SPD16_eabi.lib : copy_decompress_none.obj (.text:decompress:none)
                  0000216a    0000000e     startup_msp432p401r_ccs.obj (.text)
                  00002178    0000000c     msp432p4xx_driverlib.lib : cpu.o (.text:CPU_cpsid)
                  00002184    0000000c                              : cpu.o (.text:CPU_cpsie)
                  00002190    0000000c                              : uart.o (.text:UART_disableModule)
                  0000219c    0000000c                              : uart.o (.text:UART_enableModule)
                  000021a8    0000000c     rtsv7M4_T_le_v4SPD16_eabi.lib : copy_zero_init.obj (.text:decompress:ZI)
                  000021b4    00000004                                   : pre_init.obj (.text)

.const     0    000021b8    00000064     
                  000021b8    00000040     msp432p4xx_driverlib.lib : interrupt.o (.const)
                  000021f8    00000024     custom_uart.obj (.const:$P$T0$1)

.cinit     0    00002220    00000068     
                  00002220    00000044     (.cinit..data.load) [load image, compression = lzss]
                  00002264    0000000c     (__TI_handler_table)
                  00002270    00000008     (.cinit..bss.load) [load image, compression = zero_init]
                  00002278    00000010     (__TI_cinit_table)

.init_array 
*          0    00000000    00000000     UNINITIALIZED

.sysmem    0    20000000    00000400     UNINITIALIZED
                  20000000    00000008     rtsv7M4_T_le_v4SPD16_eabi.lib : memory.obj (.sysmem)
                  20000008    000003f8     --HOLE--

.bss       0    20000400    0000028e     UNINITIALIZED
                  20000400    000001c0     (.common:TA)
                  200005c0    00000060     (.common:current_task_data)
                  20000620    00000040     (.common:uart_tx_buf)
                  20000660    00000010     timer.obj (.bss)
                  20000670    00000010     (.common:callback_np)
                  20000680    00000008     (.common:prelim_beep)
                  20000688    00000004     (.common:TA_status)
                  2000068c    00000001     (.common:bbreak_flg)
                  2000068d    00000001     (.common:port4_linkers)

.data      0    20000690    00000058     UNINITIALIZED
                  20000690    00000030     msp432p4xx_driverlib.lib : gpio.o (.data:GPIO_PORT_TO_BASE)
                  200006c0    0000000c     rtsv7M4_T_le_v4SPD16_eabi.lib : exit.obj (.data:$O1$$)
                  200006cc    0000000c                                   : memory.obj (.data:$O1$$)
                  200006d8    00000008                                   : _lock.obj (.data:$O1$$)
                  200006e0    00000004                                   : stkdepth_vars.obj (.data)
                  200006e4    00000004     system_msp432p401r.obj (.data)

.stack     0    2000fe00    00000200     UNINITIALIZED
                  2000fe00    00000200     --HOLE--

MODULE SUMMARY

       Module                        code   ro data   rw data
       ------                        ----   -------   -------
    .\
       system_msp432p401r.obj        812    0         8      
       main.obj                      532    0         16     
       startup_msp432p401r_ccs.obj   14     228       0      
    +--+-----------------------------+------+---------+---------+
       Total:                        1358   228       24     
                                                             
    .\voles\
       timer.obj                     2788   0         936    
       debounce.obj                  752    0         194    
       custom_uart.obj               628    36        128    
       circbuf.obj                   342    0         0      
       beambreak.obj                 224    0         34     
    +--+-----------------------------+------+---------+---------+
       Total:                        4734   36        1292   
                                                             
    ../msp432p4xx_driverlib.lib
       uart.o                        230    0         0      
       interrupt.o                   132    64        0      
       gpio.o                        96     0         96     
       cs.o                          36     0         0      
       cpu.o                         24     0         0      
    +--+-----------------------------+------+---------+---------+
       Total:                        518    64        96     
                                                             
    C:\ti\ccsv7\tools\compiler\ti-cgt-arm_16.9.1.LTS\lib\rtsv7M4_T_le_v4SPD16_eabi.lib
       memory.obj                    976    0         24     
       memcpy_t2.obj                 156    0         0      
       memset_t2.obj                 122    0         0      
       autoinit.obj                  112    0         0      
       exit.obj                      84     0         24     
       copy_decompress_lzss.obj      104    0         0      
       boot.obj                      84     0         0      
       cpy_tbl.obj                   76     0         0      
       _lock.obj                     20     0         16     
       args_main.obj                 24     0         0      
       copy_decompress_none.obj      14     0         0      
       copy_zero_init.obj            12     0         0      
       stkdepth_vars.obj             0      0         8      
       pre_init.obj                  4      0         0      
       mpu_init.obj                  2      0         0      
       startup.obj                   2      0         0      
    +--+-----------------------------+------+---------+---------+
       Total:                        1792   0         72     
                                                             
       Heap:                         0      0         2048   
       Stack:                        0      0         1024   
       Linker Generated:             0      104       0      
    +--+-----------------------------+------+---------+---------+
       Grand Total:                  8402   432       4556   


LINKER GENERATED COPY TABLES

__TI_cinit_table @ 00002278 records: 2, size/record: 8, table size: 16
	.data: load addr=00002220, load size=00000044 bytes, run addr=20000690, run size=00000058 bytes, compression=lzss
	.bss: load addr=00002270, load size=00000008 bytes, run addr=20000400, run size=0000028e bytes, compression=zero_init


LINKER GENERATED HANDLER TABLE

__TI_handler_table @ 00002264 records: 3, size/record: 4, table size: 12
	index: 0, handler: __TI_decompress_lzss
	index: 1, handler: __TI_decompress_none
	index: 2, handler: __TI_zero_init


GLOBAL SYMBOLS: SORTED ALPHABETICALLY BY Name 

address   name                                      
-------   ----                                      
00002177  ADC14_IRQHandler                          
00002177  AES256_IRQHandler                         
00001c31  BBREAK_check                              
00001beb  BBREAK_debounce                           
00001b95  BBREAK_init                               
00002177  BusFault_Handler                          
00001fb1  C$$EXIT                                   
00001b53  CIRCBUF_delete                            
00001a3d  CIRCBUF_init                              
00001af1  CIRCBUF_pop                               
00001a85  CIRCBUF_push                              
00001b6b  CIRCBUF_read                              
00002177  COMP_E0_IRQHandler                        
00002177  COMP_E1_IRQHandler                        
00002179  CPU_cpsid                                 
00002185  CPU_cpsie                                 
00002177  CS_IRQHandler                             
00002099  CS_setDCOCenteredFrequency                
000012f7  DEBOUNCE_callback                         
000012c5  DEBOUNCE_clear_data                       
000014bd  DEBOUNCE_repeater                         
000013f7  DEBOUNCE_request                          
00002177  DMA_ERR_IRQHandler                        
00002177  DMA_INT0_IRQHandler                       
00002177  DMA_INT1_IRQHandler                       
00002177  DMA_INT2_IRQHandler                       
00002177  DMA_INT3_IRQHandler                       
00002177  DebugMon_Handler                          
00002177  Default_Handler                           
0000177b  EUSCIA0_IRQHandler                        
0000177b  EUSCIA0_IRQHandler                        
00002177  EUSCIA1_IRQHandler                        
000017a5  EUSCIA2_IRQHandler                        
000017a5  EUSCIA2_IRQHandler                        
000017cf  EUSCIA3_IRQHandler                        
000017cf  EUSCIA3_IRQHandler                        
00002177  EUSCIB0_IRQHandler                        
00002177  EUSCIB1_IRQHandler                        
00002177  EUSCIB2_IRQHandler                        
00002177  EUSCIB3_IRQHandler                        
00002177  FLCTL_IRQHandler                          
00002177  FPU_IRQHandler                            
000020e1  GPIO_getInputPinValue                     
00002051  GPIO_setAsPeripheralModuleFunctionInputPin
00002177  HardFault_Handler                         
0000213d  Interrupt_disableMaster                   
00001ef9  Interrupt_enableInterrupt                 
0000214d  Interrupt_enableMaster                    
00002177  MemManage_Handler                         
00002177  NMI_Handler                               
00002177  PCM_IRQHandler                            
000018d5  PORT1_IRQHandler                          
000018d5  PORT1_IRQHandler                          
00001969  PORT2_IRQHandler                          
00001969  PORT2_IRQHandler                          
00002177  PORT3_IRQHandler                          
00001c41  PORT4_IRQHandler                          
00001c41  PORT4_IRQHandler                          
00002177  PORT5_IRQHandler                          
00002177  PORT6_IRQHandler                          
00002177  PSS_IRQHandler                            
00002177  PendSV_Handler                            
00002177  RTC_C_IRQHandler                          
0000216b  Reset_Handler                             
UNDEFED   SHT$$INIT_ARRAY$$Base                     
UNDEFED   SHT$$INIT_ARRAY$$Limit                    
00002177  SVC_Handler                               
00002177  SysTick_Handler                           
200006e4  SystemCoreClock                           
00000f99  SystemCoreClockUpdate                     
0000120d  SystemInit                                
00002177  T32_INT1_IRQHandler                       
00002177  T32_INT2_IRQHandler                       
00002177  T32_INTC_IRQHandler                       
20000400  TA                                        
00002177  TA0_0_IRQHandler                          
0000099d  TA0_N_IRQHandler                          
0000099d  TA0_N_IRQHandler                          
00002177  TA1_0_IRQHandler                          
00000905  TA1_N_IRQHandler                          
00000905  TA1_N_IRQHandler                          
00002177  TA2_0_IRQHandler                          
00000a37  TA2_N_IRQHandler                          
00000a37  TA2_N_IRQHandler                          
00002177  TA3_0_IRQHandler                          
00000acf  TA3_N_IRQHandler                          
00000acf  TA3_N_IRQHandler                          
20000688  TA_status                                 
00000569  TIMER_begin                               
00000307  TIMER_calculate_deviders_l                
000002b5  TIMER_calculate_deviders_s                
000008f7  TIMER_callback_default                    
000001e7  TIMER_config                              
00000333  TIMER_config_ccr_raw_cnt                  
00000845  TIMER_config_cnt_raw                      
00000167  TIMER_config_l                            
000000e5  TIMER_config_raw                          
00000b67  TIMER_default_callback                    
00000897  TIMER_init                                
00000823  TIMER_kill                                
000005fd  TIMER_kill_raw                            
000003c1  TIMER_load_devider                        
000005b5  TIMER_pause                               
00000787  TIMER_request                             
000006d5  TIMER_reset_raw                           
0000072b  TIMER_set_callback                        
00002191  UART_disableModule                        
00002111  UART_enableInterrupt                      
0000219d  UART_enableModule                         
00001d11  UART_initModule                           
000020bd  UART_transmitData                         
00002177  UsageFault_Handler                        
000015b5  VUART_init                                
0000168b  VUART_tx_byte                             
000016bd  VUART_tx_string                           
4000480c  WDTCTL_SYM                                
00002177  WDT_A_IRQHandler                          
20010000  __STACK_END                               
00000200  __STACK_SIZE                              
00000400  __SYSMEM_SIZE                             
00002278  __TI_CINIT_Base                           
00002288  __TI_CINIT_Limit                          
00002264  __TI_Handler_Table_Base                   
00002270  __TI_Handler_Table_Limit                  
00001e21  __TI_auto_init                            
200006c0  __TI_cleanup_ptr                          
00001e91  __TI_decompress_lzss                      
0000215d  __TI_decompress_none                      
200006c4  __TI_dtors_ptr                            
200006c8  __TI_enable_exit_profile_output           
ffffffff  __TI_pprof_out_hndl                       
ffffffff  __TI_prof_data_size                       
ffffffff  __TI_prof_data_start                      
00000000  __TI_static_base__                        
000021a9  __TI_zero_init                            
00001da5  __aeabi_memclr                            
00001da5  __aeabi_memclr4                           
00001da5  __aeabi_memclr8                           
00001c75  __aeabi_memcpy                            
00001c75  __aeabi_memcpy4                           
00001c75  __aeabi_memcpy8                           
00001da7  __aeabi_memset                            
00001da7  __aeabi_memset4                           
00001da7  __aeabi_memset8                           
ffffffff  __binit__                                 
ffffffff  __c_args__                                
00001b93  __mpu_init                                
2000fe00  __stack                                   
000020f9  _args_main                                
00001f5d  _c_int00                                  
200006d8  _lock                                     
00002137  _nop                                      
0000212f  _register_lock                            
00002129  _register_unlock                          
20000000  _sys_memory                               
00001e1f  _system_post_cinit                        
000021b5  _system_pre_init                          
200006dc  _unlock                                   
00001fb5  abort                                     
2000068c  bbreak_flg                                
000019c7  beep                                      
ffffffff  binit                                     
20000670  callback_np                               
00000f69  calloc                                    
00002005  copy_in                                   
200005c0  current_task_data                         
00001fbd  exit                                      
00000cb3  free                                      
00000000  interruptVectors                          
00001829  main                                      
200006e0  main_func_sp                              
00000c49  malloc                                    
00000e7d  memalign                                  
00001c75  memcpy                                    
00001dad  memset                                    
00000bc9  minit                                     
2000068d  port4_linkers                             
20000680  prelim_beep                               
00000d75  realloc                                   
000018b9  test_callback                             
000018c5  test_callback1                            
000018d1  test_callback2                            
000018d3  test_callback3                            
20000620  uart_tx_buf                               


GLOBAL SYMBOLS: SORTED BY Symbol Address 

address   name                                      
-------   ----                                      
00000000  __TI_static_base__                        
00000000  interruptVectors                          
000000e5  TIMER_config_raw                          
00000167  TIMER_config_l                            
000001e7  TIMER_config                              
00000200  __STACK_SIZE                              
000002b5  TIMER_calculate_deviders_s                
00000307  TIMER_calculate_deviders_l                
00000333  TIMER_config_ccr_raw_cnt                  
000003c1  TIMER_load_devider                        
00000400  __SYSMEM_SIZE                             
00000569  TIMER_begin                               
000005b5  TIMER_pause                               
000005fd  TIMER_kill_raw                            
000006d5  TIMER_reset_raw                           
0000072b  TIMER_set_callback                        
00000787  TIMER_request                             
00000823  TIMER_kill                                
00000845  TIMER_config_cnt_raw                      
00000897  TIMER_init                                
000008f7  TIMER_callback_default                    
00000905  TA1_N_IRQHandler                          
00000905  TA1_N_IRQHandler                          
0000099d  TA0_N_IRQHandler                          
0000099d  TA0_N_IRQHandler                          
00000a37  TA2_N_IRQHandler                          
00000a37  TA2_N_IRQHandler                          
00000acf  TA3_N_IRQHandler                          
00000acf  TA3_N_IRQHandler                          
00000b67  TIMER_default_callback                    
00000bc9  minit                                     
00000c49  malloc                                    
00000cb3  free                                      
00000d75  realloc                                   
00000e7d  memalign                                  
00000f69  calloc                                    
00000f99  SystemCoreClockUpdate                     
0000120d  SystemInit                                
000012c5  DEBOUNCE_clear_data                       
000012f7  DEBOUNCE_callback                         
000013f7  DEBOUNCE_request                          
000014bd  DEBOUNCE_repeater                         
000015b5  VUART_init                                
0000168b  VUART_tx_byte                             
000016bd  VUART_tx_string                           
0000177b  EUSCIA0_IRQHandler                        
0000177b  EUSCIA0_IRQHandler                        
000017a5  EUSCIA2_IRQHandler                        
000017a5  EUSCIA2_IRQHandler                        
000017cf  EUSCIA3_IRQHandler                        
000017cf  EUSCIA3_IRQHandler                        
00001829  main                                      
000018b9  test_callback                             
000018c5  test_callback1                            
000018d1  test_callback2                            
000018d3  test_callback3                            
000018d5  PORT1_IRQHandler                          
000018d5  PORT1_IRQHandler                          
00001969  PORT2_IRQHandler                          
00001969  PORT2_IRQHandler                          
000019c7  beep                                      
00001a3d  CIRCBUF_init                              
00001a85  CIRCBUF_push                              
00001af1  CIRCBUF_pop                               
00001b53  CIRCBUF_delete                            
00001b6b  CIRCBUF_read                              
00001b93  __mpu_init                                
00001b95  BBREAK_init                               
00001beb  BBREAK_debounce                           
00001c31  BBREAK_check                              
00001c41  PORT4_IRQHandler                          
00001c41  PORT4_IRQHandler                          
00001c75  __aeabi_memcpy                            
00001c75  __aeabi_memcpy4                           
00001c75  __aeabi_memcpy8                           
00001c75  memcpy                                    
00001d11  UART_initModule                           
00001da5  __aeabi_memclr                            
00001da5  __aeabi_memclr4                           
00001da5  __aeabi_memclr8                           
00001da7  __aeabi_memset                            
00001da7  __aeabi_memset4                           
00001da7  __aeabi_memset8                           
00001dad  memset                                    
00001e1f  _system_post_cinit                        
00001e21  __TI_auto_init                            
00001e91  __TI_decompress_lzss                      
00001ef9  Interrupt_enableInterrupt                 
00001f5d  _c_int00                                  
00001fb1  C$$EXIT                                   
00001fb5  abort                                     
00001fbd  exit                                      
00002005  copy_in                                   
00002051  GPIO_setAsPeripheralModuleFunctionInputPin
00002099  CS_setDCOCenteredFrequency                
000020bd  UART_transmitData                         
000020e1  GPIO_getInputPinValue                     
000020f9  _args_main                                
00002111  UART_enableInterrupt                      
00002129  _register_unlock                          
0000212f  _register_lock                            
00002137  _nop                                      
0000213d  Interrupt_disableMaster                   
0000214d  Interrupt_enableMaster                    
0000215d  __TI_decompress_none                      
0000216b  Reset_Handler                             
00002177  ADC14_IRQHandler                          
00002177  AES256_IRQHandler                         
00002177  BusFault_Handler                          
00002177  COMP_E0_IRQHandler                        
00002177  COMP_E1_IRQHandler                        
00002177  CS_IRQHandler                             
00002177  DMA_ERR_IRQHandler                        
00002177  DMA_INT0_IRQHandler                       
00002177  DMA_INT1_IRQHandler                       
00002177  DMA_INT2_IRQHandler                       
00002177  DMA_INT3_IRQHandler                       
00002177  DebugMon_Handler                          
00002177  Default_Handler                           
00002177  EUSCIA1_IRQHandler                        
00002177  EUSCIB0_IRQHandler                        
00002177  EUSCIB1_IRQHandler                        
00002177  EUSCIB2_IRQHandler                        
00002177  EUSCIB3_IRQHandler                        
00002177  FLCTL_IRQHandler                          
00002177  FPU_IRQHandler                            
00002177  HardFault_Handler                         
00002177  MemManage_Handler                         
00002177  NMI_Handler                               
00002177  PCM_IRQHandler                            
00002177  PORT3_IRQHandler                          
00002177  PORT5_IRQHandler                          
00002177  PORT6_IRQHandler                          
00002177  PSS_IRQHandler                            
00002177  PendSV_Handler                            
00002177  RTC_C_IRQHandler                          
00002177  SVC_Handler                               
00002177  SysTick_Handler                           
00002177  T32_INT1_IRQHandler                       
00002177  T32_INT2_IRQHandler                       
00002177  T32_INTC_IRQHandler                       
00002177  TA0_0_IRQHandler                          
00002177  TA1_0_IRQHandler                          
00002177  TA2_0_IRQHandler                          
00002177  TA3_0_IRQHandler                          
00002177  UsageFault_Handler                        
00002177  WDT_A_IRQHandler                          
00002179  CPU_cpsid                                 
00002185  CPU_cpsie                                 
00002191  UART_disableModule                        
0000219d  UART_enableModule                         
000021a9  __TI_zero_init                            
000021b5  _system_pre_init                          
00002264  __TI_Handler_Table_Base                   
00002270  __TI_Handler_Table_Limit                  
00002278  __TI_CINIT_Base                           
00002288  __TI_CINIT_Limit                          
20000000  _sys_memory                               
20000400  TA                                        
200005c0  current_task_data                         
20000620  uart_tx_buf                               
20000670  callback_np                               
20000680  prelim_beep                               
20000688  TA_status                                 
2000068c  bbreak_flg                                
2000068d  port4_linkers                             
200006c0  __TI_cleanup_ptr                          
200006c4  __TI_dtors_ptr                            
200006c8  __TI_enable_exit_profile_output           
200006d8  _lock                                     
200006dc  _unlock                                   
200006e0  main_func_sp                              
200006e4  SystemCoreClock                           
2000fe00  __stack                                   
20010000  __STACK_END                               
4000480c  WDTCTL_SYM                                
ffffffff  __TI_pprof_out_hndl                       
ffffffff  __TI_prof_data_size                       
ffffffff  __TI_prof_data_start                      
ffffffff  __binit__                                 
ffffffff  __c_args__                                
ffffffff  binit                                     
UNDEFED   SHT$$INIT_ARRAY$$Base                     
UNDEFED   SHT$$INIT_ARRAY$$Limit                    

[184 symbols]
