******************************************************************************
                  TI ARM Linker PC v16.9.1                     
******************************************************************************
>> Linked Fri Jul 28 16:40:02 2017

OUTPUT FILE NAME:   <VOLETRON.out>
ENTRY POINT SYMBOL: "_c_int00"  address: 00001701


MEMORY CONFIGURATION

         name            origin    length      used     unused   attr    fill
----------------------  --------  ---------  --------  --------  ----  --------
  MAIN                  00000000   00040000  0000194e  0003e6b2  R  X
  INFO                  00200000   00004000  00000000  00004000  R  X
  SRAM_CODE             01000000   00010000  00000892  0000f76e  RW X
  SRAM_DATA             20000000   00010000  00000892  0000f76e  RW  


SEGMENT ALLOCATION MAP

run origin  load origin   length   init length attrs members
----------  ----------- ---------- ----------- ----- -------
00000000    00000000    00001950   00001950    r-x
  00000000    00000000    000000e4   000000e4    r-- .intvecs
  000000e4    000000e4    0000179e   0000179e    r-x .text
  00001884    00001884    00000064   00000064    r-- .const
  000018e8    000018e8    00000068   00000068    r-- .cinit
20000000    20000000    00000694   00000000    rw-
  20000000    20000000    00000400   00000000    rw- .sysmem
  20000400    20000400    00000246   00000000    rw- .bss
  20000648    20000648    0000004c   00000000    rw- .data
2000fe00    2000fe00    00000200   00000000    rw-
  2000fe00    2000fe00    00000200   00000000    rw- .stack


SECTION ALLOCATION MAP

 output                                  attributes/
section   page    origin      length       input sections
--------  ----  ----------  ----------   ----------------
.intvecs   0    00000000    000000e4     
                  00000000    000000e4     startup_msp432p401r_ccs.obj (.intvecs:retain)

.binit     0    00000000    00000000     

.text      0    000000e4    0000179e     
                  000000e4    00000ac4     timer.obj (.text)
                  00000ba8    0000032c     system_msp432p401r.obj (.text)
                  00000ed4    000002f0     debounce.obj (.text)
                  000011c4    00000114     main.obj (.text)
                  000012d8    000000e0     beambreak.obj (.text)
                  000013b8    0000009c     rtsv7M4_T_le_v4SPD16_eabi.lib : memcpy_t2.obj (.text)
                  00001454    00000094     msp432p4xx_driverlib.lib : uart.o (.text:UART_initModule)
                  000014e8    0000007a     rtsv7M4_T_le_v4SPD16_eabi.lib : memset_t2.obj (.text)
                  00001562    00000002                                   : mpu_init.obj (.text)
                  00001564    00000070                                   : autoinit.obj (.text)
                  000015d4    00000068                                   : copy_decompress_lzss.obj (.text:decompress:lzss)
                  0000163c    00000064     msp432p4xx_driverlib.lib : interrupt.o (.text:Interrupt_enableInterrupt)
                  000016a0    00000060     custom_uart.obj (.text)
                  00001700    00000054     rtsv7M4_T_le_v4SPD16_eabi.lib : boot.obj (.text)
                  00001754    00000054                                   : exit.obj (.text)
                  000017a8    0000004c                                   : cpy_tbl.obj (.text)
                  000017f4    00000018     msp432p4xx_driverlib.lib : gpio.o (.text:GPIO_getInputPinValue)
                  0000180c    00000018     rtsv7M4_T_le_v4SPD16_eabi.lib : args_main.obj (.text)
                  00001824    00000014                                   : _lock.obj (.text)
                  00001838    00000010     msp432p4xx_driverlib.lib : interrupt.o (.text:Interrupt_enableMaster)
                  00001848    0000000e     rtsv7M4_T_le_v4SPD16_eabi.lib : copy_decompress_none.obj (.text:decompress:none)
                  00001856    0000000e     startup_msp432p401r_ccs.obj (.text)
                  00001864    0000000c     msp432p4xx_driverlib.lib : cpu.o (.text:CPU_cpsie)
                  00001870    0000000c     rtsv7M4_T_le_v4SPD16_eabi.lib : copy_zero_init.obj (.text:decompress:ZI)
                  0000187c    00000004                                   : pre_init.obj (.text)
                  00001880    00000002                                   : startup.obj (.text)

.const     0    00001884    00000064     
                  00001884    00000040     msp432p4xx_driverlib.lib : interrupt.o (.const)
                  000018c4    00000024     custom_uart.obj (.const:$P$T0$1)

.cinit     0    000018e8    00000068     
                  000018e8    0000003d     (.cinit..data.load) [load image, compression = lzss]
                  00001925    00000003     --HOLE-- [fill = 0]
                  00001928    0000000c     (__TI_handler_table)
                  00001934    00000004     --HOLE-- [fill = 0]
                  00001938    00000008     (.cinit..bss.load) [load image, compression = zero_init]
                  00001940    00000010     (__TI_cinit_table)

.init_array 
*          0    00000000    00000000     UNINITIALIZED

.sysmem    0    20000000    00000400     UNINITIALIZED
                  20000000    00000008     rtsv7M4_T_le_v4SPD16_eabi.lib : memory.obj (.sysmem)
                  20000008    000003f8     --HOLE--

.bss       0    20000400    00000246     UNINITIALIZED
                  20000400    000001c0     (.common:TA)
                  200005c0    00000060     (.common:current_task_data)
                  20000620    00000010     timer.obj (.bss)
                  20000630    00000010     (.common:callback_np)
                  20000640    00000004     (.common:TA_status)
                  20000644    00000001     (.common:bbreak_flg)
                  20000645    00000001     (.common:port4_linkers)

.data      0    20000648    0000004c     UNINITIALIZED
                  20000648    00000030     msp432p4xx_driverlib.lib : gpio.o (.data:GPIO_PORT_TO_BASE)
                  20000678    0000000c     rtsv7M4_T_le_v4SPD16_eabi.lib : exit.obj (.data:$O1$$)
                  20000684    00000008                                   : _lock.obj (.data:$O1$$)
                  2000068c    00000004                                   : stkdepth_vars.obj (.data)
                  20000690    00000004     system_msp432p401r.obj (.data)

.stack     0    2000fe00    00000200     UNINITIALIZED
                  2000fe00    00000200     --HOLE--

MODULE SUMMARY

       Module                        code   ro data   rw data
       ------                        ----   -------   -------
    .\
       system_msp432p401r.obj        812    0         8      
       main.obj                      276    0         0      
       startup_msp432p401r_ccs.obj   14     228       0      
    +--+-----------------------------+------+---------+---------+
       Total:                        1102   228       8      
                                                             
    .\voles\
       timer.obj                     2756   0         936    
       debounce.obj                  752    0         194    
       beambreak.obj                 224    0         34     
       custom_uart.obj               96     36        0      
    +--+-----------------------------+------+---------+---------+
       Total:                        3828   36        1164   
                                                             
    ../msp432p4xx_driverlib.lib
       interrupt.o                   116    64        0      
       uart.o                        148    0         0      
       gpio.o                        24     0         96     
       cpu.o                         12     0         0      
    +--+-----------------------------+------+---------+---------+
       Total:                        300    64        96     
                                                             
    C:\ti\ccsv7\tools\compiler\ti-cgt-arm_16.9.1.LTS\lib\rtsv7M4_T_le_v4SPD16_eabi.lib
       memcpy_t2.obj                 156    0         0      
       memset_t2.obj                 122    0         0      
       autoinit.obj                  112    0         0      
       exit.obj                      84     0         24     
       copy_decompress_lzss.obj      104    0         0      
       boot.obj                      84     0         0      
       cpy_tbl.obj                   76     0         0      
       _lock.obj                     20     0         16     
       args_main.obj                 24     0         0      
       copy_decompress_none.obj      14     0         0      
       copy_zero_init.obj            12     0         0      
       stkdepth_vars.obj             0      0         8      
       pre_init.obj                  4      0         0      
       mpu_init.obj                  2      0         0      
       startup.obj                   2      0         0      
    +--+-----------------------------+------+---------+---------+
       Total:                        816    0         48     
                                                             
       Heap:                         0      0         2048   
       Stack:                        0      0         1024   
       Linker Generated:             0      97        0      
    +--+-----------------------------+------+---------+---------+
       Grand Total:                  6046   425       4388   


LINKER GENERATED COPY TABLES

__TI_cinit_table @ 00001940 records: 2, size/record: 8, table size: 16
	.data: load addr=000018e8, load size=0000003d bytes, run addr=20000648, run size=0000004c bytes, compression=lzss
	.bss: load addr=00001938, load size=00000008 bytes, run addr=20000400, run size=00000246 bytes, compression=zero_init


LINKER GENERATED HANDLER TABLE

__TI_handler_table @ 00001928 records: 3, size/record: 4, table size: 12
	index: 0, handler: __TI_decompress_lzss
	index: 1, handler: __TI_decompress_none
	index: 2, handler: __TI_zero_init


GLOBAL SYMBOLS: SORTED ALPHABETICALLY BY Name 

address   name                           
-------   ----                           
00001863  ADC14_IRQHandler               
00001863  AES256_IRQHandler              
00001375  BBREAK_check                   
0000132f  BBREAK_debounce                
000012d9  BBREAK_init                    
00001863  BusFault_Handler               
00001755  C$$EXIT                        
00001863  COMP_E0_IRQHandler             
00001863  COMP_E1_IRQHandler             
00001865  CPU_cpsie                      
00001863  CS_IRQHandler                  
00000f07  DEBOUNCE_callback              
00000ed5  DEBOUNCE_clear_data            
000010cd  DEBOUNCE_repeater              
00001007  DEBOUNCE_request               
00001863  DMA_ERR_IRQHandler             
00001863  DMA_INT0_IRQHandler            
00001863  DMA_INT1_IRQHandler            
00001863  DMA_INT2_IRQHandler            
00001863  DMA_INT3_IRQHandler            
00001863  DebugMon_Handler               
00001863  Default_Handler                
00001863  EUSCIA0_IRQHandler             
00001863  EUSCIA1_IRQHandler             
00001863  EUSCIA2_IRQHandler             
00001863  EUSCIA3_IRQHandler             
00001863  EUSCIB0_IRQHandler             
00001863  EUSCIB1_IRQHandler             
00001863  EUSCIB2_IRQHandler             
00001863  EUSCIB3_IRQHandler             
00001863  FLCTL_IRQHandler               
00001863  FPU_IRQHandler                 
000017f5  GPIO_getInputPinValue          
00001863  HardFault_Handler              
0000163d  Interrupt_enableInterrupt      
00001839  Interrupt_enableMaster         
00001863  MemManage_Handler              
00001863  NMI_Handler                    
00001863  PCM_IRQHandler                 
0000121b  PORT1_IRQHandler               
0000121b  PORT1_IRQHandler               
00001863  PORT2_IRQHandler               
00001863  PORT3_IRQHandler               
00001385  PORT4_IRQHandler               
00001385  PORT4_IRQHandler               
00001863  PORT5_IRQHandler               
00001863  PORT6_IRQHandler               
00001863  PSS_IRQHandler                 
00001863  PendSV_Handler                 
00001863  RTC_C_IRQHandler               
00001857  Reset_Handler                  
UNDEFED   SHT$$INIT_ARRAY$$Base          
UNDEFED   SHT$$INIT_ARRAY$$Limit         
00001863  SVC_Handler                    
00001863  SysTick_Handler                
20000690  SystemCoreClock                
00000ba9  SystemCoreClockUpdate          
00000e1d  SystemInit                     
00001863  T32_INT1_IRQHandler            
00001863  T32_INT2_IRQHandler            
00001863  T32_INTC_IRQHandler            
20000400  TA                             
00001863  TA0_0_IRQHandler               
0000097d  TA0_N_IRQHandler               
0000097d  TA0_N_IRQHandler               
00001863  TA1_0_IRQHandler               
000008e5  TA1_N_IRQHandler               
000008e5  TA1_N_IRQHandler               
00001863  TA2_0_IRQHandler               
00000a17  TA2_N_IRQHandler               
00000a17  TA2_N_IRQHandler               
00001863  TA3_0_IRQHandler               
00000aaf  TA3_N_IRQHandler               
00000aaf  TA3_N_IRQHandler               
20000640  TA_status                      
00000569  TIMER_begin                    
00000307  TIMER_calculate_deviders_l     
000002b5  TIMER_calculate_deviders_s     
000008db  TIMER_callback_default         
000001e7  TIMER_config                   
00000333  TIMER_config_ccr_raw_cnt       
00000829  TIMER_config_cnt_raw           
00000167  TIMER_config_l                 
000000e5  TIMER_config_raw               
0000087b  TIMER_init                     
00000805  TIMER_kill                     
000005fd  TIMER_kill_raw                 
000003c1  TIMER_load_devider             
000005b5  TIMER_pause                    
00000769  TIMER_request                  
000006b7  TIMER_reset_raw                
0000070d  TIMER_set_callback             
000016a1  UART_init                      
00001455  UART_initModule                
00001863  UsageFault_Handler             
4000480c  WDTCTL_SYM                     
00001863  WDT_A_IRQHandler               
20010000  __STACK_END                    
00000200  __STACK_SIZE                   
00000400  __SYSMEM_SIZE                  
00001940  __TI_CINIT_Base                
00001950  __TI_CINIT_Limit               
00001928  __TI_Handler_Table_Base        
00001934  __TI_Handler_Table_Limit       
00001565  __TI_auto_init                 
20000678  __TI_cleanup_ptr               
000015d5  __TI_decompress_lzss           
00001849  __TI_decompress_none           
2000067c  __TI_dtors_ptr                 
20000680  __TI_enable_exit_profile_output
ffffffff  __TI_pprof_out_hndl            
ffffffff  __TI_prof_data_size            
ffffffff  __TI_prof_data_start           
00000000  __TI_static_base__             
00001871  __TI_zero_init                 
000014e9  __aeabi_memclr                 
000014e9  __aeabi_memclr4                
000014e9  __aeabi_memclr8                
000013b9  __aeabi_memcpy                 
000013b9  __aeabi_memcpy4                
000013b9  __aeabi_memcpy8                
000014eb  __aeabi_memset                 
000014eb  __aeabi_memset4                
000014eb  __aeabi_memset8                
ffffffff  __binit__                      
ffffffff  __c_args__                     
00001563  __mpu_init                     
2000fe00  __stack                        
0000180d  _args_main                     
00001701  _c_int00                       
20000684  _lock                          
00001833  _nop                           
0000182b  _register_lock                 
00001825  _register_unlock               
20000000  _sys_memory                    
00001881  _system_post_cinit             
0000187d  _system_pre_init               
20000688  _unlock                        
00001759  abort                          
20000644  bbreak_flg                     
ffffffff  binit                          
20000630  callback_np                    
000017a9  copy_in                        
200005c0  current_task_data              
00001761  exit                           
00000000  interruptVectors               
000011c5  main                           
2000068c  main_func_sp                   
000013b9  memcpy                         
000014f1  memset                         
20000645  port4_linkers                  
000011eb  test_callback                  
000011f7  test_callback1                 
00001203  test_callback2                 
0000120f  test_callback3                 


GLOBAL SYMBOLS: SORTED BY Symbol Address 

address   name                           
-------   ----                           
00000000  __TI_static_base__             
00000000  interruptVectors               
000000e5  TIMER_config_raw               
00000167  TIMER_config_l                 
000001e7  TIMER_config                   
00000200  __STACK_SIZE                   
000002b5  TIMER_calculate_deviders_s     
00000307  TIMER_calculate_deviders_l     
00000333  TIMER_config_ccr_raw_cnt       
000003c1  TIMER_load_devider             
00000400  __SYSMEM_SIZE                  
00000569  TIMER_begin                    
000005b5  TIMER_pause                    
000005fd  TIMER_kill_raw                 
000006b7  TIMER_reset_raw                
0000070d  TIMER_set_callback             
00000769  TIMER_request                  
00000805  TIMER_kill                     
00000829  TIMER_config_cnt_raw           
0000087b  TIMER_init                     
000008db  TIMER_callback_default         
000008e5  TA1_N_IRQHandler               
000008e5  TA1_N_IRQHandler               
0000097d  TA0_N_IRQHandler               
0000097d  TA0_N_IRQHandler               
00000a17  TA2_N_IRQHandler               
00000a17  TA2_N_IRQHandler               
00000aaf  TA3_N_IRQHandler               
00000aaf  TA3_N_IRQHandler               
00000ba9  SystemCoreClockUpdate          
00000e1d  SystemInit                     
00000ed5  DEBOUNCE_clear_data            
00000f07  DEBOUNCE_callback              
00001007  DEBOUNCE_request               
000010cd  DEBOUNCE_repeater              
000011c5  main                           
000011eb  test_callback                  
000011f7  test_callback1                 
00001203  test_callback2                 
0000120f  test_callback3                 
0000121b  PORT1_IRQHandler               
0000121b  PORT1_IRQHandler               
000012d9  BBREAK_init                    
0000132f  BBREAK_debounce                
00001375  BBREAK_check                   
00001385  PORT4_IRQHandler               
00001385  PORT4_IRQHandler               
000013b9  __aeabi_memcpy                 
000013b9  __aeabi_memcpy4                
000013b9  __aeabi_memcpy8                
000013b9  memcpy                         
00001455  UART_initModule                
000014e9  __aeabi_memclr                 
000014e9  __aeabi_memclr4                
000014e9  __aeabi_memclr8                
000014eb  __aeabi_memset                 
000014eb  __aeabi_memset4                
000014eb  __aeabi_memset8                
000014f1  memset                         
00001563  __mpu_init                     
00001565  __TI_auto_init                 
000015d5  __TI_decompress_lzss           
0000163d  Interrupt_enableInterrupt      
000016a1  UART_init                      
00001701  _c_int00                       
00001755  C$$EXIT                        
00001759  abort                          
00001761  exit                           
000017a9  copy_in                        
000017f5  GPIO_getInputPinValue          
0000180d  _args_main                     
00001825  _register_unlock               
0000182b  _register_lock                 
00001833  _nop                           
00001839  Interrupt_enableMaster         
00001849  __TI_decompress_none           
00001857  Reset_Handler                  
00001863  ADC14_IRQHandler               
00001863  AES256_IRQHandler              
00001863  BusFault_Handler               
00001863  COMP_E0_IRQHandler             
00001863  COMP_E1_IRQHandler             
00001863  CS_IRQHandler                  
00001863  DMA_ERR_IRQHandler             
00001863  DMA_INT0_IRQHandler            
00001863  DMA_INT1_IRQHandler            
00001863  DMA_INT2_IRQHandler            
00001863  DMA_INT3_IRQHandler            
00001863  DebugMon_Handler               
00001863  Default_Handler                
00001863  EUSCIA0_IRQHandler             
00001863  EUSCIA1_IRQHandler             
00001863  EUSCIA2_IRQHandler             
00001863  EUSCIA3_IRQHandler             
00001863  EUSCIB0_IRQHandler             
00001863  EUSCIB1_IRQHandler             
00001863  EUSCIB2_IRQHandler             
00001863  EUSCIB3_IRQHandler             
00001863  FLCTL_IRQHandler               
00001863  FPU_IRQHandler                 
00001863  HardFault_Handler              
00001863  MemManage_Handler              
00001863  NMI_Handler                    
00001863  PCM_IRQHandler                 
00001863  PORT2_IRQHandler               
00001863  PORT3_IRQHandler               
00001863  PORT5_IRQHandler               
00001863  PORT6_IRQHandler               
00001863  PSS_IRQHandler                 
00001863  PendSV_Handler                 
00001863  RTC_C_IRQHandler               
00001863  SVC_Handler                    
00001863  SysTick_Handler                
00001863  T32_INT1_IRQHandler            
00001863  T32_INT2_IRQHandler            
00001863  T32_INTC_IRQHandler            
00001863  TA0_0_IRQHandler               
00001863  TA1_0_IRQHandler               
00001863  TA2_0_IRQHandler               
00001863  TA3_0_IRQHandler               
00001863  UsageFault_Handler             
00001863  WDT_A_IRQHandler               
00001865  CPU_cpsie                      
00001871  __TI_zero_init                 
0000187d  _system_pre_init               
00001881  _system_post_cinit             
00001928  __TI_Handler_Table_Base        
00001934  __TI_Handler_Table_Limit       
00001940  __TI_CINIT_Base                
00001950  __TI_CINIT_Limit               
20000000  _sys_memory                    
20000400  TA                             
200005c0  current_task_data              
20000630  callback_np                    
20000640  TA_status                      
20000644  bbreak_flg                     
20000645  port4_linkers                  
20000678  __TI_cleanup_ptr               
2000067c  __TI_dtors_ptr                 
20000680  __TI_enable_exit_profile_output
20000684  _lock                          
20000688  _unlock                        
2000068c  main_func_sp                   
20000690  SystemCoreClock                
2000fe00  __stack                        
20010000  __STACK_END                    
4000480c  WDTCTL_SYM                     
ffffffff  __TI_pprof_out_hndl            
ffffffff  __TI_prof_data_size            
ffffffff  __TI_prof_data_start           
ffffffff  __binit__                      
ffffffff  __c_args__                     
ffffffff  binit                          
UNDEFED   SHT$$INIT_ARRAY$$Base          
UNDEFED   SHT$$INIT_ARRAY$$Limit         

[155 symbols]
