******************************************************************************
                  TI ARM Linker PC v16.9.1                     
******************************************************************************
>> Linked Tue Sep 19 15:40:49 2017

OUTPUT FILE NAME:   <VOLETRON.out>
ENTRY POINT SYMBOL: "_c_int00"  address: 0000246d


MEMORY CONFIGURATION

         name            origin    length      used     unused   attr    fill
----------------------  --------  ---------  --------  --------  ----  --------
  MAIN                  00000000   00040000  000027b8  0003d848  R  X
  INFO                  00200000   00004000  00000000  00004000  R  X
  SRAM_CODE             01000000   00010000  0000096f  0000f691  RW X
  SRAM_DATA             20000000   00010000  0000096f  0000f691  RW  


SEGMENT ALLOCATION MAP

run origin  load origin   length   init length attrs members
----------  ----------- ---------- ----------- ----- -------
00000000    00000000    000027b8   000027b8    r-x
  00000000    00000000    000000e4   000000e4    r-- .intvecs
  000000e4    000000e4    00002608   00002608    r-x .text
  000026ec    000026ec    00000064   00000064    r-- .const
  00002750    00002750    00000068   00000068    r-- .cinit
20000000    20000000    00000770   00000000    rw-
  20000000    20000000    00000400   00000000    rw- .sysmem
  20000400    20000400    00000317   00000000    rw- .bss
  20000718    20000718    00000058   00000000    rw- .data
2000fe00    2000fe00    00000200   00000000    rw-
  2000fe00    2000fe00    00000200   00000000    rw- .stack


SECTION ALLOCATION MAP

 output                                  attributes/
section   page    origin      length       input sections
--------  ----  ----------  ----------   ----------------
.intvecs   0    00000000    000000e4     
                  00000000    000000e4     startup_msp432p401r_ccs.obj (.intvecs:retain)

.binit     0    00000000    00000000     

.text      0    000000e4    00002608     
                  000000e4    00000ae4     timer.obj (.text)
                  00000bc8    000004bc     custom_uart.obj (.text)
                  00001084    000003d0     rtsv7M4_T_le_v4SPD16_eabi.lib : memory.obj (.text)
                  00001454    0000032c     system_msp432p401r.obj (.text)
                  00001780    000002f0     debounce.obj (.text)
                  00001a70    0000027c     main.obj (.text)
                  00001cec    00000260     rfid.obj (.text)
                  00001f4c    00000158     circbuf.obj (.text)
                  000020a4    000000e0     beambreak.obj (.text)
                  00002184    0000009c     rtsv7M4_T_le_v4SPD16_eabi.lib : memcpy_t2.obj (.text)
                  00002220    00000094     msp432p4xx_driverlib.lib : uart.o (.text:UART_initModule)
                  000022b4    0000007a     rtsv7M4_T_le_v4SPD16_eabi.lib : memset_t2.obj (.text)
                  0000232e    00000002                                   : mpu_init.obj (.text)
                  00002330    00000070                                   : autoinit.obj (.text)
                  000023a0    00000068                                   : copy_decompress_lzss.obj (.text:decompress:lzss)
                  00002408    00000064     msp432p4xx_driverlib.lib : interrupt.o (.text:Interrupt_enableInterrupt)
                  0000246c    00000054     rtsv7M4_T_le_v4SPD16_eabi.lib : boot.obj (.text)
                  000024c0    00000054                                   : exit.obj (.text)
                  00002514    0000004c                                   : cpy_tbl.obj (.text)
                  00002560    00000048     msp432p4xx_driverlib.lib : gpio.o (.text:GPIO_setAsPeripheralModuleFunctionInputPin)
                  000025a8    00000024                              : cs.o (.text:CS_setDCOCenteredFrequency)
                  000025cc    00000024                              : uart.o (.text:UART_receiveData)
                  000025f0    00000024                              : uart.o (.text:UART_transmitData)
                  00002614    00000018                              : gpio.o (.text:GPIO_getInputPinValue)
                  0000262c    00000018     rtsv7M4_T_le_v4SPD16_eabi.lib : args_main.obj (.text)
                  00002644    00000016     msp432p4xx_driverlib.lib : uart.o (.text:UART_enableInterrupt)
                  0000265a    00000002     rtsv7M4_T_le_v4SPD16_eabi.lib : startup.obj (.text)
                  0000265c    00000014                                   : _lock.obj (.text)
                  00002670    00000010     msp432p4xx_driverlib.lib : interrupt.o (.text:Interrupt_disableMaster)
                  00002680    00000010                              : interrupt.o (.text:Interrupt_enableMaster)
                  00002690    0000000e     rtsv7M4_T_le_v4SPD16_eabi.lib : copy_decompress_none.obj (.text:decompress:none)
                  0000269e    0000000e     startup_msp432p401r_ccs.obj (.text)
                  000026ac    0000000c     msp432p4xx_driverlib.lib : cpu.o (.text:CPU_cpsid)
                  000026b8    0000000c                              : cpu.o (.text:CPU_cpsie)
                  000026c4    0000000c                              : uart.o (.text:UART_disableModule)
                  000026d0    0000000c                              : uart.o (.text:UART_enableModule)
                  000026dc    0000000c     rtsv7M4_T_le_v4SPD16_eabi.lib : copy_zero_init.obj (.text:decompress:ZI)
                  000026e8    00000004                                   : pre_init.obj (.text)

.const     0    000026ec    00000064     
                  000026ec    00000040     msp432p4xx_driverlib.lib : interrupt.o (.const)
                  0000272c    00000024     custom_uart.obj (.const:$P$T0$1)

.cinit     0    00002750    00000068     
                  00002750    00000044     (.cinit..data.load) [load image, compression = lzss]
                  00002794    0000000c     (__TI_handler_table)
                  000027a0    00000008     (.cinit..bss.load) [load image, compression = zero_init]
                  000027a8    00000010     (__TI_cinit_table)

.init_array 
*          0    00000000    00000000     UNINITIALIZED

.sysmem    0    20000000    00000400     UNINITIALIZED
                  20000000    00000008     rtsv7M4_T_le_v4SPD16_eabi.lib : memory.obj (.sysmem)
                  20000008    000003f8     --HOLE--

.bss       0    20000400    00000317     UNINITIALIZED
                  20000400    000001c0     (.common:TA)
                  200005c0    00000060     (.common:current_task_data)
                  20000620    00000040     (.common:rfid_preasent_tags)
                  20000660    00000040     (.common:uart_rx_buf)
                  200006a0    00000040     (.common:uart_tx_buf)
                  200006e0    00000010     timer.obj (.bss)
                  200006f0    00000010     (.common:callback_np)
                  20000700    00000008     (.common:prelim_beep)
                  20000708    00000004     (.common:TA_status)
                  2000070c    00000004     (.common:tx_array_size)
                  20000710    00000004     (.common:tx_progress)
                  20000714    00000001     (.common:bbreak_flg)
                  20000715    00000001     (.common:port4_linkers)
                  20000716    00000001     (.common:recieve_flg_rfid)

.data      0    20000718    00000058     UNINITIALIZED
                  20000718    00000030     msp432p4xx_driverlib.lib : gpio.o (.data:GPIO_PORT_TO_BASE)
                  20000748    0000000c     rtsv7M4_T_le_v4SPD16_eabi.lib : exit.obj (.data:$O1$$)
                  20000754    0000000c                                   : memory.obj (.data:$O1$$)
                  20000760    00000008                                   : _lock.obj (.data:$O1$$)
                  20000768    00000004                                   : stkdepth_vars.obj (.data)
                  2000076c    00000004     system_msp432p401r.obj (.data)

.stack     0    2000fe00    00000200     UNINITIALIZED
                  2000fe00    00000200     --HOLE--

MODULE SUMMARY

       Module                        code   ro data   rw data
       ------                        ----   -------   -------
    .\
       system_msp432p401r.obj        812    0         8      
       main.obj                      636    0         16     
       startup_msp432p401r_ccs.obj   14     228       0      
    +--+-----------------------------+------+---------+---------+
       Total:                        1462   228       24     
                                                             
    .\voles\
       timer.obj                     2788   0         936    
       custom_uart.obj               1212   36        274    
       debounce.obj                  752    0         194    
       rfid.obj                      608    0         128    
       circbuf.obj                   344    0         0      
       beambreak.obj                 224    0         34     
    +--+-----------------------------+------+---------+---------+
       Total:                        5928   36        1566   
                                                             
    ../msp432p4xx_driverlib.lib
       uart.o                        266    0         0      
       interrupt.o                   132    64        0      
       gpio.o                        96     0         96     
       cs.o                          36     0         0      
       cpu.o                         24     0         0      
    +--+-----------------------------+------+---------+---------+
       Total:                        554    64        96     
                                                             
    C:\ti\ccsv7\tools\compiler\ti-cgt-arm_16.9.1.LTS\lib\rtsv7M4_T_le_v4SPD16_eabi.lib
       memory.obj                    976    0         24     
       memcpy_t2.obj                 156    0         0      
       memset_t2.obj                 122    0         0      
       autoinit.obj                  112    0         0      
       exit.obj                      84     0         24     
       copy_decompress_lzss.obj      104    0         0      
       boot.obj                      84     0         0      
       cpy_tbl.obj                   76     0         0      
       _lock.obj                     20     0         16     
       args_main.obj                 24     0         0      
       copy_decompress_none.obj      14     0         0      
       copy_zero_init.obj            12     0         0      
       stkdepth_vars.obj             0      0         8      
       pre_init.obj                  4      0         0      
       mpu_init.obj                  2      0         0      
       startup.obj                   2      0         0      
    +--+-----------------------------+------+---------+---------+
       Total:                        1792   0         72     
                                                             
       Heap:                         0      0         2048   
       Stack:                        0      0         1024   
       Linker Generated:             0      104       0      
    +--+-----------------------------+------+---------+---------+
       Grand Total:                  9736   432       4830   


LINKER GENERATED COPY TABLES

__TI_cinit_table @ 000027a8 records: 2, size/record: 8, table size: 16
	.data: load addr=00002750, load size=00000044 bytes, run addr=20000718, run size=00000058 bytes, compression=lzss
	.bss: load addr=000027a0, load size=00000008 bytes, run addr=20000400, run size=00000317 bytes, compression=zero_init


LINKER GENERATED HANDLER TABLE

__TI_handler_table @ 00002794 records: 3, size/record: 4, table size: 12
	index: 0, handler: __TI_decompress_lzss
	index: 1, handler: __TI_decompress_none
	index: 2, handler: __TI_zero_init


GLOBAL SYMBOLS: SORTED ALPHABETICALLY BY Name 

address   name                                      
-------   ----                                      
000026ab  ADC14_IRQHandler                          
000026ab  AES256_IRQHandler                         
00002141  BBREAK_check                              
000020fb  BBREAK_debounce                           
000020a5  BBREAK_init                               
000026ab  BusFault_Handler                          
000024c1  C$$EXIT                                   
00002065  CIRCBUF_delete                            
00001f4d  CIRCBUF_init                              
00002001  CIRCBUF_pop                               
00001f95  CIRCBUF_push                              
0000207d  CIRCBUF_read                              
000026ab  COMP_E0_IRQHandler                        
000026ab  COMP_E1_IRQHandler                        
000026ad  CPU_cpsid                                 
000026b9  CPU_cpsie                                 
000026ab  CS_IRQHandler                             
000025a9  CS_setDCOCenteredFrequency                
000017b3  DEBOUNCE_callback                         
00001781  DEBOUNCE_clear_data                       
00001979  DEBOUNCE_repeater                         
000018b3  DEBOUNCE_request                          
000026ab  DMA_ERR_IRQHandler                        
000026ab  DMA_INT0_IRQHandler                       
000026ab  DMA_INT1_IRQHandler                       
000026ab  DMA_INT2_IRQHandler                       
000026ab  DMA_INT3_IRQHandler                       
000026ab  DebugMon_Handler                          
000026ab  Default_Handler                           
00000e99  EUSCIA0_IRQHandler                        
00000e99  EUSCIA0_IRQHandler                        
000026ab  EUSCIA1_IRQHandler                        
00000f15  EUSCIA2_IRQHandler                        
00000f15  EUSCIA2_IRQHandler                        
00000f5f  EUSCIA3_IRQHandler                        
00000f5f  EUSCIA3_IRQHandler                        
000026ab  EUSCIB0_IRQHandler                        
000026ab  EUSCIB1_IRQHandler                        
000026ab  EUSCIB2_IRQHandler                        
000026ab  EUSCIB3_IRQHandler                        
000026ab  FLCTL_IRQHandler                          
000026ab  FPU_IRQHandler                            
00002615  GPIO_getInputPinValue                     
00002561  GPIO_setAsPeripheralModuleFunctionInputPin
000026ab  HardFault_Handler                         
00002671  Interrupt_disableMaster                   
00002409  Interrupt_enableInterrupt                 
00002681  Interrupt_enableMaster                    
000026ab  MemManage_Handler                         
000026ab  NMI_Handler                               
000026ab  PCM_IRQHandler                            
00001b7f  PORT1_IRQHandler                          
00001b7f  PORT1_IRQHandler                          
00001c13  PORT2_IRQHandler                          
00001c13  PORT2_IRQHandler                          
000026ab  PORT3_IRQHandler                          
00002151  PORT4_IRQHandler                          
00002151  PORT4_IRQHandler                          
000026ab  PORT5_IRQHandler                          
000026ab  PORT6_IRQHandler                          
000026ab  PSS_IRQHandler                            
000026ab  PendSV_Handler                            
00001d7d  RFID_config_1_out_of_156_ppm              
00001d97  RFID_config_agc_toggle                    
00001db1  RFID_config_ampm_toggle                   
00001d21  RFID_config_enable_internal_antenna       
00001d07  RFID_config_max_power_4to1mod             
00001d3b  RFID_config_the_example                   
00001e6d  RFID_init                                 
00001dff  RFID_parse                                
00001ced  RFID_ping                                 
00001dcb  RFID_ssir                                 
00001de5  RFID_xsir                                 
000026ab  RTC_C_IRQHandler                          
0000269f  Reset_Handler                             
UNDEFED   SHT$$INIT_ARRAY$$Base                     
UNDEFED   SHT$$INIT_ARRAY$$Limit                    
000026ab  SVC_Handler                               
000026ab  SysTick_Handler                           
2000076c  SystemCoreClock                           
00001455  SystemCoreClockUpdate                     
000016c9  SystemInit                                
000026ab  T32_INT1_IRQHandler                       
000026ab  T32_INT2_IRQHandler                       
000026ab  T32_INTC_IRQHandler                       
20000400  TA                                        
000026ab  TA0_0_IRQHandler                          
0000099d  TA0_N_IRQHandler                          
0000099d  TA0_N_IRQHandler                          
000026ab  TA1_0_IRQHandler                          
00000905  TA1_N_IRQHandler                          
00000905  TA1_N_IRQHandler                          
000026ab  TA2_0_IRQHandler                          
00000a37  TA2_N_IRQHandler                          
00000a37  TA2_N_IRQHandler                          
000026ab  TA3_0_IRQHandler                          
00000acf  TA3_N_IRQHandler                          
00000acf  TA3_N_IRQHandler                          
20000708  TA_status                                 
00000569  TIMER_begin                               
00000309  TIMER_calculate_deviders_l                
000002b5  TIMER_calculate_deviders_s                
000008f7  TIMER_callback_default                    
000001e7  TIMER_config                              
00000335  TIMER_config_ccr_raw_cnt                  
00000845  TIMER_config_cnt_raw                      
00000167  TIMER_config_l                            
000000e5  TIMER_config_raw                          
00000b67  TIMER_default_callback                    
00000897  TIMER_init                                
00000823  TIMER_kill                                
000005fd  TIMER_kill_raw                            
000003c1  TIMER_load_devider                        
000005b5  TIMER_pause                               
00000787  TIMER_request                             
000006d5  TIMER_reset_raw                           
0000072b  TIMER_set_callback                        
000026c5  UART_disableModule                        
00002645  UART_enableInterrupt                      
000026d1  UART_enableModule                         
00002221  UART_initModule                           
000025cd  UART_receiveData                          
000025f1  UART_transmitData                         
000026ab  UsageFault_Handler                        
00000bc9  VUART_init                                
00000fb5  VUART_peripheral_response_timeout         
0000103d  VUART_timeout_callback                    
00000dcf  VUART_tx_buf                              
00000ccf  VUART_tx_byte                             
00000d01  VUART_tx_string                           
4000480c  WDTCTL_SYM                                
000026ab  WDT_A_IRQHandler                          
20010000  __STACK_END                               
00000200  __STACK_SIZE                              
00000400  __SYSMEM_SIZE                             
000027a8  __TI_CINIT_Base                           
000027b8  __TI_CINIT_Limit                          
00002794  __TI_Handler_Table_Base                   
000027a0  __TI_Handler_Table_Limit                  
00002331  __TI_auto_init                            
20000748  __TI_cleanup_ptr                          
000023a1  __TI_decompress_lzss                      
00002691  __TI_decompress_none                      
2000074c  __TI_dtors_ptr                            
20000750  __TI_enable_exit_profile_output           
ffffffff  __TI_pprof_out_hndl                       
ffffffff  __TI_prof_data_size                       
ffffffff  __TI_prof_data_start                      
00000000  __TI_static_base__                        
000026dd  __TI_zero_init                            
000022b5  __aeabi_memclr                            
000022b5  __aeabi_memclr4                           
000022b5  __aeabi_memclr8                           
00002185  __aeabi_memcpy                            
00002185  __aeabi_memcpy4                           
00002185  __aeabi_memcpy8                           
000022b7  __aeabi_memset                            
000022b7  __aeabi_memset4                           
000022b7  __aeabi_memset8                           
ffffffff  __binit__                                 
ffffffff  __c_args__                                
0000232f  __mpu_init                                
2000fe00  __stack                                   
0000262d  _args_main                                
0000246d  _c_int00                                  
20000760  _lock                                     
0000266b  _nop                                      
00002663  _register_lock                            
0000265d  _register_unlock                          
20000000  _sys_memory                               
0000265b  _system_post_cinit                        
000026e9  _system_pre_init                          
20000764  _unlock                                   
000024c5  abort                                     
20000714  bbreak_flg                                
00001c71  beep                                      
ffffffff  binit                                     
200006f0  callback_np                               
00001425  calloc                                    
00002515  copy_in                                   
200005c0  current_task_data                         
000024cd  exit                                      
0000116f  free                                      
00000000  interruptVectors                          
00001a71  main                                      
20000768  main_func_sp                              
00001105  malloc                                    
00001339  memalign                                  
00002185  memcpy                                    
000022bd  memset                                    
00001085  minit                                     
20000715  port4_linkers                             
20000700  prelim_beep                               
00001231  realloc                                   
20000716  recieve_flg_rfid                          
20000620  rfid_preasent_tags                        
00001b6f  test_callback                             
00001b79  test_callback1                            
00001b7b  test_callback2                            
00001b7d  test_callback3                            
2000070c  tx_array_size                             
20000710  tx_progress                               
20000660  uart_rx_buf                               
200006a0  uart_tx_buf                               


GLOBAL SYMBOLS: SORTED BY Symbol Address 

address   name                                      
-------   ----                                      
00000000  __TI_static_base__                        
00000000  interruptVectors                          
000000e5  TIMER_config_raw                          
00000167  TIMER_config_l                            
000001e7  TIMER_config                              
00000200  __STACK_SIZE                              
000002b5  TIMER_calculate_deviders_s                
00000309  TIMER_calculate_deviders_l                
00000335  TIMER_config_ccr_raw_cnt                  
000003c1  TIMER_load_devider                        
00000400  __SYSMEM_SIZE                             
00000569  TIMER_begin                               
000005b5  TIMER_pause                               
000005fd  TIMER_kill_raw                            
000006d5  TIMER_reset_raw                           
0000072b  TIMER_set_callback                        
00000787  TIMER_request                             
00000823  TIMER_kill                                
00000845  TIMER_config_cnt_raw                      
00000897  TIMER_init                                
000008f7  TIMER_callback_default                    
00000905  TA1_N_IRQHandler                          
00000905  TA1_N_IRQHandler                          
0000099d  TA0_N_IRQHandler                          
0000099d  TA0_N_IRQHandler                          
00000a37  TA2_N_IRQHandler                          
00000a37  TA2_N_IRQHandler                          
00000acf  TA3_N_IRQHandler                          
00000acf  TA3_N_IRQHandler                          
00000b67  TIMER_default_callback                    
00000bc9  VUART_init                                
00000ccf  VUART_tx_byte                             
00000d01  VUART_tx_string                           
00000dcf  VUART_tx_buf                              
00000e99  EUSCIA0_IRQHandler                        
00000e99  EUSCIA0_IRQHandler                        
00000f15  EUSCIA2_IRQHandler                        
00000f15  EUSCIA2_IRQHandler                        
00000f5f  EUSCIA3_IRQHandler                        
00000f5f  EUSCIA3_IRQHandler                        
00000fb5  VUART_peripheral_response_timeout         
0000103d  VUART_timeout_callback                    
00001085  minit                                     
00001105  malloc                                    
0000116f  free                                      
00001231  realloc                                   
00001339  memalign                                  
00001425  calloc                                    
00001455  SystemCoreClockUpdate                     
000016c9  SystemInit                                
00001781  DEBOUNCE_clear_data                       
000017b3  DEBOUNCE_callback                         
000018b3  DEBOUNCE_request                          
00001979  DEBOUNCE_repeater                         
00001a71  main                                      
00001b6f  test_callback                             
00001b79  test_callback1                            
00001b7b  test_callback2                            
00001b7d  test_callback3                            
00001b7f  PORT1_IRQHandler                          
00001b7f  PORT1_IRQHandler                          
00001c13  PORT2_IRQHandler                          
00001c13  PORT2_IRQHandler                          
00001c71  beep                                      
00001ced  RFID_ping                                 
00001d07  RFID_config_max_power_4to1mod             
00001d21  RFID_config_enable_internal_antenna       
00001d3b  RFID_config_the_example                   
00001d7d  RFID_config_1_out_of_156_ppm              
00001d97  RFID_config_agc_toggle                    
00001db1  RFID_config_ampm_toggle                   
00001dcb  RFID_ssir                                 
00001de5  RFID_xsir                                 
00001dff  RFID_parse                                
00001e6d  RFID_init                                 
00001f4d  CIRCBUF_init                              
00001f95  CIRCBUF_push                              
00002001  CIRCBUF_pop                               
00002065  CIRCBUF_delete                            
0000207d  CIRCBUF_read                              
000020a5  BBREAK_init                               
000020fb  BBREAK_debounce                           
00002141  BBREAK_check                              
00002151  PORT4_IRQHandler                          
00002151  PORT4_IRQHandler                          
00002185  __aeabi_memcpy                            
00002185  __aeabi_memcpy4                           
00002185  __aeabi_memcpy8                           
00002185  memcpy                                    
00002221  UART_initModule                           
000022b5  __aeabi_memclr                            
000022b5  __aeabi_memclr4                           
000022b5  __aeabi_memclr8                           
000022b7  __aeabi_memset                            
000022b7  __aeabi_memset4                           
000022b7  __aeabi_memset8                           
000022bd  memset                                    
0000232f  __mpu_init                                
00002331  __TI_auto_init                            
000023a1  __TI_decompress_lzss                      
00002409  Interrupt_enableInterrupt                 
0000246d  _c_int00                                  
000024c1  C$$EXIT                                   
000024c5  abort                                     
000024cd  exit                                      
00002515  copy_in                                   
00002561  GPIO_setAsPeripheralModuleFunctionInputPin
000025a9  CS_setDCOCenteredFrequency                
000025cd  UART_receiveData                          
000025f1  UART_transmitData                         
00002615  GPIO_getInputPinValue                     
0000262d  _args_main                                
00002645  UART_enableInterrupt                      
0000265b  _system_post_cinit                        
0000265d  _register_unlock                          
00002663  _register_lock                            
0000266b  _nop                                      
00002671  Interrupt_disableMaster                   
00002681  Interrupt_enableMaster                    
00002691  __TI_decompress_none                      
0000269f  Reset_Handler                             
000026ab  ADC14_IRQHandler                          
000026ab  AES256_IRQHandler                         
000026ab  BusFault_Handler                          
000026ab  COMP_E0_IRQHandler                        
000026ab  COMP_E1_IRQHandler                        
000026ab  CS_IRQHandler                             
000026ab  DMA_ERR_IRQHandler                        
000026ab  DMA_INT0_IRQHandler                       
000026ab  DMA_INT1_IRQHandler                       
000026ab  DMA_INT2_IRQHandler                       
000026ab  DMA_INT3_IRQHandler                       
000026ab  DebugMon_Handler                          
000026ab  Default_Handler                           
000026ab  EUSCIA1_IRQHandler                        
000026ab  EUSCIB0_IRQHandler                        
000026ab  EUSCIB1_IRQHandler                        
000026ab  EUSCIB2_IRQHandler                        
000026ab  EUSCIB3_IRQHandler                        
000026ab  FLCTL_IRQHandler                          
000026ab  FPU_IRQHandler                            
000026ab  HardFault_Handler                         
000026ab  MemManage_Handler                         
000026ab  NMI_Handler                               
000026ab  PCM_IRQHandler                            
000026ab  PORT3_IRQHandler                          
000026ab  PORT5_IRQHandler                          
000026ab  PORT6_IRQHandler                          
000026ab  PSS_IRQHandler                            
000026ab  PendSV_Handler                            
000026ab  RTC_C_IRQHandler                          
000026ab  SVC_Handler                               
000026ab  SysTick_Handler                           
000026ab  T32_INT1_IRQHandler                       
000026ab  T32_INT2_IRQHandler                       
000026ab  T32_INTC_IRQHandler                       
000026ab  TA0_0_IRQHandler                          
000026ab  TA1_0_IRQHandler                          
000026ab  TA2_0_IRQHandler                          
000026ab  TA3_0_IRQHandler                          
000026ab  UsageFault_Handler                        
000026ab  WDT_A_IRQHandler                          
000026ad  CPU_cpsid                                 
000026b9  CPU_cpsie                                 
000026c5  UART_disableModule                        
000026d1  UART_enableModule                         
000026dd  __TI_zero_init                            
000026e9  _system_pre_init                          
00002794  __TI_Handler_Table_Base                   
000027a0  __TI_Handler_Table_Limit                  
000027a8  __TI_CINIT_Base                           
000027b8  __TI_CINIT_Limit                          
20000000  _sys_memory                               
20000400  TA                                        
200005c0  current_task_data                         
20000620  rfid_preasent_tags                        
20000660  uart_rx_buf                               
200006a0  uart_tx_buf                               
200006f0  callback_np                               
20000700  prelim_beep                               
20000708  TA_status                                 
2000070c  tx_array_size                             
20000710  tx_progress                               
20000714  bbreak_flg                                
20000715  port4_linkers                             
20000716  recieve_flg_rfid                          
20000748  __TI_cleanup_ptr                          
2000074c  __TI_dtors_ptr                            
20000750  __TI_enable_exit_profile_output           
20000760  _lock                                     
20000764  _unlock                                   
20000768  main_func_sp                              
2000076c  SystemCoreClock                           
2000fe00  __stack                                   
20010000  __STACK_END                               
4000480c  WDTCTL_SYM                                
ffffffff  __TI_pprof_out_hndl                       
ffffffff  __TI_prof_data_size                       
ffffffff  __TI_prof_data_start                      
ffffffff  __binit__                                 
ffffffff  __c_args__                                
ffffffff  binit                                     
UNDEFED   SHT$$INIT_ARRAY$$Base                     
UNDEFED   SHT$$INIT_ARRAY$$Limit                    

[204 symbols]
