******************************************************************************
                  TI ARM Linker PC v16.9.1                     
******************************************************************************
>> Linked Mon Jul 10 10:31:13 2017

OUTPUT FILE NAME:   <VOLETRON.out>
ENTRY POINT SYMBOL: "_c_int00"  address: 0000073d


MEMORY CONFIGURATION

         name            origin    length      used     unused   attr    fill
----------------------  --------  ---------  --------  --------  ----  --------
  MAIN                  00000000   00040000  000008f0  0003f710  R  X
  INFO                  00200000   00004000  00000000  00004000  R  X
  SRAM_CODE             01000000   00010000  0000021c  0000fde4  RW X
  SRAM_DATA             20000000   00010000  0000021c  0000fde4  RW  


SEGMENT ALLOCATION MAP

run origin  load origin   length   init length attrs members
----------  ----------- ---------- ----------- ----- -------
00000000    00000000    000008f0   000008f0    r-x
  00000000    00000000    000000e4   000000e4    r-- .intvecs
  000000e4    000000e4    000007e4   000007e4    r-x .text
  000008c8    000008c8    00000028   00000028    r-- .cinit
20000000    20000000    0000001c   00000000    rw-
  20000000    20000000    0000001c   00000000    rw- .data
2000fe00    2000fe00    00000200   00000000    rw-
  2000fe00    2000fe00    00000200   00000000    rw- .stack


SECTION ALLOCATION MAP

 output                                  attributes/
section   page    origin      length       input sections
--------  ----  ----------  ----------   ----------------
.intvecs   0    00000000    000000e4     
                  00000000    000000e4     startup_msp432p401r_ccs.obj (.intvecs:retain)

.binit     0    00000000    00000000     

.text      0    000000e4    000007e4     
                  000000e4    0000032c     system_msp432p401r.obj (.text)
                  00000410    000001b8     timer.obj (.text)
                  000005c8    0000009c     rtsv7M4_T_le_v4SPD16_eabi.lib : memcpy_t2.obj (.text)
                  00000664    00000070                                   : autoinit.obj (.text)
                  000006d4    00000068                                   : copy_decompress_lzss.obj (.text:decompress:lzss)
                  0000073c    00000054                                   : boot.obj (.text)
                  00000790    00000054                                   : exit.obj (.text)
                  000007e4    0000004c                                   : cpy_tbl.obj (.text)
                  00000830    00000048     main.obj (.text)
                  00000878    00000018     rtsv7M4_T_le_v4SPD16_eabi.lib : args_main.obj (.text)
                  00000890    00000014                                   : _lock.obj (.text)
                  000008a4    0000000e                                   : copy_decompress_none.obj (.text:decompress:none)
                  000008b2    0000000e     startup_msp432p401r_ccs.obj (.text)
                  000008c0    00000004     rtsv7M4_T_le_v4SPD16_eabi.lib : pre_init.obj (.text)
                  000008c4    00000002                                   : mpu_init.obj (.text)
                  000008c6    00000002                                   : startup.obj (.text)

.cinit     0    000008c8    00000028     
                  000008c8    00000015     (.cinit..data.load) [load image, compression = lzss]
                  000008dd    00000003     --HOLE-- [fill = 0]
                  000008e0    00000008     (__TI_handler_table)
                  000008e8    00000008     (__TI_cinit_table)

.init_array 
*          0    00000000    00000000     UNINITIALIZED

.data      0    20000000    0000001c     UNINITIALIZED
                  20000000    0000000c     rtsv7M4_T_le_v4SPD16_eabi.lib : exit.obj (.data:$O1$$)
                  2000000c    00000008                                   : _lock.obj (.data:$O1$$)
                  20000014    00000004                                   : stkdepth_vars.obj (.data)
                  20000018    00000004     system_msp432p401r.obj (.data)

.stack     0    2000fe00    00000200     UNINITIALIZED
                  2000fe00    00000200     --HOLE--

MODULE SUMMARY

       Module                        code   ro data   rw data
       ------                        ----   -------   -------
    .\
       system_msp432p401r.obj        812    0         8      
       startup_msp432p401r_ccs.obj   14     228       0      
       main.obj                      72     0         0      
    +--+-----------------------------+------+---------+---------+
       Total:                        898    228       8      
                                                             
    .\voles\
       timer.obj                     440    0         0      
    +--+-----------------------------+------+---------+---------+
       Total:                        440    0         0      
                                                             
    C:\ti\ccsv7\tools\compiler\ti-cgt-arm_16.9.1.LTS\lib\rtsv7M4_T_le_v4SPD16_eabi.lib
       memcpy_t2.obj                 156    0         0      
       autoinit.obj                  112    0         0      
       exit.obj                      84     0         24     
       copy_decompress_lzss.obj      104    0         0      
       boot.obj                      84     0         0      
       cpy_tbl.obj                   76     0         0      
       _lock.obj                     20     0         16     
       args_main.obj                 24     0         0      
       copy_decompress_none.obj      14     0         0      
       stkdepth_vars.obj             0      0         8      
       pre_init.obj                  4      0         0      
       mpu_init.obj                  2      0         0      
       startup.obj                   2      0         0      
    +--+-----------------------------+------+---------+---------+
       Total:                        682    0         48     
                                                             
       Stack:                        0      0         1024   
       Linker Generated:             0      37        0      
    +--+-----------------------------+------+---------+---------+
       Grand Total:                  2020   265       1080   


LINKER GENERATED COPY TABLES

__TI_cinit_table @ 000008e8 records: 1, size/record: 8, table size: 8
	.data: load addr=000008c8, load size=00000015 bytes, run addr=20000000, run size=0000001c bytes, compression=lzss


LINKER GENERATED HANDLER TABLE

__TI_handler_table @ 000008e0 records: 2, size/record: 4, table size: 8
	index: 0, handler: __TI_decompress_lzss
	index: 1, handler: __TI_decompress_none


GLOBAL SYMBOLS: SORTED ALPHABETICALLY BY Name 

address   name                           
-------   ----                           
000008bf  ADC14_IRQHandler               
000008bf  AES256_IRQHandler              
000008bf  BusFault_Handler               
00000791  C$$EXIT                        
000008bf  COMP_E0_IRQHandler             
000008bf  COMP_E1_IRQHandler             
000008bf  CS_IRQHandler                  
000008bf  DMA_ERR_IRQHandler             
000008bf  DMA_INT0_IRQHandler            
000008bf  DMA_INT1_IRQHandler            
000008bf  DMA_INT2_IRQHandler            
000008bf  DMA_INT3_IRQHandler            
000008bf  DebugMon_Handler               
000008bf  Default_Handler                
000008bf  EUSCIA0_IRQHandler             
000008bf  EUSCIA1_IRQHandler             
000008bf  EUSCIA2_IRQHandler             
000008bf  EUSCIA3_IRQHandler             
000008bf  EUSCIB0_IRQHandler             
000008bf  EUSCIB1_IRQHandler             
000008bf  EUSCIB2_IRQHandler             
000008bf  EUSCIB3_IRQHandler             
000008bf  FLCTL_IRQHandler               
000008bf  FPU_IRQHandler                 
000008bf  HardFault_Handler              
000008bf  MemManage_Handler              
000008bf  NMI_Handler                    
000008bf  PCM_IRQHandler                 
000008bf  PORT1_IRQHandler               
000008bf  PORT2_IRQHandler               
000008bf  PORT3_IRQHandler               
000008bf  PORT4_IRQHandler               
000008bf  PORT5_IRQHandler               
000008bf  PORT6_IRQHandler               
000008bf  PSS_IRQHandler                 
000008bf  PendSV_Handler                 
000008bf  RTC_C_IRQHandler               
000008b3  Reset_Handler                  
UNDEFED   SHT$$INIT_ARRAY$$Base          
UNDEFED   SHT$$INIT_ARRAY$$Limit         
000008bf  SVC_Handler                    
000008bf  SysTick_Handler                
20000018  SystemCoreClock                
000000e5  SystemCoreClockUpdate          
00000359  SystemInit                     
000008bf  T32_INT1_IRQHandler            
000008bf  T32_INT2_IRQHandler            
000008bf  T32_INTC_IRQHandler            
000008bf  TA0_0_IRQHandler               
000008bf  TA0_N_IRQHandler               
000008bf  TA1_0_IRQHandler               
000008bf  TA1_N_IRQHandler               
000008bf  TA2_0_IRQHandler               
000008bf  TA2_N_IRQHandler               
000008bf  TA3_0_IRQHandler               
000008bf  TA3_N_IRQHandler               
00000527  TIMER_begin                    
00000411  TIMER_init_raw                 
00000581  TIMER_kill                     
00000535  TIMER_pause                    
00000563  TIMER_request                  
00000571  TIMER_request_repeat           
00000543  TIMER_reset_raw                
00000553  TIMER_set_callback             
000008bf  UsageFault_Handler             
4000480c  WDTCTL_SYM                     
000008bf  WDT_A_IRQHandler               
20010000  __STACK_END                    
00000200  __STACK_SIZE                   
000008e8  __TI_CINIT_Base                
000008f0  __TI_CINIT_Limit               
000008e0  __TI_Handler_Table_Base        
000008e8  __TI_Handler_Table_Limit       
00000665  __TI_auto_init                 
20000000  __TI_cleanup_ptr               
000006d5  __TI_decompress_lzss           
000008a5  __TI_decompress_none           
20000004  __TI_dtors_ptr                 
20000008  __TI_enable_exit_profile_output
ffffffff  __TI_pprof_out_hndl            
ffffffff  __TI_prof_data_size            
ffffffff  __TI_prof_data_start           
00000000  __TI_static_base__             
000005c9  __aeabi_memcpy                 
000005c9  __aeabi_memcpy4                
000005c9  __aeabi_memcpy8                
ffffffff  __binit__                      
ffffffff  __c_args__                     
000008c5  __mpu_init                     
2000fe00  __stack                        
00000879  _args_main                     
0000073d  _c_int00                       
2000000c  _lock                          
0000089f  _nop                           
00000897  _register_lock                 
00000891  _register_unlock               
000008c7  _system_post_cinit             
000008c1  _system_pre_init               
20000010  _unlock                        
00000795  abort                          
ffffffff  binit                          
000007e5  copy_in                        
0000079d  exit                           
00000000  interruptVectors               
00000831  main                           
20000014  main_func_sp                   
000005c9  memcpy                         


GLOBAL SYMBOLS: SORTED BY Symbol Address 

address   name                           
-------   ----                           
00000000  __TI_static_base__             
00000000  interruptVectors               
000000e5  SystemCoreClockUpdate          
00000200  __STACK_SIZE                   
00000359  SystemInit                     
00000411  TIMER_init_raw                 
00000527  TIMER_begin                    
00000535  TIMER_pause                    
00000543  TIMER_reset_raw                
00000553  TIMER_set_callback             
00000563  TIMER_request                  
00000571  TIMER_request_repeat           
00000581  TIMER_kill                     
000005c9  __aeabi_memcpy                 
000005c9  __aeabi_memcpy4                
000005c9  __aeabi_memcpy8                
000005c9  memcpy                         
00000665  __TI_auto_init                 
000006d5  __TI_decompress_lzss           
0000073d  _c_int00                       
00000791  C$$EXIT                        
00000795  abort                          
0000079d  exit                           
000007e5  copy_in                        
00000831  main                           
00000879  _args_main                     
00000891  _register_unlock               
00000897  _register_lock                 
0000089f  _nop                           
000008a5  __TI_decompress_none           
000008b3  Reset_Handler                  
000008bf  ADC14_IRQHandler               
000008bf  AES256_IRQHandler              
000008bf  BusFault_Handler               
000008bf  COMP_E0_IRQHandler             
000008bf  COMP_E1_IRQHandler             
000008bf  CS_IRQHandler                  
000008bf  DMA_ERR_IRQHandler             
000008bf  DMA_INT0_IRQHandler            
000008bf  DMA_INT1_IRQHandler            
000008bf  DMA_INT2_IRQHandler            
000008bf  DMA_INT3_IRQHandler            
000008bf  DebugMon_Handler               
000008bf  Default_Handler                
000008bf  EUSCIA0_IRQHandler             
000008bf  EUSCIA1_IRQHandler             
000008bf  EUSCIA2_IRQHandler             
000008bf  EUSCIA3_IRQHandler             
000008bf  EUSCIB0_IRQHandler             
000008bf  EUSCIB1_IRQHandler             
000008bf  EUSCIB2_IRQHandler             
000008bf  EUSCIB3_IRQHandler             
000008bf  FLCTL_IRQHandler               
000008bf  FPU_IRQHandler                 
000008bf  HardFault_Handler              
000008bf  MemManage_Handler              
000008bf  NMI_Handler                    
000008bf  PCM_IRQHandler                 
000008bf  PORT1_IRQHandler               
000008bf  PORT2_IRQHandler               
000008bf  PORT3_IRQHandler               
000008bf  PORT4_IRQHandler               
000008bf  PORT5_IRQHandler               
000008bf  PORT6_IRQHandler               
000008bf  PSS_IRQHandler                 
000008bf  PendSV_Handler                 
000008bf  RTC_C_IRQHandler               
000008bf  SVC_Handler                    
000008bf  SysTick_Handler                
000008bf  T32_INT1_IRQHandler            
000008bf  T32_INT2_IRQHandler            
000008bf  T32_INTC_IRQHandler            
000008bf  TA0_0_IRQHandler               
000008bf  TA0_N_IRQHandler               
000008bf  TA1_0_IRQHandler               
000008bf  TA1_N_IRQHandler               
000008bf  TA2_0_IRQHandler               
000008bf  TA2_N_IRQHandler               
000008bf  TA3_0_IRQHandler               
000008bf  TA3_N_IRQHandler               
000008bf  UsageFault_Handler             
000008bf  WDT_A_IRQHandler               
000008c1  _system_pre_init               
000008c5  __mpu_init                     
000008c7  _system_post_cinit             
000008e0  __TI_Handler_Table_Base        
000008e8  __TI_CINIT_Base                
000008e8  __TI_Handler_Table_Limit       
000008f0  __TI_CINIT_Limit               
20000000  __TI_cleanup_ptr               
20000004  __TI_dtors_ptr                 
20000008  __TI_enable_exit_profile_output
2000000c  _lock                          
20000010  _unlock                        
20000014  main_func_sp                   
20000018  SystemCoreClock                
2000fe00  __stack                        
20010000  __STACK_END                    
4000480c  WDTCTL_SYM                     
ffffffff  __TI_pprof_out_hndl            
ffffffff  __TI_prof_data_size            
ffffffff  __TI_prof_data_start           
ffffffff  __binit__                      
ffffffff  __c_args__                     
ffffffff  binit                          
UNDEFED   SHT$$INIT_ARRAY$$Base          
UNDEFED   SHT$$INIT_ARRAY$$Limit         

[107 symbols]
