******************************************************************************
                  TI ARM Linker PC v16.9.1                     
******************************************************************************
>> Linked Tue Oct 10 14:17:44 2017

OUTPUT FILE NAME:   <VOLETRON.out>
ENTRY POINT SYMBOL: "_c_int00"  address: 00002509


MEMORY CONFIGURATION

         name            origin    length      used     unused   attr    fill
----------------------  --------  ---------  --------  --------  ----  --------
  MAIN                  00000000   00040000  0000285c  0003d7a4  R  X
  INFO                  00200000   00004000  00000000  00004000  R  X
  SRAM_CODE             01000000   00010000  00000981  0000f67f  RW X
  SRAM_DATA             20000000   00010000  00000981  0000f67f  RW  


SEGMENT ALLOCATION MAP

run origin  load origin   length   init length attrs members
----------  ----------- ---------- ----------- ----- -------
00000000    00000000    00002860   00002860    r-x
  00000000    00000000    000000e4   000000e4    r-- .intvecs
  000000e4    000000e4    000026a4   000026a4    r-x .text
  00002788    00002788    00000064   00000064    r-- .const
  000027f0    000027f0    00000070   00000070    r-- .cinit
20000000    20000000    00000782   00000000    rw-
  20000000    20000000    00000400   00000000    rw- .sysmem
  20000400    20000400    00000327   00000000    rw- .bss
  20000728    20000728    0000005a   00000000    rw- .data
2000fe00    2000fe00    00000200   00000000    rw-
  2000fe00    2000fe00    00000200   00000000    rw- .stack


SECTION ALLOCATION MAP

 output                                  attributes/
section   page    origin      length       input sections
--------  ----  ----------  ----------   ----------------
.intvecs   0    00000000    000000e4     
                  00000000    000000e4     startup_msp432p401r_ccs.obj (.intvecs:retain)

.binit     0    00000000    00000000     

.text      0    000000e4    000026a4     
                  000000e4    00000ae4     timer.obj (.text)
                  00000bc8    000004f4     custom_uart.obj (.text)
                  000010bc    000003d0     rtsv7M4_T_le_v4SPD16_eabi.lib : memory.obj (.text)
                  0000148c    0000032c     system_msp432p401r.obj (.text)
                  000017b8    00000324     debounce.obj (.text)
                  00001adc    00000288     main.obj (.text)
                  00001d64    00000284     rfid.obj (.text)
                  00001fe8    00000158     circbuf.obj (.text)
                  00002140    000000e0     beambreak.obj (.text)
                  00002220    0000009c     rtsv7M4_T_le_v4SPD16_eabi.lib : memcpy_t2.obj (.text)
                  000022bc    00000094     msp432p4xx_driverlib.lib : uart.o (.text:UART_initModule)
                  00002350    0000007a     rtsv7M4_T_le_v4SPD16_eabi.lib : memset_t2.obj (.text)
                  000023ca    00000002                                   : mpu_init.obj (.text)
                  000023cc    00000070                                   : autoinit.obj (.text)
                  0000243c    00000068                                   : copy_decompress_lzss.obj (.text:decompress:lzss)
                  000024a4    00000064     msp432p4xx_driverlib.lib : interrupt.o (.text:Interrupt_enableInterrupt)
                  00002508    00000054     rtsv7M4_T_le_v4SPD16_eabi.lib : boot.obj (.text)
                  0000255c    00000054                                   : exit.obj (.text)
                  000025b0    0000004c                                   : cpy_tbl.obj (.text)
                  000025fc    00000048     msp432p4xx_driverlib.lib : gpio.o (.text:GPIO_setAsPeripheralModuleFunctionInputPin)
                  00002644    00000024                              : cs.o (.text:CS_setDCOCenteredFrequency)
                  00002668    00000024                              : uart.o (.text:UART_receiveData)
                  0000268c    00000024                              : uart.o (.text:UART_transmitData)
                  000026b0    00000018                              : gpio.o (.text:GPIO_getInputPinValue)
                  000026c8    00000018     rtsv7M4_T_le_v4SPD16_eabi.lib : args_main.obj (.text)
                  000026e0    00000016     msp432p4xx_driverlib.lib : uart.o (.text:UART_enableInterrupt)
                  000026f6    00000002     rtsv7M4_T_le_v4SPD16_eabi.lib : startup.obj (.text)
                  000026f8    00000014                                   : _lock.obj (.text)
                  0000270c    00000010     msp432p4xx_driverlib.lib : interrupt.o (.text:Interrupt_disableMaster)
                  0000271c    00000010                              : interrupt.o (.text:Interrupt_enableMaster)
                  0000272c    0000000e     rtsv7M4_T_le_v4SPD16_eabi.lib : copy_decompress_none.obj (.text:decompress:none)
                  0000273a    0000000e     startup_msp432p401r_ccs.obj (.text)
                  00002748    0000000c     msp432p4xx_driverlib.lib : cpu.o (.text:CPU_cpsid)
                  00002754    0000000c                              : cpu.o (.text:CPU_cpsie)
                  00002760    0000000c                              : uart.o (.text:UART_disableModule)
                  0000276c    0000000c                              : uart.o (.text:UART_enableModule)
                  00002778    0000000c     rtsv7M4_T_le_v4SPD16_eabi.lib : copy_zero_init.obj (.text:decompress:ZI)
                  00002784    00000004                                   : pre_init.obj (.text)

.const     0    00002788    00000064     
                  00002788    00000040     msp432p4xx_driverlib.lib : interrupt.o (.const)
                  000027c8    00000024     custom_uart.obj (.const:$P$T0$1)

.cinit     0    000027f0    00000070     
                  000027f0    00000045     (.cinit..data.load) [load image, compression = lzss]
                  00002835    00000003     --HOLE-- [fill = 0]
                  00002838    0000000c     (__TI_handler_table)
                  00002844    00000004     --HOLE-- [fill = 0]
                  00002848    00000008     (.cinit..bss.load) [load image, compression = zero_init]
                  00002850    00000010     (__TI_cinit_table)

.init_array 
*          0    00000000    00000000     UNINITIALIZED

.sysmem    0    20000000    00000400     UNINITIALIZED
                  20000000    00000008     rtsv7M4_T_le_v4SPD16_eabi.lib : memory.obj (.sysmem)
                  20000008    000003f8     --HOLE--

.bss       0    20000400    00000327     UNINITIALIZED
                  20000400    000001c0     (.common:TA)
                  200005c0    00000060     (.common:current_task_data)
                  20000620    00000040     (.common:rfid_preasent_tags)
                  20000660    00000040     (.common:uart_rx_buf)
                  200006a0    00000040     (.common:uart_tx_buf)
                  200006e0    00000010     timer.obj (.bss)
                  200006f0    00000010     (.common:callback_np)
                  20000700    00000008     (.common:db_timeout)
                  20000708    00000008     (.common:prelim_beep)
                  20000710    00000008     (.common:uart_timeout_id)
                  20000718    00000004     (.common:TA_status)
                  2000071c    00000004     (.common:tx_array_size)
                  20000720    00000004     (.common:tx_progress)
                  20000724    00000001     (.common:bbreak_flg)
                  20000725    00000001     (.common:port4_linkers)
                  20000726    00000001     (.common:test_cnt)

.data      0    20000728    0000005a     UNINITIALIZED
                  20000728    00000030     msp432p4xx_driverlib.lib : gpio.o (.data:GPIO_PORT_TO_BASE)
                  20000758    0000000c     rtsv7M4_T_le_v4SPD16_eabi.lib : exit.obj (.data:$O1$$)
                  20000764    0000000c                                   : memory.obj (.data:$O1$$)
                  20000770    00000008                                   : _lock.obj (.data:$O1$$)
                  20000778    00000004                                   : stkdepth_vars.obj (.data)
                  2000077c    00000004     system_msp432p401r.obj (.data)
                  20000780    00000001     custom_uart.obj (.data)
                  20000781    00000001     main.obj (.data)

.stack     0    2000fe00    00000200     UNINITIALIZED
                  2000fe00    00000200     --HOLE--

MODULE SUMMARY

       Module                        code   ro data   rw data
       ------                        ----   -------   -------
    .\
       system_msp432p401r.obj        812    0         8      
       main.obj                      648    0         20     
       startup_msp432p401r_ccs.obj   14     228       0      
    +--+-----------------------------+------+---------+---------+
       Total:                        1474   228       28     
                                                             
    .\voles\
       timer.obj                     2788   0         936    
       custom_uart.obj               1268   36        290    
       debounce.obj                  804    0         210    
       rfid.obj                      644    0         128    
       circbuf.obj                   344    0         0      
       beambreak.obj                 224    0         34     
    +--+-----------------------------+------+---------+---------+
       Total:                        6072   36        1598   
                                                             
    ../msp432p4xx_driverlib.lib
       uart.o                        266    0         0      
       interrupt.o                   132    64        0      
       gpio.o                        96     0         96     
       cs.o                          36     0         0      
       cpu.o                         24     0         0      
    +--+-----------------------------+------+---------+---------+
       Total:                        554    64        96     
                                                             
    C:\ti\ccsv7\tools\compiler\ti-cgt-arm_16.9.1.LTS\lib\rtsv7M4_T_le_v4SPD16_eabi.lib
       memory.obj                    976    0         24     
       memcpy_t2.obj                 156    0         0      
       memset_t2.obj                 122    0         0      
       autoinit.obj                  112    0         0      
       exit.obj                      84     0         24     
       copy_decompress_lzss.obj      104    0         0      
       boot.obj                      84     0         0      
       cpy_tbl.obj                   76     0         0      
       _lock.obj                     20     0         16     
       args_main.obj                 24     0         0      
       copy_decompress_none.obj      14     0         0      
       copy_zero_init.obj            12     0         0      
       stkdepth_vars.obj             0      0         8      
       pre_init.obj                  4      0         0      
       mpu_init.obj                  2      0         0      
       startup.obj                   2      0         0      
    +--+-----------------------------+------+---------+---------+
       Total:                        1792   0         72     
                                                             
       Heap:                         0      0         2048   
       Stack:                        0      0         1024   
       Linker Generated:             0      105       0      
    +--+-----------------------------+------+---------+---------+
       Grand Total:                  9892   433       4866   


LINKER GENERATED COPY TABLES

__TI_cinit_table @ 00002850 records: 2, size/record: 8, table size: 16
	.data: load addr=000027f0, load size=00000045 bytes, run addr=20000728, run size=0000005a bytes, compression=lzss
	.bss: load addr=00002848, load size=00000008 bytes, run addr=20000400, run size=00000327 bytes, compression=zero_init


LINKER GENERATED HANDLER TABLE

__TI_handler_table @ 00002838 records: 3, size/record: 4, table size: 12
	index: 0, handler: __TI_decompress_lzss
	index: 1, handler: __TI_decompress_none
	index: 2, handler: __TI_zero_init


GLOBAL SYMBOLS: SORTED ALPHABETICALLY BY Name 

address   name                                      
-------   ----                                      
00002747  ADC14_IRQHandler                          
00002747  AES256_IRQHandler                         
000021dd  BBREAK_check                              
00002197  BBREAK_debounce                           
00002141  BBREAK_init                               
00002747  BusFault_Handler                          
0000255d  C$$EXIT                                   
00002101  CIRCBUF_delete                            
00001fe9  CIRCBUF_init                              
0000209d  CIRCBUF_pop                               
00002031  CIRCBUF_push                              
00002119  CIRCBUF_read                              
00002747  COMP_E0_IRQHandler                        
00002747  COMP_E1_IRQHandler                        
00002749  CPU_cpsid                                 
00002755  CPU_cpsie                                 
00002747  CS_IRQHandler                             
00002645  CS_setDCOCenteredFrequency                
000017eb  DEBOUNCE_callback                         
000017b9  DEBOUNCE_clear_data                       
000019df  DEBOUNCE_repeater                         
000018ff  DEBOUNCE_request                          
000019c5  DEBOUNCE_timeout                          
00002747  DMA_ERR_IRQHandler                        
00002747  DMA_INT0_IRQHandler                       
00002747  DMA_INT1_IRQHandler                       
00002747  DMA_INT2_IRQHandler                       
00002747  DMA_INT3_IRQHandler                       
00002747  DebugMon_Handler                          
00002747  Default_Handler                           
00000ea5  EUSCIA0_IRQHandler                        
00000ea5  EUSCIA0_IRQHandler                        
00002747  EUSCIA1_IRQHandler                        
00000f21  EUSCIA2_IRQHandler                        
00000f21  EUSCIA2_IRQHandler                        
00000f6b  EUSCIA3_IRQHandler                        
00000f6b  EUSCIA3_IRQHandler                        
00002747  EUSCIB0_IRQHandler                        
00002747  EUSCIB1_IRQHandler                        
00002747  EUSCIB2_IRQHandler                        
00002747  EUSCIB3_IRQHandler                        
00002747  FLCTL_IRQHandler                          
00002747  FPU_IRQHandler                            
000026b1  GPIO_getInputPinValue                     
000025fd  GPIO_setAsPeripheralModuleFunctionInputPin
00002747  HardFault_Handler                         
0000270d  Interrupt_disableMaster                   
000024a5  Interrupt_enableInterrupt                 
0000271d  Interrupt_enableMaster                    
00002747  MemManage_Handler                         
00002747  NMI_Handler                               
00002747  PCM_IRQHandler                            
00001bfb  PORT1_IRQHandler                          
00001bfb  PORT1_IRQHandler                          
00001c89  PORT2_IRQHandler                          
00001c89  PORT2_IRQHandler                          
00002747  PORT3_IRQHandler                          
000021ed  PORT4_IRQHandler                          
000021ed  PORT4_IRQHandler                          
00002747  PORT5_IRQHandler                          
00002747  PORT6_IRQHandler                          
00002747  PSS_IRQHandler                            
00002747  PendSV_Handler                            
00001e0f  RFID_config_1_out_of_156_ppm              
00001e29  RFID_config_agc_toggle                    
00001e43  RFID_config_ampm_toggle                   
00001db3  RFID_config_enable_external_antenna       
00001d99  RFID_config_enable_internal_antenna       
00001d7f  RFID_config_max_power_4to1mod             
00001dcd  RFID_config_the_example                   
00001ef5  RFID_init                                 
00001e87  RFID_parse                                
00001d65  RFID_ping                                 
00001e5d  RFID_ssir                                 
00001e77  RFID_xsir                                 
00002747  RTC_C_IRQHandler                          
0000273b  Reset_Handler                             
UNDEFED   SHT$$INIT_ARRAY$$Base                     
UNDEFED   SHT$$INIT_ARRAY$$Limit                    
00002747  SVC_Handler                               
00002747  SysTick_Handler                           
2000077c  SystemCoreClock                           
0000148d  SystemCoreClockUpdate                     
00001701  SystemInit                                
00002747  T32_INT1_IRQHandler                       
00002747  T32_INT2_IRQHandler                       
00002747  T32_INTC_IRQHandler                       
20000400  TA                                        
00002747  TA0_0_IRQHandler                          
0000099d  TA0_N_IRQHandler                          
0000099d  TA0_N_IRQHandler                          
00002747  TA1_0_IRQHandler                          
00000905  TA1_N_IRQHandler                          
00000905  TA1_N_IRQHandler                          
00002747  TA2_0_IRQHandler                          
00000a37  TA2_N_IRQHandler                          
00000a37  TA2_N_IRQHandler                          
00002747  TA3_0_IRQHandler                          
00000acf  TA3_N_IRQHandler                          
00000acf  TA3_N_IRQHandler                          
20000718  TA_status                                 
00000569  TIMER_begin                               
00000309  TIMER_calculate_deviders_l                
000002b5  TIMER_calculate_deviders_s                
000008f7  TIMER_callback_default                    
000001e7  TIMER_config                              
00000335  TIMER_config_ccr_raw_cnt                  
00000845  TIMER_config_cnt_raw                      
00000167  TIMER_config_l                            
000000e5  TIMER_config_raw                          
00000b67  TIMER_default_callback                    
00000897  TIMER_init                                
00000823  TIMER_kill                                
000005fd  TIMER_kill_raw                            
000003c1  TIMER_load_devider                        
000005b5  TIMER_pause                               
00000787  TIMER_request                             
000006d5  TIMER_reset_raw                           
0000072b  TIMER_set_callback                        
00002761  UART_disableModule                        
000026e1  UART_enableInterrupt                      
0000276d  UART_enableModule                         
000022bd  UART_initModule                           
00002669  UART_receiveData                          
0000268d  UART_transmitData                         
00002747  UsageFault_Handler                        
00000bc9  VUART_init                                
00000fc1  VUART_peripheral_response_timeout         
0000105d  VUART_timeout_callback                    
00000dd9  VUART_tx_buf                              
00000ccf  VUART_tx_byte                             
00000d01  VUART_tx_string                           
4000480c  WDTCTL_SYM                                
00002747  WDT_A_IRQHandler                          
20010000  __STACK_END                               
00000200  __STACK_SIZE                              
00000400  __SYSMEM_SIZE                             
00002850  __TI_CINIT_Base                           
00002860  __TI_CINIT_Limit                          
00002838  __TI_Handler_Table_Base                   
00002844  __TI_Handler_Table_Limit                  
000023cd  __TI_auto_init                            
20000758  __TI_cleanup_ptr                          
0000243d  __TI_decompress_lzss                      
0000272d  __TI_decompress_none                      
2000075c  __TI_dtors_ptr                            
20000760  __TI_enable_exit_profile_output           
ffffffff  __TI_pprof_out_hndl                       
ffffffff  __TI_prof_data_size                       
ffffffff  __TI_prof_data_start                      
00000000  __TI_static_base__                        
00002779  __TI_zero_init                            
00002351  __aeabi_memclr                            
00002351  __aeabi_memclr4                           
00002351  __aeabi_memclr8                           
00002221  __aeabi_memcpy                            
00002221  __aeabi_memcpy4                           
00002221  __aeabi_memcpy8                           
00002353  __aeabi_memset                            
00002353  __aeabi_memset4                           
00002353  __aeabi_memset8                           
ffffffff  __binit__                                 
ffffffff  __c_args__                                
000023cb  __mpu_init                                
2000fe00  __stack                                   
000026c9  _args_main                                
00002509  _c_int00                                  
20000770  _lock                                     
00002707  _nop                                      
000026ff  _register_lock                            
000026f9  _register_unlock                          
20000000  _sys_memory                               
000026f7  _system_post_cinit                        
00002785  _system_pre_init                          
20000774  _unlock                                   
00002561  abort                                     
20000724  bbreak_flg                                
00001ce7  beep                                      
ffffffff  binit                                     
200006f0  callback_np                               
0000145d  calloc                                    
20000781  cb_ctr_debug_deboucne                     
000025b1  copy_in                                   
200005c0  current_task_data                         
20000700  db_timeout                                
00002569  exit                                      
000011a7  free                                      
00000000  interruptVectors                          
00001add  main                                      
20000778  main_func_sp                              
0000113d  malloc                                    
00001371  memalign                                  
00002221  memcpy                                    
00002359  memset                                    
000010bd  minit                                     
20000725  port4_linkers                             
20000708  prelim_beep                               
00001269  realloc                                   
20000780  recieve_flg_rfid                          
20000620  rfid_preasent_tags                        
00001bd3  test_callback                             
00001be5  test_callback1                            
00001bf7  test_callback2                            
00001bf9  test_callback3                            
20000726  test_cnt                                  
2000071c  tx_array_size                             
20000720  tx_progress                               
20000660  uart_rx_buf                               
20000710  uart_timeout_id                           
200006a0  uart_tx_buf                               


GLOBAL SYMBOLS: SORTED BY Symbol Address 

address   name                                      
-------   ----                                      
00000000  __TI_static_base__                        
00000000  interruptVectors                          
000000e5  TIMER_config_raw                          
00000167  TIMER_config_l                            
000001e7  TIMER_config                              
00000200  __STACK_SIZE                              
000002b5  TIMER_calculate_deviders_s                
00000309  TIMER_calculate_deviders_l                
00000335  TIMER_config_ccr_raw_cnt                  
000003c1  TIMER_load_devider                        
00000400  __SYSMEM_SIZE                             
00000569  TIMER_begin                               
000005b5  TIMER_pause                               
000005fd  TIMER_kill_raw                            
000006d5  TIMER_reset_raw                           
0000072b  TIMER_set_callback                        
00000787  TIMER_request                             
00000823  TIMER_kill                                
00000845  TIMER_config_cnt_raw                      
00000897  TIMER_init                                
000008f7  TIMER_callback_default                    
00000905  TA1_N_IRQHandler                          
00000905  TA1_N_IRQHandler                          
0000099d  TA0_N_IRQHandler                          
0000099d  TA0_N_IRQHandler                          
00000a37  TA2_N_IRQHandler                          
00000a37  TA2_N_IRQHandler                          
00000acf  TA3_N_IRQHandler                          
00000acf  TA3_N_IRQHandler                          
00000b67  TIMER_default_callback                    
00000bc9  VUART_init                                
00000ccf  VUART_tx_byte                             
00000d01  VUART_tx_string                           
00000dd9  VUART_tx_buf                              
00000ea5  EUSCIA0_IRQHandler                        
00000ea5  EUSCIA0_IRQHandler                        
00000f21  EUSCIA2_IRQHandler                        
00000f21  EUSCIA2_IRQHandler                        
00000f6b  EUSCIA3_IRQHandler                        
00000f6b  EUSCIA3_IRQHandler                        
00000fc1  VUART_peripheral_response_timeout         
0000105d  VUART_timeout_callback                    
000010bd  minit                                     
0000113d  malloc                                    
000011a7  free                                      
00001269  realloc                                   
00001371  memalign                                  
0000145d  calloc                                    
0000148d  SystemCoreClockUpdate                     
00001701  SystemInit                                
000017b9  DEBOUNCE_clear_data                       
000017eb  DEBOUNCE_callback                         
000018ff  DEBOUNCE_request                          
000019c5  DEBOUNCE_timeout                          
000019df  DEBOUNCE_repeater                         
00001add  main                                      
00001bd3  test_callback                             
00001be5  test_callback1                            
00001bf7  test_callback2                            
00001bf9  test_callback3                            
00001bfb  PORT1_IRQHandler                          
00001bfb  PORT1_IRQHandler                          
00001c89  PORT2_IRQHandler                          
00001c89  PORT2_IRQHandler                          
00001ce7  beep                                      
00001d65  RFID_ping                                 
00001d7f  RFID_config_max_power_4to1mod             
00001d99  RFID_config_enable_internal_antenna       
00001db3  RFID_config_enable_external_antenna       
00001dcd  RFID_config_the_example                   
00001e0f  RFID_config_1_out_of_156_ppm              
00001e29  RFID_config_agc_toggle                    
00001e43  RFID_config_ampm_toggle                   
00001e5d  RFID_ssir                                 
00001e77  RFID_xsir                                 
00001e87  RFID_parse                                
00001ef5  RFID_init                                 
00001fe9  CIRCBUF_init                              
00002031  CIRCBUF_push                              
0000209d  CIRCBUF_pop                               
00002101  CIRCBUF_delete                            
00002119  CIRCBUF_read                              
00002141  BBREAK_init                               
00002197  BBREAK_debounce                           
000021dd  BBREAK_check                              
000021ed  PORT4_IRQHandler                          
000021ed  PORT4_IRQHandler                          
00002221  __aeabi_memcpy                            
00002221  __aeabi_memcpy4                           
00002221  __aeabi_memcpy8                           
00002221  memcpy                                    
000022bd  UART_initModule                           
00002351  __aeabi_memclr                            
00002351  __aeabi_memclr4                           
00002351  __aeabi_memclr8                           
00002353  __aeabi_memset                            
00002353  __aeabi_memset4                           
00002353  __aeabi_memset8                           
00002359  memset                                    
000023cb  __mpu_init                                
000023cd  __TI_auto_init                            
0000243d  __TI_decompress_lzss                      
000024a5  Interrupt_enableInterrupt                 
00002509  _c_int00                                  
0000255d  C$$EXIT                                   
00002561  abort                                     
00002569  exit                                      
000025b1  copy_in                                   
000025fd  GPIO_setAsPeripheralModuleFunctionInputPin
00002645  CS_setDCOCenteredFrequency                
00002669  UART_receiveData                          
0000268d  UART_transmitData                         
000026b1  GPIO_getInputPinValue                     
000026c9  _args_main                                
000026e1  UART_enableInterrupt                      
000026f7  _system_post_cinit                        
000026f9  _register_unlock                          
000026ff  _register_lock                            
00002707  _nop                                      
0000270d  Interrupt_disableMaster                   
0000271d  Interrupt_enableMaster                    
0000272d  __TI_decompress_none                      
0000273b  Reset_Handler                             
00002747  ADC14_IRQHandler                          
00002747  AES256_IRQHandler                         
00002747  BusFault_Handler                          
00002747  COMP_E0_IRQHandler                        
00002747  COMP_E1_IRQHandler                        
00002747  CS_IRQHandler                             
00002747  DMA_ERR_IRQHandler                        
00002747  DMA_INT0_IRQHandler                       
00002747  DMA_INT1_IRQHandler                       
00002747  DMA_INT2_IRQHandler                       
00002747  DMA_INT3_IRQHandler                       
00002747  DebugMon_Handler                          
00002747  Default_Handler                           
00002747  EUSCIA1_IRQHandler                        
00002747  EUSCIB0_IRQHandler                        
00002747  EUSCIB1_IRQHandler                        
00002747  EUSCIB2_IRQHandler                        
00002747  EUSCIB3_IRQHandler                        
00002747  FLCTL_IRQHandler                          
00002747  FPU_IRQHandler                            
00002747  HardFault_Handler                         
00002747  MemManage_Handler                         
00002747  NMI_Handler                               
00002747  PCM_IRQHandler                            
00002747  PORT3_IRQHandler                          
00002747  PORT5_IRQHandler                          
00002747  PORT6_IRQHandler                          
00002747  PSS_IRQHandler                            
00002747  PendSV_Handler                            
00002747  RTC_C_IRQHandler                          
00002747  SVC_Handler                               
00002747  SysTick_Handler                           
00002747  T32_INT1_IRQHandler                       
00002747  T32_INT2_IRQHandler                       
00002747  T32_INTC_IRQHandler                       
00002747  TA0_0_IRQHandler                          
00002747  TA1_0_IRQHandler                          
00002747  TA2_0_IRQHandler                          
00002747  TA3_0_IRQHandler                          
00002747  UsageFault_Handler                        
00002747  WDT_A_IRQHandler                          
00002749  CPU_cpsid                                 
00002755  CPU_cpsie                                 
00002761  UART_disableModule                        
0000276d  UART_enableModule                         
00002779  __TI_zero_init                            
00002785  _system_pre_init                          
00002838  __TI_Handler_Table_Base                   
00002844  __TI_Handler_Table_Limit                  
00002850  __TI_CINIT_Base                           
00002860  __TI_CINIT_Limit                          
20000000  _sys_memory                               
20000400  TA                                        
200005c0  current_task_data                         
20000620  rfid_preasent_tags                        
20000660  uart_rx_buf                               
200006a0  uart_tx_buf                               
200006f0  callback_np                               
20000700  db_timeout                                
20000708  prelim_beep                               
20000710  uart_timeout_id                           
20000718  TA_status                                 
2000071c  tx_array_size                             
20000720  tx_progress                               
20000724  bbreak_flg                                
20000725  port4_linkers                             
20000726  test_cnt                                  
20000758  __TI_cleanup_ptr                          
2000075c  __TI_dtors_ptr                            
20000760  __TI_enable_exit_profile_output           
20000770  _lock                                     
20000774  _unlock                                   
20000778  main_func_sp                              
2000077c  SystemCoreClock                           
20000780  recieve_flg_rfid                          
20000781  cb_ctr_debug_deboucne                     
2000fe00  __stack                                   
20010000  __STACK_END                               
4000480c  WDTCTL_SYM                                
ffffffff  __TI_pprof_out_hndl                       
ffffffff  __TI_prof_data_size                       
ffffffff  __TI_prof_data_start                      
ffffffff  __binit__                                 
ffffffff  __c_args__                                
ffffffff  binit                                     
UNDEFED   SHT$$INIT_ARRAY$$Base                     
UNDEFED   SHT$$INIT_ARRAY$$Limit                    

[210 symbols]
