******************************************************************************
                  TI ARM Linker PC v16.9.1                     
******************************************************************************
>> Linked Thu Sep 07 15:57:22 2017

OUTPUT FILE NAME:   <VOLETRON.out>
ENTRY POINT SYMBOL: "_c_int00"  address: 00002375


MEMORY CONFIGURATION

         name            origin    length      used     unused   attr    fill
----------------------  --------  ---------  --------  --------  ----  --------
  MAIN                  00000000   00040000  000026c0  0003d940  R  X
  INFO                  00200000   00004000  00000000  00004000  R  X
  SRAM_CODE             01000000   00010000  0000092e  0000f6d2  RW X
  SRAM_DATA             20000000   00010000  0000092e  0000f6d2  RW  


SEGMENT ALLOCATION MAP

run origin  load origin   length   init length attrs members
----------  ----------- ---------- ----------- ----- -------
00000000    00000000    000026c0   000026c0    r-x
  00000000    00000000    000000e4   000000e4    r-- .intvecs
  000000e4    000000e4    00002510   00002510    r-x .text
  000025f4    000025f4    00000064   00000064    r-- .const
  00002658    00002658    00000068   00000068    r-- .cinit
20000000    20000000    00000730   00000000    rw-
  20000000    20000000    00000400   00000000    rw- .sysmem
  20000400    20000400    000002d6   00000000    rw- .bss
  200006d8    200006d8    00000058   00000000    rw- .data
2000fe00    2000fe00    00000200   00000000    rw-
  2000fe00    2000fe00    00000200   00000000    rw- .stack


SECTION ALLOCATION MAP

 output                                  attributes/
section   page    origin      length       input sections
--------  ----  ----------  ----------   ----------------
.intvecs   0    00000000    000000e4     
                  00000000    000000e4     startup_msp432p401r_ccs.obj (.intvecs:retain)

.binit     0    00000000    00000000     

.text      0    000000e4    00002510     
                  000000e4    00000ae4     timer.obj (.text)
                  00000bc8    00000404     custom_uart.obj (.text)
                  00000fcc    000003d0     rtsv7M4_T_le_v4SPD16_eabi.lib : memory.obj (.text)
                  0000139c    0000032c     system_msp432p401r.obj (.text)
                  000016c8    000002f0     debounce.obj (.text)
                  000019b8    000002bc     main.obj (.text)
                  00001c74    000001e0     rfid.obj (.text)
                  00001e54    00000158     circbuf.obj (.text)
                  00001fac    000000e0     beambreak.obj (.text)
                  0000208c    0000009c     rtsv7M4_T_le_v4SPD16_eabi.lib : memcpy_t2.obj (.text)
                  00002128    00000094     msp432p4xx_driverlib.lib : uart.o (.text:UART_initModule)
                  000021bc    0000007a     rtsv7M4_T_le_v4SPD16_eabi.lib : memset_t2.obj (.text)
                  00002236    00000002                                   : mpu_init.obj (.text)
                  00002238    00000070                                   : autoinit.obj (.text)
                  000022a8    00000068                                   : copy_decompress_lzss.obj (.text:decompress:lzss)
                  00002310    00000064     msp432p4xx_driverlib.lib : interrupt.o (.text:Interrupt_enableInterrupt)
                  00002374    00000054     rtsv7M4_T_le_v4SPD16_eabi.lib : boot.obj (.text)
                  000023c8    00000054                                   : exit.obj (.text)
                  0000241c    0000004c                                   : cpy_tbl.obj (.text)
                  00002468    00000048     msp432p4xx_driverlib.lib : gpio.o (.text:GPIO_setAsPeripheralModuleFunctionInputPin)
                  000024b0    00000024                              : cs.o (.text:CS_setDCOCenteredFrequency)
                  000024d4    00000024                              : uart.o (.text:UART_receiveData)
                  000024f8    00000024                              : uart.o (.text:UART_transmitData)
                  0000251c    00000018                              : gpio.o (.text:GPIO_getInputPinValue)
                  00002534    00000018     rtsv7M4_T_le_v4SPD16_eabi.lib : args_main.obj (.text)
                  0000254c    00000016     msp432p4xx_driverlib.lib : uart.o (.text:UART_enableInterrupt)
                  00002562    00000002     rtsv7M4_T_le_v4SPD16_eabi.lib : startup.obj (.text)
                  00002564    00000014                                   : _lock.obj (.text)
                  00002578    00000010     msp432p4xx_driverlib.lib : interrupt.o (.text:Interrupt_disableMaster)
                  00002588    00000010                              : interrupt.o (.text:Interrupt_enableMaster)
                  00002598    0000000e     rtsv7M4_T_le_v4SPD16_eabi.lib : copy_decompress_none.obj (.text:decompress:none)
                  000025a6    0000000e     startup_msp432p401r_ccs.obj (.text)
                  000025b4    0000000c     msp432p4xx_driverlib.lib : cpu.o (.text:CPU_cpsid)
                  000025c0    0000000c                              : cpu.o (.text:CPU_cpsie)
                  000025cc    0000000c                              : uart.o (.text:UART_disableModule)
                  000025d8    0000000c                              : uart.o (.text:UART_enableModule)
                  000025e4    0000000c     rtsv7M4_T_le_v4SPD16_eabi.lib : copy_zero_init.obj (.text:decompress:ZI)
                  000025f0    00000004                                   : pre_init.obj (.text)

.const     0    000025f4    00000064     
                  000025f4    00000040     msp432p4xx_driverlib.lib : interrupt.o (.const)
                  00002634    00000024     custom_uart.obj (.const:$P$T0$1)

.cinit     0    00002658    00000068     
                  00002658    00000044     (.cinit..data.load) [load image, compression = lzss]
                  0000269c    0000000c     (__TI_handler_table)
                  000026a8    00000008     (.cinit..bss.load) [load image, compression = zero_init]
                  000026b0    00000010     (__TI_cinit_table)

.init_array 
*          0    00000000    00000000     UNINITIALIZED

.sysmem    0    20000000    00000400     UNINITIALIZED
                  20000000    00000008     rtsv7M4_T_le_v4SPD16_eabi.lib : memory.obj (.sysmem)
                  20000008    000003f8     --HOLE--

.bss       0    20000400    000002d6     UNINITIALIZED
                  20000400    000001c0     (.common:TA)
                  200005c0    00000060     (.common:current_task_data)
                  20000620    00000040     (.common:uart_rx_buf)
                  20000660    00000040     (.common:uart_tx_buf)
                  200006a0    00000010     timer.obj (.bss)
                  200006b0    00000010     (.common:callback_np)
                  200006c0    00000008     (.common:prelim_beep)
                  200006c8    00000004     (.common:TA_status)
                  200006cc    00000004     (.common:tx_array_size)
                  200006d0    00000004     (.common:tx_progress)
                  200006d4    00000001     (.common:bbreak_flg)
                  200006d5    00000001     (.common:port4_linkers)

.data      0    200006d8    00000058     UNINITIALIZED
                  200006d8    00000030     msp432p4xx_driverlib.lib : gpio.o (.data:GPIO_PORT_TO_BASE)
                  20000708    0000000c     rtsv7M4_T_le_v4SPD16_eabi.lib : exit.obj (.data:$O1$$)
                  20000714    0000000c                                   : memory.obj (.data:$O1$$)
                  20000720    00000008                                   : _lock.obj (.data:$O1$$)
                  20000728    00000004                                   : stkdepth_vars.obj (.data)
                  2000072c    00000004     system_msp432p401r.obj (.data)

.stack     0    2000fe00    00000200     UNINITIALIZED
                  2000fe00    00000200     --HOLE--

MODULE SUMMARY

       Module                        code   ro data   rw data
       ------                        ----   -------   -------
    .\
       system_msp432p401r.obj        812    0         8      
       main.obj                      700    0         16     
       startup_msp432p401r_ccs.obj   14     228       0      
    +--+-----------------------------+------+---------+---------+
       Total:                        1526   228       24     
                                                             
    .\voles\
       timer.obj                     2788   0         936    
       custom_uart.obj               1028   36        272    
       debounce.obj                  752    0         194    
       rfid.obj                      480    0         0      
       circbuf.obj                   344    0         0      
       beambreak.obj                 224    0         34     
    +--+-----------------------------+------+---------+---------+
       Total:                        5616   36        1436   
                                                             
    ../msp432p4xx_driverlib.lib
       uart.o                        266    0         0      
       interrupt.o                   132    64        0      
       gpio.o                        96     0         96     
       cs.o                          36     0         0      
       cpu.o                         24     0         0      
    +--+-----------------------------+------+---------+---------+
       Total:                        554    64        96     
                                                             
    C:\ti\ccsv7\tools\compiler\ti-cgt-arm_16.9.1.LTS\lib\rtsv7M4_T_le_v4SPD16_eabi.lib
       memory.obj                    976    0         24     
       memcpy_t2.obj                 156    0         0      
       memset_t2.obj                 122    0         0      
       autoinit.obj                  112    0         0      
       exit.obj                      84     0         24     
       copy_decompress_lzss.obj      104    0         0      
       boot.obj                      84     0         0      
       cpy_tbl.obj                   76     0         0      
       _lock.obj                     20     0         16     
       args_main.obj                 24     0         0      
       copy_decompress_none.obj      14     0         0      
       copy_zero_init.obj            12     0         0      
       stkdepth_vars.obj             0      0         8      
       pre_init.obj                  4      0         0      
       mpu_init.obj                  2      0         0      
       startup.obj                   2      0         0      
    +--+-----------------------------+------+---------+---------+
       Total:                        1792   0         72     
                                                             
       Heap:                         0      0         2048   
       Stack:                        0      0         1024   
       Linker Generated:             0      104       0      
    +--+-----------------------------+------+---------+---------+
       Grand Total:                  9488   432       4700   


LINKER GENERATED COPY TABLES

__TI_cinit_table @ 000026b0 records: 2, size/record: 8, table size: 16
	.data: load addr=00002658, load size=00000044 bytes, run addr=200006d8, run size=00000058 bytes, compression=lzss
	.bss: load addr=000026a8, load size=00000008 bytes, run addr=20000400, run size=000002d6 bytes, compression=zero_init


LINKER GENERATED HANDLER TABLE

__TI_handler_table @ 0000269c records: 3, size/record: 4, table size: 12
	index: 0, handler: __TI_decompress_lzss
	index: 1, handler: __TI_decompress_none
	index: 2, handler: __TI_zero_init


GLOBAL SYMBOLS: SORTED ALPHABETICALLY BY Name 

address   name                                      
-------   ----                                      
000025b3  ADC14_IRQHandler                          
000025b3  AES256_IRQHandler                         
00002049  BBREAK_check                              
00002003  BBREAK_debounce                           
00001fad  BBREAK_init                               
000025b3  BusFault_Handler                          
000023c9  C$$EXIT                                   
00001f6d  CIRCBUF_delete                            
00001e55  CIRCBUF_init                              
00001f09  CIRCBUF_pop                               
00001e9d  CIRCBUF_push                              
00001f85  CIRCBUF_read                              
000025b3  COMP_E0_IRQHandler                        
000025b3  COMP_E1_IRQHandler                        
000025b5  CPU_cpsid                                 
000025c1  CPU_cpsie                                 
000025b3  CS_IRQHandler                             
000024b1  CS_setDCOCenteredFrequency                
000016fb  DEBOUNCE_callback                         
000016c9  DEBOUNCE_clear_data                       
000018c1  DEBOUNCE_repeater                         
000017fb  DEBOUNCE_request                          
000025b3  DMA_ERR_IRQHandler                        
000025b3  DMA_INT0_IRQHandler                       
000025b3  DMA_INT1_IRQHandler                       
000025b3  DMA_INT2_IRQHandler                       
000025b3  DMA_INT3_IRQHandler                       
000025b3  DebugMon_Handler                          
000025b3  Default_Handler                           
00000e95  EUSCIA0_IRQHandler                        
00000e95  EUSCIA0_IRQHandler                        
000025b3  EUSCIA1_IRQHandler                        
00000f05  EUSCIA2_IRQHandler                        
00000f05  EUSCIA2_IRQHandler                        
00000f4b  EUSCIA3_IRQHandler                        
00000f4b  EUSCIA3_IRQHandler                        
000025b3  EUSCIB0_IRQHandler                        
000025b3  EUSCIB1_IRQHandler                        
000025b3  EUSCIB2_IRQHandler                        
000025b3  EUSCIB3_IRQHandler                        
000025b3  FLCTL_IRQHandler                          
000025b3  FPU_IRQHandler                            
0000251d  GPIO_getInputPinValue                     
00002469  GPIO_setAsPeripheralModuleFunctionInputPin
000025b3  HardFault_Handler                         
00002579  Interrupt_disableMaster                   
00002311  Interrupt_enableInterrupt                 
00002589  Interrupt_enableMaster                    
000025b3  MemManage_Handler                         
000025b3  NMI_Handler                               
000025b3  PCM_IRQHandler                            
00001aff  PORT1_IRQHandler                          
00001aff  PORT1_IRQHandler                          
00001b93  PORT2_IRQHandler                          
00001b93  PORT2_IRQHandler                          
000025b3  PORT3_IRQHandler                          
00002059  PORT4_IRQHandler                          
00002059  PORT4_IRQHandler                          
000025b3  PORT5_IRQHandler                          
000025b3  PORT6_IRQHandler                          
000025b3  PSS_IRQHandler                            
000025b3  PendSV_Handler                            
00001d41  RFID_config_1_out_of_156_ppm              
00001d51  RFID_config_agc_toggle                    
00001d61  RFID_config_ampm_toggle                   
00001c95  RFID_config_enable_internal_antenna       
00001c85  RFID_config_max_power_4to1mod             
00001ca5  RFID_config_the_example                   
00001d91  RFID_parse                                
00001c75  RFID_ping                                 
00001d71  RFID_ssir                                 
00001d81  RFID_xsir                                 
000025b3  RTC_C_IRQHandler                          
000025a7  Reset_Handler                             
UNDEFED   SHT$$INIT_ARRAY$$Base                     
UNDEFED   SHT$$INIT_ARRAY$$Limit                    
000025b3  SVC_Handler                               
000025b3  SysTick_Handler                           
2000072c  SystemCoreClock                           
0000139d  SystemCoreClockUpdate                     
00001611  SystemInit                                
000025b3  T32_INT1_IRQHandler                       
000025b3  T32_INT2_IRQHandler                       
000025b3  T32_INTC_IRQHandler                       
20000400  TA                                        
000025b3  TA0_0_IRQHandler                          
0000099d  TA0_N_IRQHandler                          
0000099d  TA0_N_IRQHandler                          
000025b3  TA1_0_IRQHandler                          
00000905  TA1_N_IRQHandler                          
00000905  TA1_N_IRQHandler                          
000025b3  TA2_0_IRQHandler                          
00000a37  TA2_N_IRQHandler                          
00000a37  TA2_N_IRQHandler                          
000025b3  TA3_0_IRQHandler                          
00000acf  TA3_N_IRQHandler                          
00000acf  TA3_N_IRQHandler                          
200006c8  TA_status                                 
00000569  TIMER_begin                               
00000309  TIMER_calculate_deviders_l                
000002b5  TIMER_calculate_deviders_s                
000008f7  TIMER_callback_default                    
000001e7  TIMER_config                              
00000335  TIMER_config_ccr_raw_cnt                  
00000845  TIMER_config_cnt_raw                      
00000167  TIMER_config_l                            
000000e5  TIMER_config_raw                          
00000b67  TIMER_default_callback                    
00000897  TIMER_init                                
00000823  TIMER_kill                                
000005fd  TIMER_kill_raw                            
000003c1  TIMER_load_devider                        
000005b5  TIMER_pause                               
00000787  TIMER_request                             
000006d5  TIMER_reset_raw                           
0000072b  TIMER_set_callback                        
000025cd  UART_disableModule                        
0000254d  UART_enableInterrupt                      
000025d9  UART_enableModule                         
00002129  UART_initModule                           
000024d5  UART_receiveData                          
000024f9  UART_transmitData                         
000025b3  UsageFault_Handler                        
00000bc9  VUART_init                                
00000dcf  VUART_tx_buf                              
00000ccf  VUART_tx_byte                             
00000d01  VUART_tx_string                           
4000480c  WDTCTL_SYM                                
000025b3  WDT_A_IRQHandler                          
20010000  __STACK_END                               
00000200  __STACK_SIZE                              
00000400  __SYSMEM_SIZE                             
000026b0  __TI_CINIT_Base                           
000026c0  __TI_CINIT_Limit                          
0000269c  __TI_Handler_Table_Base                   
000026a8  __TI_Handler_Table_Limit                  
00002239  __TI_auto_init                            
20000708  __TI_cleanup_ptr                          
000022a9  __TI_decompress_lzss                      
00002599  __TI_decompress_none                      
2000070c  __TI_dtors_ptr                            
20000710  __TI_enable_exit_profile_output           
ffffffff  __TI_pprof_out_hndl                       
ffffffff  __TI_prof_data_size                       
ffffffff  __TI_prof_data_start                      
00000000  __TI_static_base__                        
000025e5  __TI_zero_init                            
000021bd  __aeabi_memclr                            
000021bd  __aeabi_memclr4                           
000021bd  __aeabi_memclr8                           
0000208d  __aeabi_memcpy                            
0000208d  __aeabi_memcpy4                           
0000208d  __aeabi_memcpy8                           
000021bf  __aeabi_memset                            
000021bf  __aeabi_memset4                           
000021bf  __aeabi_memset8                           
ffffffff  __binit__                                 
ffffffff  __c_args__                                
00002237  __mpu_init                                
2000fe00  __stack                                   
00002535  _args_main                                
00002375  _c_int00                                  
20000720  _lock                                     
00002573  _nop                                      
0000256b  _register_lock                            
00002565  _register_unlock                          
20000000  _sys_memory                               
00002563  _system_post_cinit                        
000025f1  _system_pre_init                          
20000724  _unlock                                   
000023cd  abort                                     
200006d4  bbreak_flg                                
00001bf1  beep                                      
ffffffff  binit                                     
200006b0  callback_np                               
0000136d  calloc                                    
0000241d  copy_in                                   
200005c0  current_task_data                         
000023d5  exit                                      
000010b7  free                                      
00000000  interruptVectors                          
000019b9  main                                      
20000728  main_func_sp                              
0000104d  malloc                                    
00001281  memalign                                  
0000208d  memcpy                                    
000021c5  memset                                    
00000fcd  minit                                     
200006d5  port4_linkers                             
200006c0  prelim_beep                               
00001179  realloc                                   
00001aef  test_callback                             
00001af9  test_callback1                            
00001afb  test_callback2                            
00001afd  test_callback3                            
200006cc  tx_array_size                             
200006d0  tx_progress                               
20000620  uart_rx_buf                               
20000660  uart_tx_buf                               


GLOBAL SYMBOLS: SORTED BY Symbol Address 

address   name                                      
-------   ----                                      
00000000  __TI_static_base__                        
00000000  interruptVectors                          
000000e5  TIMER_config_raw                          
00000167  TIMER_config_l                            
000001e7  TIMER_config                              
00000200  __STACK_SIZE                              
000002b5  TIMER_calculate_deviders_s                
00000309  TIMER_calculate_deviders_l                
00000335  TIMER_config_ccr_raw_cnt                  
000003c1  TIMER_load_devider                        
00000400  __SYSMEM_SIZE                             
00000569  TIMER_begin                               
000005b5  TIMER_pause                               
000005fd  TIMER_kill_raw                            
000006d5  TIMER_reset_raw                           
0000072b  TIMER_set_callback                        
00000787  TIMER_request                             
00000823  TIMER_kill                                
00000845  TIMER_config_cnt_raw                      
00000897  TIMER_init                                
000008f7  TIMER_callback_default                    
00000905  TA1_N_IRQHandler                          
00000905  TA1_N_IRQHandler                          
0000099d  TA0_N_IRQHandler                          
0000099d  TA0_N_IRQHandler                          
00000a37  TA2_N_IRQHandler                          
00000a37  TA2_N_IRQHandler                          
00000acf  TA3_N_IRQHandler                          
00000acf  TA3_N_IRQHandler                          
00000b67  TIMER_default_callback                    
00000bc9  VUART_init                                
00000ccf  VUART_tx_byte                             
00000d01  VUART_tx_string                           
00000dcf  VUART_tx_buf                              
00000e95  EUSCIA0_IRQHandler                        
00000e95  EUSCIA0_IRQHandler                        
00000f05  EUSCIA2_IRQHandler                        
00000f05  EUSCIA2_IRQHandler                        
00000f4b  EUSCIA3_IRQHandler                        
00000f4b  EUSCIA3_IRQHandler                        
00000fcd  minit                                     
0000104d  malloc                                    
000010b7  free                                      
00001179  realloc                                   
00001281  memalign                                  
0000136d  calloc                                    
0000139d  SystemCoreClockUpdate                     
00001611  SystemInit                                
000016c9  DEBOUNCE_clear_data                       
000016fb  DEBOUNCE_callback                         
000017fb  DEBOUNCE_request                          
000018c1  DEBOUNCE_repeater                         
000019b9  main                                      
00001aef  test_callback                             
00001af9  test_callback1                            
00001afb  test_callback2                            
00001afd  test_callback3                            
00001aff  PORT1_IRQHandler                          
00001aff  PORT1_IRQHandler                          
00001b93  PORT2_IRQHandler                          
00001b93  PORT2_IRQHandler                          
00001bf1  beep                                      
00001c75  RFID_ping                                 
00001c85  RFID_config_max_power_4to1mod             
00001c95  RFID_config_enable_internal_antenna       
00001ca5  RFID_config_the_example                   
00001d41  RFID_config_1_out_of_156_ppm              
00001d51  RFID_config_agc_toggle                    
00001d61  RFID_config_ampm_toggle                   
00001d71  RFID_ssir                                 
00001d81  RFID_xsir                                 
00001d91  RFID_parse                                
00001e55  CIRCBUF_init                              
00001e9d  CIRCBUF_push                              
00001f09  CIRCBUF_pop                               
00001f6d  CIRCBUF_delete                            
00001f85  CIRCBUF_read                              
00001fad  BBREAK_init                               
00002003  BBREAK_debounce                           
00002049  BBREAK_check                              
00002059  PORT4_IRQHandler                          
00002059  PORT4_IRQHandler                          
0000208d  __aeabi_memcpy                            
0000208d  __aeabi_memcpy4                           
0000208d  __aeabi_memcpy8                           
0000208d  memcpy                                    
00002129  UART_initModule                           
000021bd  __aeabi_memclr                            
000021bd  __aeabi_memclr4                           
000021bd  __aeabi_memclr8                           
000021bf  __aeabi_memset                            
000021bf  __aeabi_memset4                           
000021bf  __aeabi_memset8                           
000021c5  memset                                    
00002237  __mpu_init                                
00002239  __TI_auto_init                            
000022a9  __TI_decompress_lzss                      
00002311  Interrupt_enableInterrupt                 
00002375  _c_int00                                  
000023c9  C$$EXIT                                   
000023cd  abort                                     
000023d5  exit                                      
0000241d  copy_in                                   
00002469  GPIO_setAsPeripheralModuleFunctionInputPin
000024b1  CS_setDCOCenteredFrequency                
000024d5  UART_receiveData                          
000024f9  UART_transmitData                         
0000251d  GPIO_getInputPinValue                     
00002535  _args_main                                
0000254d  UART_enableInterrupt                      
00002563  _system_post_cinit                        
00002565  _register_unlock                          
0000256b  _register_lock                            
00002573  _nop                                      
00002579  Interrupt_disableMaster                   
00002589  Interrupt_enableMaster                    
00002599  __TI_decompress_none                      
000025a7  Reset_Handler                             
000025b3  ADC14_IRQHandler                          
000025b3  AES256_IRQHandler                         
000025b3  BusFault_Handler                          
000025b3  COMP_E0_IRQHandler                        
000025b3  COMP_E1_IRQHandler                        
000025b3  CS_IRQHandler                             
000025b3  DMA_ERR_IRQHandler                        
000025b3  DMA_INT0_IRQHandler                       
000025b3  DMA_INT1_IRQHandler                       
000025b3  DMA_INT2_IRQHandler                       
000025b3  DMA_INT3_IRQHandler                       
000025b3  DebugMon_Handler                          
000025b3  Default_Handler                           
000025b3  EUSCIA1_IRQHandler                        
000025b3  EUSCIB0_IRQHandler                        
000025b3  EUSCIB1_IRQHandler                        
000025b3  EUSCIB2_IRQHandler                        
000025b3  EUSCIB3_IRQHandler                        
000025b3  FLCTL_IRQHandler                          
000025b3  FPU_IRQHandler                            
000025b3  HardFault_Handler                         
000025b3  MemManage_Handler                         
000025b3  NMI_Handler                               
000025b3  PCM_IRQHandler                            
000025b3  PORT3_IRQHandler                          
000025b3  PORT5_IRQHandler                          
000025b3  PORT6_IRQHandler                          
000025b3  PSS_IRQHandler                            
000025b3  PendSV_Handler                            
000025b3  RTC_C_IRQHandler                          
000025b3  SVC_Handler                               
000025b3  SysTick_Handler                           
000025b3  T32_INT1_IRQHandler                       
000025b3  T32_INT2_IRQHandler                       
000025b3  T32_INTC_IRQHandler                       
000025b3  TA0_0_IRQHandler                          
000025b3  TA1_0_IRQHandler                          
000025b3  TA2_0_IRQHandler                          
000025b3  TA3_0_IRQHandler                          
000025b3  UsageFault_Handler                        
000025b3  WDT_A_IRQHandler                          
000025b5  CPU_cpsid                                 
000025c1  CPU_cpsie                                 
000025cd  UART_disableModule                        
000025d9  UART_enableModule                         
000025e5  __TI_zero_init                            
000025f1  _system_pre_init                          
0000269c  __TI_Handler_Table_Base                   
000026a8  __TI_Handler_Table_Limit                  
000026b0  __TI_CINIT_Base                           
000026c0  __TI_CINIT_Limit                          
20000000  _sys_memory                               
20000400  TA                                        
200005c0  current_task_data                         
20000620  uart_rx_buf                               
20000660  uart_tx_buf                               
200006b0  callback_np                               
200006c0  prelim_beep                               
200006c8  TA_status                                 
200006cc  tx_array_size                             
200006d0  tx_progress                               
200006d4  bbreak_flg                                
200006d5  port4_linkers                             
20000708  __TI_cleanup_ptr                          
2000070c  __TI_dtors_ptr                            
20000710  __TI_enable_exit_profile_output           
20000720  _lock                                     
20000724  _unlock                                   
20000728  main_func_sp                              
2000072c  SystemCoreClock                           
2000fe00  __stack                                   
20010000  __STACK_END                               
4000480c  WDTCTL_SYM                                
ffffffff  __TI_pprof_out_hndl                       
ffffffff  __TI_prof_data_size                       
ffffffff  __TI_prof_data_start                      
ffffffff  __binit__                                 
ffffffff  __c_args__                                
ffffffff  binit                                     
UNDEFED   SHT$$INIT_ARRAY$$Base                     
UNDEFED   SHT$$INIT_ARRAY$$Limit                    

[199 symbols]
