******************************************************************************
                  TI ARM Linker PC v16.9.1                     
******************************************************************************
>> Linked Mon Jul 17 10:55:42 2017

OUTPUT FILE NAME:   <VOLETRON.out>
ENTRY POINT SYMBOL: "_c_int00"  address: 00000c45


MEMORY CONFIGURATION

         name            origin    length      used     unused   attr    fill
----------------------  --------  ---------  --------  --------  ----  --------
  MAIN                  00000000   00040000  00000e2e  0003f1d2  R  X
  INFO                  00200000   00004000  00000000  00004000  R  X
  SRAM_CODE             01000000   00010000  0000031d  0000fce3  RW X
  SRAM_DATA             20000000   00010000  0000031d  0000fce3  RW  


SEGMENT ALLOCATION MAP

run origin  load origin   length   init length attrs members
----------  ----------- ---------- ----------- ----- -------
00000000    00000000    00000e30   00000e30    r-x
  00000000    00000000    000000e4   000000e4    r-- .intvecs
  000000e4    000000e4    00000cca   00000cca    r-x .text
  00000db0    00000db0    00000040   00000040    r-- .const
  00000df0    00000df0    00000040   00000040    r-- .cinit
20000000    20000000    00000120   00000000    rw-
  20000000    20000000    00000101   00000000    rw- .bss
  20000104    20000104    0000001c   00000000    rw- .data
2000fe00    2000fe00    00000200   00000000    rw-
  2000fe00    2000fe00    00000200   00000000    rw- .stack


SECTION ALLOCATION MAP

 output                                  attributes/
section   page    origin      length       input sections
--------  ----  ----------  ----------   ----------------
.intvecs   0    00000000    000000e4     
                  00000000    000000e4     startup_msp432p401r_ccs.obj (.intvecs:retain)

.binit     0    00000000    00000000     

.text      0    000000e4    00000cca     
                  000000e4    0000057c     timer.obj (.text)
                  00000660    0000032c     system_msp432p401r.obj (.text)
                  0000098c    0000009c     rtsv7M4_T_le_v4SPD16_eabi.lib : memcpy_t2.obj (.text)
                  00000a28    0000007a                                   : memset_t2.obj (.text)
                  00000aa2    00000002                                   : mpu_init.obj (.text)
                  00000aa4    00000070                                   : autoinit.obj (.text)
                  00000b14    00000068                                   : copy_decompress_lzss.obj (.text:decompress:lzss)
                  00000b7c    00000064     msp432p4xx_driverlib.lib : interrupt.o (.text:Interrupt_enableInterrupt)
                  00000be0    00000064     main.obj (.text)
                  00000c44    00000054     rtsv7M4_T_le_v4SPD16_eabi.lib : boot.obj (.text)
                  00000c98    00000054                                   : exit.obj (.text)
                  00000cec    0000004c                                   : cpy_tbl.obj (.text)
                  00000d38    00000018                                   : args_main.obj (.text)
                  00000d50    00000014                                   : _lock.obj (.text)
                  00000d64    00000010     msp432p4xx_driverlib.lib : interrupt.o (.text:Interrupt_enableMaster)
                  00000d74    0000000e     rtsv7M4_T_le_v4SPD16_eabi.lib : copy_decompress_none.obj (.text:decompress:none)
                  00000d82    0000000e     startup_msp432p401r_ccs.obj (.text)
                  00000d90    0000000c     msp432p4xx_driverlib.lib : cpu.o (.text:CPU_cpsie)
                  00000d9c    0000000c     rtsv7M4_T_le_v4SPD16_eabi.lib : copy_zero_init.obj (.text:decompress:ZI)
                  00000da8    00000004                                   : pre_init.obj (.text)
                  00000dac    00000002                                   : startup.obj (.text)

.const     0    00000db0    00000040     
                  00000db0    00000040     msp432p4xx_driverlib.lib : interrupt.o (.const)

.cinit     0    00000df0    00000040     
                  00000df0    00000015     (.cinit..data.load) [load image, compression = lzss]
                  00000e05    00000003     --HOLE-- [fill = 0]
                  00000e08    0000000c     (__TI_handler_table)
                  00000e14    00000004     --HOLE-- [fill = 0]
                  00000e18    00000008     (.cinit..bss.load) [load image, compression = zero_init]
                  00000e20    00000010     (__TI_cinit_table)

.init_array 
*          0    00000000    00000000     UNINITIALIZED

.bss       0    20000000    00000101     UNINITIALIZED
                  20000000    0000001c     (.common:callback_A0)
                  2000001c    0000001c     (.common:callback_A1)
                  20000038    0000001c     (.common:callback_A2)
                  20000054    0000001c     (.common:callback_A3)
                  20000070    0000001c     (.common:cnt_A1)
                  2000008c    0000001c     (.common:cnt_trg_0)
                  200000a8    0000001c     (.common:cnt_trg_1)
                  200000c4    0000001c     (.common:cnt_trg_2)
                  200000e0    0000001c     (.common:cnt_trg_3)
                  200000fc    00000004     (.common:a)
                  20000100    00000001     (.common:b)

.data      0    20000104    0000001c     UNINITIALIZED
                  20000104    0000000c     rtsv7M4_T_le_v4SPD16_eabi.lib : exit.obj (.data:$O1$$)
                  20000110    00000008                                   : _lock.obj (.data:$O1$$)
                  20000118    00000004                                   : stkdepth_vars.obj (.data)
                  2000011c    00000004     system_msp432p401r.obj (.data)

.stack     0    2000fe00    00000200     UNINITIALIZED
                  2000fe00    00000200     --HOLE--

MODULE SUMMARY

       Module                        code   ro data   rw data
       ------                        ----   -------   -------
    .\
       system_msp432p401r.obj        812    0         8      
       startup_msp432p401r_ccs.obj   14     228       0      
       main.obj                      100    0         10     
    +--+-----------------------------+------+---------+---------+
       Total:                        926    228       18     
                                                             
    .\voles\
       timer.obj                     1404   0         504    
    +--+-----------------------------+------+---------+---------+
       Total:                        1404   0         504    
                                                             
    ../msp432p4xx_driverlib.lib
       interrupt.o                   116    64        0      
       cpu.o                         12     0         0      
    +--+-----------------------------+------+---------+---------+
       Total:                        128    64        0      
                                                             
    C:\ti\ccsv7\tools\compiler\ti-cgt-arm_16.9.1.LTS\lib\rtsv7M4_T_le_v4SPD16_eabi.lib
       memcpy_t2.obj                 156    0         0      
       memset_t2.obj                 122    0         0      
       autoinit.obj                  112    0         0      
       exit.obj                      84     0         24     
       copy_decompress_lzss.obj      104    0         0      
       boot.obj                      84     0         0      
       cpy_tbl.obj                   76     0         0      
       _lock.obj                     20     0         16     
       args_main.obj                 24     0         0      
       copy_decompress_none.obj      14     0         0      
       copy_zero_init.obj            12     0         0      
       stkdepth_vars.obj             0      0         8      
       pre_init.obj                  4      0         0      
       mpu_init.obj                  2      0         0      
       startup.obj                   2      0         0      
    +--+-----------------------------+------+---------+---------+
       Total:                        816    0         48     
                                                             
       Stack:                        0      0         1024   
       Linker Generated:             0      57        0      
    +--+-----------------------------+------+---------+---------+
       Grand Total:                  3274   349       1594   


LINKER GENERATED COPY TABLES

__TI_cinit_table @ 00000e20 records: 2, size/record: 8, table size: 16
	.data: load addr=00000df0, load size=00000015 bytes, run addr=20000104, run size=0000001c bytes, compression=lzss
	.bss: load addr=00000e18, load size=00000008 bytes, run addr=20000000, run size=00000101 bytes, compression=zero_init


LINKER GENERATED HANDLER TABLE

__TI_handler_table @ 00000e08 records: 3, size/record: 4, table size: 12
	index: 0, handler: __TI_decompress_lzss
	index: 1, handler: __TI_decompress_none
	index: 2, handler: __TI_zero_init


GLOBAL SYMBOLS: SORTED ALPHABETICALLY BY Name 

address   name                           
-------   ----                           
00000d8f  ADC14_IRQHandler               
00000d8f  AES256_IRQHandler              
00000d8f  BusFault_Handler               
00000c99  C$$EXIT                        
00000d8f  COMP_E0_IRQHandler             
00000d8f  COMP_E1_IRQHandler             
00000d91  CPU_cpsie                      
00000d8f  CS_IRQHandler                  
00000d8f  DMA_ERR_IRQHandler             
00000d8f  DMA_INT0_IRQHandler            
00000d8f  DMA_INT1_IRQHandler            
00000d8f  DMA_INT2_IRQHandler            
00000d8f  DMA_INT3_IRQHandler            
00000d8f  DebugMon_Handler               
00000d8f  Default_Handler                
00000d8f  EUSCIA0_IRQHandler             
00000d8f  EUSCIA1_IRQHandler             
00000d8f  EUSCIA2_IRQHandler             
00000d8f  EUSCIA3_IRQHandler             
00000d8f  EUSCIB0_IRQHandler             
00000d8f  EUSCIB1_IRQHandler             
00000d8f  EUSCIB2_IRQHandler             
00000d8f  EUSCIB3_IRQHandler             
00000d8f  FLCTL_IRQHandler               
00000d8f  FPU_IRQHandler                 
00000d8f  HardFault_Handler              
00000b7d  Interrupt_enableInterrupt      
00000d65  Interrupt_enableMaster         
00000d8f  MemManage_Handler              
00000d8f  NMI_Handler                    
00000d8f  PCM_IRQHandler                 
00000d8f  PORT1_IRQHandler               
00000d8f  PORT2_IRQHandler               
00000d8f  PORT3_IRQHandler               
00000d8f  PORT4_IRQHandler               
00000d8f  PORT5_IRQHandler               
00000d8f  PORT6_IRQHandler               
00000d8f  PSS_IRQHandler                 
00000d8f  PendSV_Handler                 
00000d8f  RTC_C_IRQHandler               
00000d83  Reset_Handler                  
UNDEFED   SHT$$INIT_ARRAY$$Base          
UNDEFED   SHT$$INIT_ARRAY$$Limit         
00000d8f  SVC_Handler                    
00000d8f  SysTick_Handler                
2000011c  SystemCoreClock                
00000661  SystemCoreClockUpdate          
000008d5  SystemInit                     
00000d8f  T32_INT1_IRQHandler            
00000d8f  T32_INT2_IRQHandler            
00000d8f  T32_INTC_IRQHandler            
00000d8f  TA0_0_IRQHandler               
00000d8f  TA0_N_IRQHandler               
00000d8f  TA1_0_IRQHandler               
00000595  TA1_N_IRQHandler               
00000595  TA1_N_IRQHandler               
00000d8f  TA2_0_IRQHandler               
00000d8f  TA2_N_IRQHandler               
00000d8f  TA3_0_IRQHandler               
00000d8f  TA3_N_IRQHandler               
00000371  TIMER_begin                    
000001c5  TIMER_calculate_deviders_l     
000001bb  TIMER_calculate_deviders_s     
000001f1  TIMER_config_ccr_raw           
00000515  TIMER_config_cnt_raw           
00000157  TIMER_config_l                 
000000e5  TIMER_config_raw               
00000507  TIMER_kill                     
00000257  TIMER_load_devider             
000003b5  TIMER_pause                    
000004e9  TIMER_request                  
000004f7  TIMER_request_repeat           
000003f5  TIMER_reset_raw                
00000455  TIMER_set_callback             
00000d8f  UsageFault_Handler             
4000480c  WDTCTL_SYM                     
00000d8f  WDT_A_IRQHandler               
20010000  __STACK_END                    
00000200  __STACK_SIZE                   
00000e20  __TI_CINIT_Base                
00000e30  __TI_CINIT_Limit               
00000e08  __TI_Handler_Table_Base        
00000e14  __TI_Handler_Table_Limit       
00000aa5  __TI_auto_init                 
20000104  __TI_cleanup_ptr               
00000b15  __TI_decompress_lzss           
00000d75  __TI_decompress_none           
20000108  __TI_dtors_ptr                 
2000010c  __TI_enable_exit_profile_output
ffffffff  __TI_pprof_out_hndl            
ffffffff  __TI_prof_data_size            
ffffffff  __TI_prof_data_start           
00000000  __TI_static_base__             
00000d9d  __TI_zero_init                 
00000a29  __aeabi_memclr                 
00000a29  __aeabi_memclr4                
00000a29  __aeabi_memclr8                
0000098d  __aeabi_memcpy                 
0000098d  __aeabi_memcpy4                
0000098d  __aeabi_memcpy8                
00000a2b  __aeabi_memset                 
00000a2b  __aeabi_memset4                
00000a2b  __aeabi_memset8                
ffffffff  __binit__                      
ffffffff  __c_args__                     
00000aa3  __mpu_init                     
2000fe00  __stack                        
00000d39  _args_main                     
00000c45  _c_int00                       
20000110  _lock                          
00000d5f  _nop                           
00000d57  _register_lock                 
00000d51  _register_unlock               
00000dad  _system_post_cinit             
00000da9  _system_pre_init               
20000114  _unlock                        
200000fc  a                              
00000c9d  abort                          
20000100  b                              
ffffffff  binit                          
20000000  callback_A0                    
2000001c  callback_A1                    
20000038  callback_A2                    
20000054  callback_A3                    
20000070  cnt_A1                         
2000008c  cnt_trg_0                      
200000a8  cnt_trg_1                      
200000c4  cnt_trg_2                      
200000e0  cnt_trg_3                      
00000ced  copy_in                        
00000ca5  exit                           
00000000  interruptVectors               
00000be1  main                           
20000118  main_func_sp                   
0000098d  memcpy                         
00000a31  memset                         
00000c27  test_callback                  


GLOBAL SYMBOLS: SORTED BY Symbol Address 

address   name                           
-------   ----                           
00000000  __TI_static_base__             
00000000  interruptVectors               
000000e5  TIMER_config_raw               
00000157  TIMER_config_l                 
000001bb  TIMER_calculate_deviders_s     
000001c5  TIMER_calculate_deviders_l     
000001f1  TIMER_config_ccr_raw           
00000200  __STACK_SIZE                   
00000257  TIMER_load_devider             
00000371  TIMER_begin                    
000003b5  TIMER_pause                    
000003f5  TIMER_reset_raw                
00000455  TIMER_set_callback             
000004e9  TIMER_request                  
000004f7  TIMER_request_repeat           
00000507  TIMER_kill                     
00000515  TIMER_config_cnt_raw           
00000595  TA1_N_IRQHandler               
00000595  TA1_N_IRQHandler               
00000661  SystemCoreClockUpdate          
000008d5  SystemInit                     
0000098d  __aeabi_memcpy                 
0000098d  __aeabi_memcpy4                
0000098d  __aeabi_memcpy8                
0000098d  memcpy                         
00000a29  __aeabi_memclr                 
00000a29  __aeabi_memclr4                
00000a29  __aeabi_memclr8                
00000a2b  __aeabi_memset                 
00000a2b  __aeabi_memset4                
00000a2b  __aeabi_memset8                
00000a31  memset                         
00000aa3  __mpu_init                     
00000aa5  __TI_auto_init                 
00000b15  __TI_decompress_lzss           
00000b7d  Interrupt_enableInterrupt      
00000be1  main                           
00000c27  test_callback                  
00000c45  _c_int00                       
00000c99  C$$EXIT                        
00000c9d  abort                          
00000ca5  exit                           
00000ced  copy_in                        
00000d39  _args_main                     
00000d51  _register_unlock               
00000d57  _register_lock                 
00000d5f  _nop                           
00000d65  Interrupt_enableMaster         
00000d75  __TI_decompress_none           
00000d83  Reset_Handler                  
00000d8f  ADC14_IRQHandler               
00000d8f  AES256_IRQHandler              
00000d8f  BusFault_Handler               
00000d8f  COMP_E0_IRQHandler             
00000d8f  COMP_E1_IRQHandler             
00000d8f  CS_IRQHandler                  
00000d8f  DMA_ERR_IRQHandler             
00000d8f  DMA_INT0_IRQHandler            
00000d8f  DMA_INT1_IRQHandler            
00000d8f  DMA_INT2_IRQHandler            
00000d8f  DMA_INT3_IRQHandler            
00000d8f  DebugMon_Handler               
00000d8f  Default_Handler                
00000d8f  EUSCIA0_IRQHandler             
00000d8f  EUSCIA1_IRQHandler             
00000d8f  EUSCIA2_IRQHandler             
00000d8f  EUSCIA3_IRQHandler             
00000d8f  EUSCIB0_IRQHandler             
00000d8f  EUSCIB1_IRQHandler             
00000d8f  EUSCIB2_IRQHandler             
00000d8f  EUSCIB3_IRQHandler             
00000d8f  FLCTL_IRQHandler               
00000d8f  FPU_IRQHandler                 
00000d8f  HardFault_Handler              
00000d8f  MemManage_Handler              
00000d8f  NMI_Handler                    
00000d8f  PCM_IRQHandler                 
00000d8f  PORT1_IRQHandler               
00000d8f  PORT2_IRQHandler               
00000d8f  PORT3_IRQHandler               
00000d8f  PORT4_IRQHandler               
00000d8f  PORT5_IRQHandler               
00000d8f  PORT6_IRQHandler               
00000d8f  PSS_IRQHandler                 
00000d8f  PendSV_Handler                 
00000d8f  RTC_C_IRQHandler               
00000d8f  SVC_Handler                    
00000d8f  SysTick_Handler                
00000d8f  T32_INT1_IRQHandler            
00000d8f  T32_INT2_IRQHandler            
00000d8f  T32_INTC_IRQHandler            
00000d8f  TA0_0_IRQHandler               
00000d8f  TA0_N_IRQHandler               
00000d8f  TA1_0_IRQHandler               
00000d8f  TA2_0_IRQHandler               
00000d8f  TA2_N_IRQHandler               
00000d8f  TA3_0_IRQHandler               
00000d8f  TA3_N_IRQHandler               
00000d8f  UsageFault_Handler             
00000d8f  WDT_A_IRQHandler               
00000d91  CPU_cpsie                      
00000d9d  __TI_zero_init                 
00000da9  _system_pre_init               
00000dad  _system_post_cinit             
00000e08  __TI_Handler_Table_Base        
00000e14  __TI_Handler_Table_Limit       
00000e20  __TI_CINIT_Base                
00000e30  __TI_CINIT_Limit               
20000000  callback_A0                    
2000001c  callback_A1                    
20000038  callback_A2                    
20000054  callback_A3                    
20000070  cnt_A1                         
2000008c  cnt_trg_0                      
200000a8  cnt_trg_1                      
200000c4  cnt_trg_2                      
200000e0  cnt_trg_3                      
200000fc  a                              
20000100  b                              
20000104  __TI_cleanup_ptr               
20000108  __TI_dtors_ptr                 
2000010c  __TI_enable_exit_profile_output
20000110  _lock                          
20000114  _unlock                        
20000118  main_func_sp                   
2000011c  SystemCoreClock                
2000fe00  __stack                        
20010000  __STACK_END                    
4000480c  WDTCTL_SYM                     
ffffffff  __TI_pprof_out_hndl            
ffffffff  __TI_prof_data_size            
ffffffff  __TI_prof_data_start           
ffffffff  __binit__                      
ffffffff  __c_args__                     
ffffffff  binit                          
UNDEFED   SHT$$INIT_ARRAY$$Base          
UNDEFED   SHT$$INIT_ARRAY$$Limit         

[137 symbols]
