******************************************************************************
                  TI ARM Linker PC v16.9.1                     
******************************************************************************
>> Linked Wed Apr 25 15:02:21 2018

OUTPUT FILE NAME:   <VOLETRON.out>
ENTRY POINT SYMBOL: "_c_int00"  address: 00002a0d


MEMORY CONFIGURATION

         name            origin    length      used     unused   attr    fill
----------------------  --------  ---------  --------  --------  ----  --------
  MAIN                  00000000   00040000  00002e7c  0003d184  R  X
  INFO                  00200000   00004000  00000000  00004000  R  X
  SRAM_CODE             01000000   00010000  00000965  0000f69b  RW X
  SRAM_DATA             20000000   00010000  00000965  0000f69b  RW  


SEGMENT ALLOCATION MAP

run origin  load origin   length   init length attrs members
----------  ----------- ---------- ----------- ----- -------
00000000    00000000    00002e80   00002e80    r-x
  00000000    00000000    000000e4   000000e4    r-- .intvecs
  000000e4    000000e4    00002bc0   00002bc0    r-x .text
  00002ca4    00002ca4    00000168   00000168    r-- .const
  00002e10    00002e10    00000070   00000070    r-- .cinit
20000000    20000000    00000767   00000000    rw-
  20000000    20000000    00000400   00000000    rw- .sysmem
  20000400    20000400    000002e6   00000000    rw- .bss
  200006e8    200006e8    0000007f   00000000    rw- .data
2000fe00    2000fe00    00000200   00000000    rw-
  2000fe00    2000fe00    00000200   00000000    rw- .stack


SECTION ALLOCATION MAP

 output                                  attributes/
section   page    origin      length       input sections
--------  ----  ----------  ----------   ----------------
.intvecs   0    00000000    000000e4     
                  00000000    000000e4     startup_msp432p401r_ccs.obj (.intvecs:retain)

.binit     0    00000000    00000000     

.text      0    000000e4    00002bc0     
                  000000e4    00000ae4     timer.obj (.text)
                  00000bc8    0000053c     custom_uart.obj (.text)
                  00001104    000003d0     rtsv7M4_T_le_v4SPD16_eabi.lib : memory.obj (.text)
                  000014d4    000003cc     main.obj (.text)
                  000018a0    0000032c     system_msp432p401r.obj (.text)
                  00001bcc    00000324     debounce.obj (.text)
                  00001ef0    000002c8     rfid.obj (.text)
                  000021b8    000001f4     rtsv7M4_T_le_v4SPD16_eabi.lib : ull_div_t2.obj (.text)
                  000023ac    0000015c                                   : strtoull.obj (.text)
                  00002508    0000013a     circbuf.obj (.text)
                  00002642    00000002     rtsv7M4_T_le_v4SPD16_eabi.lib : mpu_init.obj (.text)
                  00002644    000000e0     beambreak.obj (.text)
                  00002724    0000009c     rtsv7M4_T_le_v4SPD16_eabi.lib : memcpy_t2.obj (.text)
                  000027c0    00000094     msp432p4xx_driverlib.lib : uart.o (.text:UART_initModule)
                  00002854    0000007a     rtsv7M4_T_le_v4SPD16_eabi.lib : memset_t2.obj (.text)
                  000028ce    00000002                                   : startup.obj (.text)
                  000028d0    00000070                                   : autoinit.obj (.text)
                  00002940    00000068                                   : copy_decompress_lzss.obj (.text:decompress:lzss)
                  000029a8    00000064     msp432p4xx_driverlib.lib : interrupt.o (.text:Interrupt_enableInterrupt)
                  00002a0c    00000054     rtsv7M4_T_le_v4SPD16_eabi.lib : boot.obj (.text)
                  00002a60    00000054                                   : exit.obj (.text)
                  00002ab4    0000004c                                   : cpy_tbl.obj (.text)
                  00002b00    00000048     msp432p4xx_driverlib.lib : gpio.o (.text:GPIO_setAsPeripheralModuleFunctionInputPin)
                  00002b48    00000024                              : cs.o (.text:CS_setDCOCenteredFrequency)
                  00002b6c    00000024                              : uart.o (.text:UART_receiveData)
                  00002b90    00000024                              : uart.o (.text:UART_transmitData)
                  00002bb4    00000018                              : gpio.o (.text:GPIO_getInputPinValue)
                  00002bcc    00000018     rtsv7M4_T_le_v4SPD16_eabi.lib : args_main.obj (.text)
                  00002be4    00000018                                   : ll_mul_t2.obj (.text)
                  00002bfc    00000016     msp432p4xx_driverlib.lib : uart.o (.text:UART_enableInterrupt)
                  00002c12    00000002     --HOLE-- [fill = 0]
                  00002c14    00000014     rtsv7M4_T_le_v4SPD16_eabi.lib : _lock.obj (.text)
                  00002c28    00000010     msp432p4xx_driverlib.lib : interrupt.o (.text:Interrupt_disableMaster)
                  00002c38    00000010                              : interrupt.o (.text:Interrupt_enableMaster)
                  00002c48    0000000e     rtsv7M4_T_le_v4SPD16_eabi.lib : copy_decompress_none.obj (.text:decompress:none)
                  00002c56    0000000e     startup_msp432p401r_ccs.obj (.text)
                  00002c64    0000000c     msp432p4xx_driverlib.lib : cpu.o (.text:CPU_cpsid)
                  00002c70    0000000c                              : cpu.o (.text:CPU_cpsie)
                  00002c7c    0000000c                              : uart.o (.text:UART_disableModule)
                  00002c88    0000000c                              : uart.o (.text:UART_enableModule)
                  00002c94    0000000c     rtsv7M4_T_le_v4SPD16_eabi.lib : copy_zero_init.obj (.text:decompress:ZI)
                  00002ca0    00000004                                   : pre_init.obj (.text)

.const     0    00002ca4    00000168     
                  00002ca4    00000101     rtsv7M4_T_le_v4SPD16_eabi.lib : ctype.obj (.const:.string:_ctypes_)
                  00002da5    00000003     --HOLE-- [fill = 0]
                  00002da8    00000040     msp432p4xx_driverlib.lib : interrupt.o (.const)
                  00002de8    00000024     custom_uart.obj (.const:$P$T0$1)

.cinit     0    00002e10    00000070     
                  00002e10    00000046     (.cinit..data.load) [load image, compression = lzss]
                  00002e56    00000002     --HOLE-- [fill = 0]
                  00002e58    0000000c     (__TI_handler_table)
                  00002e64    00000004     --HOLE-- [fill = 0]
                  00002e68    00000008     (.cinit..bss.load) [load image, compression = zero_init]
                  00002e70    00000010     (__TI_cinit_table)

.init_array 
*          0    00000000    00000000     UNINITIALIZED

.sysmem    0    20000000    00000400     UNINITIALIZED
                  20000000    00000008     rtsv7M4_T_le_v4SPD16_eabi.lib : memory.obj (.sysmem)
                  20000008    000003f8     --HOLE--

.bss       0    20000400    000002e6     UNINITIALIZED
                  20000400    000001c0     (.common:TA)
                  200005c0    00000060     (.common:current_task_data)
                  20000620    00000040     (.common:uart_rx_buf)
                  20000660    00000040     (.common:uart_tx_buf)
                  200006a0    00000010     timer.obj (.bss)
                  200006b0    00000010     (.common:callback_np)
                  200006c0    00000008     (.common:db_timeout)
                  200006c8    00000008     (.common:prelim_beep)
                  200006d0    00000008     (.common:uart_timeout_id)
                  200006d8    00000004     (.common:TA_status)
                  200006dc    00000004     (.common:tx_array_size)
                  200006e0    00000004     (.common:tx_progress)
                  200006e4    00000001     (.common:bbreak_flg)
                  200006e5    00000001     (.common:port4_linkers)

.data      0    200006e8    0000007f     UNINITIALIZED
                  200006e8    00000030     msp432p4xx_driverlib.lib : gpio.o (.data:GPIO_PORT_TO_BASE)
                  20000718    00000020     rfid.obj (.data:rfid_preasent_tags)
                  20000738    0000000c     rtsv7M4_T_le_v4SPD16_eabi.lib : exit.obj (.data:$O1$$)
                  20000744    0000000c                                   : memory.obj (.data:$O1$$)
                  20000750    00000008                                   : _lock.obj (.data:$O1$$)
                  20000758    00000004                                   : errno.obj (.data)
                  2000075c    00000004                                   : stkdepth_vars.obj (.data)
                  20000760    00000004     system_msp432p401r.obj (.data)
                  20000764    00000002     main.obj (.data)
                  20000766    00000001     custom_uart.obj (.data)

.stack     0    2000fe00    00000200     UNINITIALIZED
                  2000fe00    00000200     --HOLE--

MODULE SUMMARY

       Module                        code    ro data   rw data
       ------                        ----    -------   -------
    .\
       main.obj                      972     0         20     
       system_msp432p401r.obj        812     0         8      
       startup_msp432p401r_ccs.obj   14      228       0      
    +--+-----------------------------+-------+---------+---------+
       Total:                        1798    228       28     
                                                              
    .\voles\
       timer.obj                     2788    0         936    
       custom_uart.obj               1340    36        290    
       debounce.obj                  804     0         210    
       rfid.obj                      712     0         64     
       circbuf.obj                   314     0         0      
       beambreak.obj                 224     0         34     
    +--+-----------------------------+-------+---------+---------+
       Total:                        6182    36        1534   
                                                              
    ../msp432p4xx_driverlib.lib
       uart.o                        266     0         0      
       interrupt.o                   132     64        0      
       gpio.o                        96      0         96     
       cs.o                          36      0         0      
       cpu.o                         24      0         0      
    +--+-----------------------------+-------+---------+---------+
       Total:                        554     64        96     
                                                              
    C:\ti\ccsv7\tools\compiler\ti-cgt-arm_16.9.1.LTS\lib\rtsv7M4_T_le_v4SPD16_eabi.lib
       memory.obj                    976     0         24     
       ull_div_t2.obj                500     0         0      
       strtoull.obj                  348     0         0      
       ctype.obj                     0       257       0      
       memcpy_t2.obj                 156     0         0      
       memset_t2.obj                 122     0         0      
       autoinit.obj                  112     0         0      
       exit.obj                      84      0         24     
       copy_decompress_lzss.obj      104     0         0      
       boot.obj                      84      0         0      
       cpy_tbl.obj                   76      0         0      
       _lock.obj                     20      0         16     
       args_main.obj                 24      0         0      
       ll_mul_t2.obj                 24      0         0      
       copy_decompress_none.obj      14      0         0      
       copy_zero_init.obj            12      0         0      
       errno.obj                     0       0         8      
       stkdepth_vars.obj             0       0         8      
       pre_init.obj                  4       0         0      
       mpu_init.obj                  2       0         0      
       startup.obj                   2       0         0      
    +--+-----------------------------+-------+---------+---------+
       Total:                        2664    257       80     
                                                              
       Heap:                         0       0         2048   
       Stack:                        0       0         1024   
       Linker Generated:             0       106       0      
    +--+-----------------------------+-------+---------+---------+
       Grand Total:                  11198   691       4810   


LINKER GENERATED COPY TABLES

__TI_cinit_table @ 00002e70 records: 2, size/record: 8, table size: 16
	.data: load addr=00002e10, load size=00000046 bytes, run addr=200006e8, run size=0000007f bytes, compression=lzss
	.bss: load addr=00002e68, load size=00000008 bytes, run addr=20000400, run size=000002e6 bytes, compression=zero_init


LINKER GENERATED HANDLER TABLE

__TI_handler_table @ 00002e58 records: 3, size/record: 4, table size: 12
	index: 0, handler: __TI_decompress_lzss
	index: 1, handler: __TI_decompress_none
	index: 2, handler: __TI_zero_init


GLOBAL SYMBOLS: SORTED ALPHABETICALLY BY Name 

address   name                                      
-------   ----                                      
00002c63  ADC14_IRQHandler                          
00002c63  AES256_IRQHandler                         
000026e1  BBREAK_check                              
0000269b  BBREAK_debounce                           
00002645  BBREAK_init                               
00002c63  BusFault_Handler                          
00002a61  C$$EXIT                                   
00002611  CIRCBUF_delete                            
00002509  CIRCBUF_init                              
000025b7  CIRCBUF_pop                               
00002555  CIRCBUF_push                              
00002629  CIRCBUF_read                              
00002c63  COMP_E0_IRQHandler                        
00002c63  COMP_E1_IRQHandler                        
00002c65  CPU_cpsid                                 
00002c71  CPU_cpsie                                 
00002c63  CS_IRQHandler                             
00002b49  CS_setDCOCenteredFrequency                
00001bff  DEBOUNCE_callback                         
00001bcd  DEBOUNCE_clear_data                       
00001df3  DEBOUNCE_repeater                         
00001d13  DEBOUNCE_request                          
00001dd9  DEBOUNCE_timeout                          
00002c63  DMA_ERR_IRQHandler                        
00002c63  DMA_INT0_IRQHandler                       
00002c63  DMA_INT1_IRQHandler                       
00002c63  DMA_INT2_IRQHandler                       
00002c63  DMA_INT3_IRQHandler                       
00002c63  DebugMon_Handler                          
00002c63  Default_Handler                           
00000ecd  EUSCIA0_IRQHandler                        
00000ecd  EUSCIA0_IRQHandler                        
00000f49  EUSCIA1_IRQHandler                        
00000f49  EUSCIA1_IRQHandler                        
000010a3  EUSCIA2_IRQHandler                        
000010a3  EUSCIA2_IRQHandler                        
00000f93  EUSCIA3_IRQHandler                        
00000f93  EUSCIA3_IRQHandler                        
00002c63  EUSCIB0_IRQHandler                        
00002c63  EUSCIB1_IRQHandler                        
00002c63  EUSCIB2_IRQHandler                        
00002c63  EUSCIB3_IRQHandler                        
00002c63  FLCTL_IRQHandler                          
00002c63  FPU_IRQHandler                            
00002bb5  GPIO_getInputPinValue                     
00002b01  GPIO_setAsPeripheralModuleFunctionInputPin
00002c63  HardFault_Handler                         
00002c29  Interrupt_disableMaster                   
000029a9  Interrupt_enableInterrupt                 
00002c39  Interrupt_enableMaster                    
00002c63  MemManage_Handler                         
00002c63  NMI_Handler                               
00002c63  PCM_IRQHandler                            
00001703  PORT1_IRQHandler                          
00001703  PORT1_IRQHandler                          
000017c5  PORT2_IRQHandler                          
000017c5  PORT2_IRQHandler                          
00002c63  PORT3_IRQHandler                          
000026f1  PORT4_IRQHandler                          
000026f1  PORT4_IRQHandler                          
00002c63  PORT5_IRQHandler                          
00002c63  PORT6_IRQHandler                          
00002c63  PSS_IRQHandler                            
00002c63  PendSV_Handler                            
00001f9b  RFID_config_1_out_of_156_ppm              
00001fb5  RFID_config_agc_toggle                    
00001fcf  RFID_config_ampm_toggle                   
00001f3f  RFID_config_enable_external_antenna       
00001f25  RFID_config_enable_internal_antenna       
00001f0b  RFID_config_max_power_4to1mod             
00001f59  RFID_config_the_example                   
000020c1  RFID_init                                 
00002013  RFID_parse                                
00001ef1  RFID_ping                                 
00001fe9  RFID_ssir                                 
00002003  RFID_xsir                                 
00002c63  RTC_C_IRQHandler                          
00002c57  Reset_Handler                             
UNDEFED   SHT$$INIT_ARRAY$$Base                     
UNDEFED   SHT$$INIT_ARRAY$$Limit                    
00002c63  SVC_Handler                               
00002c63  SysTick_Handler                           
20000760  SystemCoreClock                           
000018a1  SystemCoreClockUpdate                     
00001b15  SystemInit                                
00002c63  T32_INT1_IRQHandler                       
00002c63  T32_INT2_IRQHandler                       
00002c63  T32_INTC_IRQHandler                       
20000400  TA                                        
00002c63  TA0_0_IRQHandler                          
0000099d  TA0_N_IRQHandler                          
0000099d  TA0_N_IRQHandler                          
00002c63  TA1_0_IRQHandler                          
00000905  TA1_N_IRQHandler                          
00000905  TA1_N_IRQHandler                          
00002c63  TA2_0_IRQHandler                          
00000a37  TA2_N_IRQHandler                          
00000a37  TA2_N_IRQHandler                          
00002c63  TA3_0_IRQHandler                          
00000acf  TA3_N_IRQHandler                          
00000acf  TA3_N_IRQHandler                          
200006d8  TA_status                                 
00000569  TIMER_begin                               
00000309  TIMER_calculate_deviders_l                
000002b5  TIMER_calculate_deviders_s                
000008f7  TIMER_callback_default                    
000001e7  TIMER_config                              
00000335  TIMER_config_ccr_raw_cnt                  
00000845  TIMER_config_cnt_raw                      
00000167  TIMER_config_l                            
000000e5  TIMER_config_raw                          
00000b67  TIMER_default_callback                    
00000897  TIMER_init                                
00000823  TIMER_kill                                
000005fd  TIMER_kill_raw                            
000003c1  TIMER_load_devider                        
000005b5  TIMER_pause                               
00000787  TIMER_request                             
000006d5  TIMER_reset_raw                           
0000072b  TIMER_set_callback                        
00002c7d  UART_disableModule                        
00002bfd  UART_enableInterrupt                      
00002c89  UART_enableModule                         
000027c1  UART_initModule                           
00002b6d  UART_receiveData                          
00002b91  UART_transmitData                         
00002c63  UsageFault_Handler                        
00000bc9  VUART_init                                
00000fe9  VUART_peripheral_response_timeout         
00001085  VUART_timeout_callback                    
00000e05  VUART_tx_buf                              
00000ceb  VUART_tx_byte                             
00000d1d  VUART_tx_string                           
4000480c  WDTCTL_SYM                                
00002c63  WDT_A_IRQHandler                          
20010000  __STACK_END                               
00000200  __STACK_SIZE                              
00000400  __SYSMEM_SIZE                             
00002e70  __TI_CINIT_Base                           
00002e80  __TI_CINIT_Limit                          
00002e58  __TI_Handler_Table_Base                   
00002e64  __TI_Handler_Table_Limit                  
000028d1  __TI_auto_init                            
20000738  __TI_cleanup_ptr                          
00002941  __TI_decompress_lzss                      
00002c49  __TI_decompress_none                      
2000073c  __TI_dtors_ptr                            
20000740  __TI_enable_exit_profile_output           
ffffffff  __TI_pprof_out_hndl                       
ffffffff  __TI_prof_data_size                       
ffffffff  __TI_prof_data_start                      
00000000  __TI_static_base__                        
00002c95  __TI_zero_init                            
00002be5  __aeabi_lmul                              
00002855  __aeabi_memclr                            
00002855  __aeabi_memclr4                           
00002855  __aeabi_memclr8                           
00002725  __aeabi_memcpy                            
00002725  __aeabi_memcpy4                           
00002725  __aeabi_memcpy8                           
00002857  __aeabi_memset                            
00002857  __aeabi_memset4                           
00002857  __aeabi_memset8                           
000021b9  __aeabi_uldivmod                          
ffffffff  __binit__                                 
ffffffff  __c_args__                                
00002643  __mpu_init                                
2000fe00  __stack                                   
00002bcd  _args_main                                
00002a0d  _c_int00                                  
00002ca4  _ctypes_                                  
20000750  _lock                                     
00002c23  _nop                                      
00002c1b  _register_lock                            
00002c15  _register_unlock                          
20000000  _sys_memory                               
000028cf  _system_post_cinit                        
00002ca1  _system_pre_init                          
20000754  _unlock                                   
00002a65  abort                                     
200006e4  bbreak_flg                                
00001831  beep                                      
ffffffff  binit                                     
200006b0  callback_np                               
000014a5  calloc                                    
20000764  cb_ctr_debug_deboucne                     
00002ab5  copy_in                                   
200005c0  current_task_data                         
200006c0  db_timeout                                
20000758  errno                                     
00002a6d  exit                                      
000011ef  free                                      
00000000  interruptVectors                          
000014d5  main                                      
2000075c  main_func_sp                              
00001185  malloc                                    
000013b9  memalign                                  
00002725  memcpy                                    
0000285d  memset                                    
00001105  minit                                     
200006e5  port4_linkers                             
200006c8  prelim_beep                               
000012b1  realloc                                   
20000766  recieve_flg_rfid                          
20000718  rfid_preasent_tags                        
000023ad  strtoull                                  
000016e3  test_callback                             
000016ed  test_callback1                            
000016ff  test_callback2                            
00001701  test_callback3                            
20000765  test_cnt                                  
200006dc  tx_array_size                             
200006e0  tx_progress                               
20000620  uart_rx_buf                               
200006d0  uart_timeout_id                           
20000660  uart_tx_buf                               


GLOBAL SYMBOLS: SORTED BY Symbol Address 

address   name                                      
-------   ----                                      
00000000  __TI_static_base__                        
00000000  interruptVectors                          
000000e5  TIMER_config_raw                          
00000167  TIMER_config_l                            
000001e7  TIMER_config                              
00000200  __STACK_SIZE                              
000002b5  TIMER_calculate_deviders_s                
00000309  TIMER_calculate_deviders_l                
00000335  TIMER_config_ccr_raw_cnt                  
000003c1  TIMER_load_devider                        
00000400  __SYSMEM_SIZE                             
00000569  TIMER_begin                               
000005b5  TIMER_pause                               
000005fd  TIMER_kill_raw                            
000006d5  TIMER_reset_raw                           
0000072b  TIMER_set_callback                        
00000787  TIMER_request                             
00000823  TIMER_kill                                
00000845  TIMER_config_cnt_raw                      
00000897  TIMER_init                                
000008f7  TIMER_callback_default                    
00000905  TA1_N_IRQHandler                          
00000905  TA1_N_IRQHandler                          
0000099d  TA0_N_IRQHandler                          
0000099d  TA0_N_IRQHandler                          
00000a37  TA2_N_IRQHandler                          
00000a37  TA2_N_IRQHandler                          
00000acf  TA3_N_IRQHandler                          
00000acf  TA3_N_IRQHandler                          
00000b67  TIMER_default_callback                    
00000bc9  VUART_init                                
00000ceb  VUART_tx_byte                             
00000d1d  VUART_tx_string                           
00000e05  VUART_tx_buf                              
00000ecd  EUSCIA0_IRQHandler                        
00000ecd  EUSCIA0_IRQHandler                        
00000f49  EUSCIA1_IRQHandler                        
00000f49  EUSCIA1_IRQHandler                        
00000f93  EUSCIA3_IRQHandler                        
00000f93  EUSCIA3_IRQHandler                        
00000fe9  VUART_peripheral_response_timeout         
00001085  VUART_timeout_callback                    
000010a3  EUSCIA2_IRQHandler                        
000010a3  EUSCIA2_IRQHandler                        
00001105  minit                                     
00001185  malloc                                    
000011ef  free                                      
000012b1  realloc                                   
000013b9  memalign                                  
000014a5  calloc                                    
000014d5  main                                      
000016e3  test_callback                             
000016ed  test_callback1                            
000016ff  test_callback2                            
00001701  test_callback3                            
00001703  PORT1_IRQHandler                          
00001703  PORT1_IRQHandler                          
000017c5  PORT2_IRQHandler                          
000017c5  PORT2_IRQHandler                          
00001831  beep                                      
000018a1  SystemCoreClockUpdate                     
00001b15  SystemInit                                
00001bcd  DEBOUNCE_clear_data                       
00001bff  DEBOUNCE_callback                         
00001d13  DEBOUNCE_request                          
00001dd9  DEBOUNCE_timeout                          
00001df3  DEBOUNCE_repeater                         
00001ef1  RFID_ping                                 
00001f0b  RFID_config_max_power_4to1mod             
00001f25  RFID_config_enable_internal_antenna       
00001f3f  RFID_config_enable_external_antenna       
00001f59  RFID_config_the_example                   
00001f9b  RFID_config_1_out_of_156_ppm              
00001fb5  RFID_config_agc_toggle                    
00001fcf  RFID_config_ampm_toggle                   
00001fe9  RFID_ssir                                 
00002003  RFID_xsir                                 
00002013  RFID_parse                                
000020c1  RFID_init                                 
000021b9  __aeabi_uldivmod                          
000023ad  strtoull                                  
00002509  CIRCBUF_init                              
00002555  CIRCBUF_push                              
000025b7  CIRCBUF_pop                               
00002611  CIRCBUF_delete                            
00002629  CIRCBUF_read                              
00002643  __mpu_init                                
00002645  BBREAK_init                               
0000269b  BBREAK_debounce                           
000026e1  BBREAK_check                              
000026f1  PORT4_IRQHandler                          
000026f1  PORT4_IRQHandler                          
00002725  __aeabi_memcpy                            
00002725  __aeabi_memcpy4                           
00002725  __aeabi_memcpy8                           
00002725  memcpy                                    
000027c1  UART_initModule                           
00002855  __aeabi_memclr                            
00002855  __aeabi_memclr4                           
00002855  __aeabi_memclr8                           
00002857  __aeabi_memset                            
00002857  __aeabi_memset4                           
00002857  __aeabi_memset8                           
0000285d  memset                                    
000028cf  _system_post_cinit                        
000028d1  __TI_auto_init                            
00002941  __TI_decompress_lzss                      
000029a9  Interrupt_enableInterrupt                 
00002a0d  _c_int00                                  
00002a61  C$$EXIT                                   
00002a65  abort                                     
00002a6d  exit                                      
00002ab5  copy_in                                   
00002b01  GPIO_setAsPeripheralModuleFunctionInputPin
00002b49  CS_setDCOCenteredFrequency                
00002b6d  UART_receiveData                          
00002b91  UART_transmitData                         
00002bb5  GPIO_getInputPinValue                     
00002bcd  _args_main                                
00002be5  __aeabi_lmul                              
00002bfd  UART_enableInterrupt                      
00002c15  _register_unlock                          
00002c1b  _register_lock                            
00002c23  _nop                                      
00002c29  Interrupt_disableMaster                   
00002c39  Interrupt_enableMaster                    
00002c49  __TI_decompress_none                      
00002c57  Reset_Handler                             
00002c63  ADC14_IRQHandler                          
00002c63  AES256_IRQHandler                         
00002c63  BusFault_Handler                          
00002c63  COMP_E0_IRQHandler                        
00002c63  COMP_E1_IRQHandler                        
00002c63  CS_IRQHandler                             
00002c63  DMA_ERR_IRQHandler                        
00002c63  DMA_INT0_IRQHandler                       
00002c63  DMA_INT1_IRQHandler                       
00002c63  DMA_INT2_IRQHandler                       
00002c63  DMA_INT3_IRQHandler                       
00002c63  DebugMon_Handler                          
00002c63  Default_Handler                           
00002c63  EUSCIB0_IRQHandler                        
00002c63  EUSCIB1_IRQHandler                        
00002c63  EUSCIB2_IRQHandler                        
00002c63  EUSCIB3_IRQHandler                        
00002c63  FLCTL_IRQHandler                          
00002c63  FPU_IRQHandler                            
00002c63  HardFault_Handler                         
00002c63  MemManage_Handler                         
00002c63  NMI_Handler                               
00002c63  PCM_IRQHandler                            
00002c63  PORT3_IRQHandler                          
00002c63  PORT5_IRQHandler                          
00002c63  PORT6_IRQHandler                          
00002c63  PSS_IRQHandler                            
00002c63  PendSV_Handler                            
00002c63  RTC_C_IRQHandler                          
00002c63  SVC_Handler                               
00002c63  SysTick_Handler                           
00002c63  T32_INT1_IRQHandler                       
00002c63  T32_INT2_IRQHandler                       
00002c63  T32_INTC_IRQHandler                       
00002c63  TA0_0_IRQHandler                          
00002c63  TA1_0_IRQHandler                          
00002c63  TA2_0_IRQHandler                          
00002c63  TA3_0_IRQHandler                          
00002c63  UsageFault_Handler                        
00002c63  WDT_A_IRQHandler                          
00002c65  CPU_cpsid                                 
00002c71  CPU_cpsie                                 
00002c7d  UART_disableModule                        
00002c89  UART_enableModule                         
00002c95  __TI_zero_init                            
00002ca1  _system_pre_init                          
00002ca4  _ctypes_                                  
00002e58  __TI_Handler_Table_Base                   
00002e64  __TI_Handler_Table_Limit                  
00002e70  __TI_CINIT_Base                           
00002e80  __TI_CINIT_Limit                          
20000000  _sys_memory                               
20000400  TA                                        
200005c0  current_task_data                         
20000620  uart_rx_buf                               
20000660  uart_tx_buf                               
200006b0  callback_np                               
200006c0  db_timeout                                
200006c8  prelim_beep                               
200006d0  uart_timeout_id                           
200006d8  TA_status                                 
200006dc  tx_array_size                             
200006e0  tx_progress                               
200006e4  bbreak_flg                                
200006e5  port4_linkers                             
20000718  rfid_preasent_tags                        
20000738  __TI_cleanup_ptr                          
2000073c  __TI_dtors_ptr                            
20000740  __TI_enable_exit_profile_output           
20000750  _lock                                     
20000754  _unlock                                   
20000758  errno                                     
2000075c  main_func_sp                              
20000760  SystemCoreClock                           
20000764  cb_ctr_debug_deboucne                     
20000765  test_cnt                                  
20000766  recieve_flg_rfid                          
2000fe00  __stack                                   
20010000  __STACK_END                               
4000480c  WDTCTL_SYM                                
ffffffff  __TI_pprof_out_hndl                       
ffffffff  __TI_prof_data_size                       
ffffffff  __TI_prof_data_start                      
ffffffff  __binit__                                 
ffffffff  __c_args__                                
ffffffff  binit                                     
UNDEFED   SHT$$INIT_ARRAY$$Base                     
UNDEFED   SHT$$INIT_ARRAY$$Limit                    

[216 symbols]
