******************************************************************************
                  TI ARM Linker PC v16.9.1                     
******************************************************************************
>> Linked Wed Nov 08 11:48:19 2017

OUTPUT FILE NAME:   <VOLETRON.out>
ENTRY POINT SYMBOL: "_c_int00"  address: 00002579


MEMORY CONFIGURATION

         name            origin    length      used     unused   attr    fill
----------------------  --------  ---------  --------  --------  ----  --------
  MAIN                  00000000   00040000  000028cc  0003d734  R  X
  INFO                  00200000   00004000  00000000  00004000  R  X
  SRAM_CODE             01000000   00010000  00000981  0000f67f  RW X
  SRAM_DATA             20000000   00010000  00000981  0000f67f  RW  


SEGMENT ALLOCATION MAP

run origin  load origin   length   init length attrs members
----------  ----------- ---------- ----------- ----- -------
00000000    00000000    000028d0   000028d0    r-x
  00000000    00000000    000000e4   000000e4    r-- .intvecs
  000000e4    000000e4    00002714   00002714    r-x .text
  000027f8    000027f8    00000064   00000064    r-- .const
  00002860    00002860    00000070   00000070    r-- .cinit
20000000    20000000    00000783   00000000    rw-
  20000000    20000000    00000400   00000000    rw- .sysmem
  20000400    20000400    00000326   00000000    rw- .bss
  20000728    20000728    0000005b   00000000    rw- .data
2000fe00    2000fe00    00000200   00000000    rw-
  2000fe00    2000fe00    00000200   00000000    rw- .stack


SECTION ALLOCATION MAP

 output                                  attributes/
section   page    origin      length       input sections
--------  ----  ----------  ----------   ----------------
.intvecs   0    00000000    000000e4     
                  00000000    000000e4     startup_msp432p401r_ccs.obj (.intvecs:retain)

.binit     0    00000000    00000000     

.text      0    000000e4    00002714     
                  000000e4    00000ae4     timer.obj (.text)
                  00000bc8    00000580     custom_uart.obj (.text)
                  00001148    000003d0     rtsv7M4_T_le_v4SPD16_eabi.lib : memory.obj (.text)
                  00001518    0000032c     system_msp432p401r.obj (.text)
                  00001844    00000324     debounce.obj (.text)
                  00001b68    00000284     main.obj (.text)
                  00001dec    00000284     rfid.obj (.text)
                  00002070    0000013e     circbuf.obj (.text)
                  000021ae    00000002     rtsv7M4_T_le_v4SPD16_eabi.lib : mpu_init.obj (.text)
                  000021b0    000000e0     beambreak.obj (.text)
                  00002290    0000009c     rtsv7M4_T_le_v4SPD16_eabi.lib : memcpy_t2.obj (.text)
                  0000232c    00000094     msp432p4xx_driverlib.lib : uart.o (.text:UART_initModule)
                  000023c0    0000007a     rtsv7M4_T_le_v4SPD16_eabi.lib : memset_t2.obj (.text)
                  0000243a    00000002                                   : startup.obj (.text)
                  0000243c    00000070                                   : autoinit.obj (.text)
                  000024ac    00000068                                   : copy_decompress_lzss.obj (.text:decompress:lzss)
                  00002514    00000064     msp432p4xx_driverlib.lib : interrupt.o (.text:Interrupt_enableInterrupt)
                  00002578    00000054     rtsv7M4_T_le_v4SPD16_eabi.lib : boot.obj (.text)
                  000025cc    00000054                                   : exit.obj (.text)
                  00002620    0000004c                                   : cpy_tbl.obj (.text)
                  0000266c    00000048     msp432p4xx_driverlib.lib : gpio.o (.text:GPIO_setAsPeripheralModuleFunctionInputPin)
                  000026b4    00000024                              : cs.o (.text:CS_setDCOCenteredFrequency)
                  000026d8    00000024                              : uart.o (.text:UART_receiveData)
                  000026fc    00000024                              : uart.o (.text:UART_transmitData)
                  00002720    00000018                              : gpio.o (.text:GPIO_getInputPinValue)
                  00002738    00000018     rtsv7M4_T_le_v4SPD16_eabi.lib : args_main.obj (.text)
                  00002750    00000016     msp432p4xx_driverlib.lib : uart.o (.text:UART_enableInterrupt)
                  00002766    00000002     --HOLE-- [fill = 0]
                  00002768    00000014     rtsv7M4_T_le_v4SPD16_eabi.lib : _lock.obj (.text)
                  0000277c    00000010     msp432p4xx_driverlib.lib : interrupt.o (.text:Interrupt_disableMaster)
                  0000278c    00000010                              : interrupt.o (.text:Interrupt_enableMaster)
                  0000279c    0000000e     rtsv7M4_T_le_v4SPD16_eabi.lib : copy_decompress_none.obj (.text:decompress:none)
                  000027aa    0000000e     startup_msp432p401r_ccs.obj (.text)
                  000027b8    0000000c     msp432p4xx_driverlib.lib : cpu.o (.text:CPU_cpsid)
                  000027c4    0000000c                              : cpu.o (.text:CPU_cpsie)
                  000027d0    0000000c                              : uart.o (.text:UART_disableModule)
                  000027dc    0000000c                              : uart.o (.text:UART_enableModule)
                  000027e8    0000000c     rtsv7M4_T_le_v4SPD16_eabi.lib : copy_zero_init.obj (.text:decompress:ZI)
                  000027f4    00000004                                   : pre_init.obj (.text)

.const     0    000027f8    00000064     
                  000027f8    00000040     msp432p4xx_driverlib.lib : interrupt.o (.const)
                  00002838    00000024     custom_uart.obj (.const:$P$T0$1)

.cinit     0    00002860    00000070     
                  00002860    00000045     (.cinit..data.load) [load image, compression = lzss]
                  000028a5    00000003     --HOLE-- [fill = 0]
                  000028a8    0000000c     (__TI_handler_table)
                  000028b4    00000004     --HOLE-- [fill = 0]
                  000028b8    00000008     (.cinit..bss.load) [load image, compression = zero_init]
                  000028c0    00000010     (__TI_cinit_table)

.init_array 
*          0    00000000    00000000     UNINITIALIZED

.sysmem    0    20000000    00000400     UNINITIALIZED
                  20000000    00000008     rtsv7M4_T_le_v4SPD16_eabi.lib : memory.obj (.sysmem)
                  20000008    000003f8     --HOLE--

.bss       0    20000400    00000326     UNINITIALIZED
                  20000400    000001c0     (.common:TA)
                  200005c0    00000060     (.common:current_task_data)
                  20000620    00000040     (.common:rfid_preasent_tags)
                  20000660    00000040     (.common:uart_rx_buf)
                  200006a0    00000040     (.common:uart_tx_buf)
                  200006e0    00000010     timer.obj (.bss)
                  200006f0    00000010     (.common:callback_np)
                  20000700    00000008     (.common:db_timeout)
                  20000708    00000008     (.common:prelim_beep)
                  20000710    00000008     (.common:uart_timeout_id)
                  20000718    00000004     (.common:TA_status)
                  2000071c    00000004     (.common:tx_array_size)
                  20000720    00000004     (.common:tx_progress)
                  20000724    00000001     (.common:bbreak_flg)
                  20000725    00000001     (.common:port4_linkers)

.data      0    20000728    0000005b     UNINITIALIZED
                  20000728    00000030     msp432p4xx_driverlib.lib : gpio.o (.data:GPIO_PORT_TO_BASE)
                  20000758    0000000c     rtsv7M4_T_le_v4SPD16_eabi.lib : exit.obj (.data:$O1$$)
                  20000764    0000000c                                   : memory.obj (.data:$O1$$)
                  20000770    00000008                                   : _lock.obj (.data:$O1$$)
                  20000778    00000004                                   : stkdepth_vars.obj (.data)
                  2000077c    00000004     system_msp432p401r.obj (.data)
                  20000780    00000002     main.obj (.data)
                  20000782    00000001     custom_uart.obj (.data)

.stack     0    2000fe00    00000200     UNINITIALIZED
                  2000fe00    00000200     --HOLE--

MODULE SUMMARY

       Module                        code    ro data   rw data
       ------                        ----    -------   -------
    .\
       system_msp432p401r.obj        812     0         8      
       main.obj                      644     0         20     
       startup_msp432p401r_ccs.obj   14      228       0      
    +--+-----------------------------+-------+---------+---------+
       Total:                        1470    228       28     
                                                              
    .\voles\
       timer.obj                     2788    0         936    
       custom_uart.obj               1408    36        290    
       debounce.obj                  804     0         210    
       rfid.obj                      644     0         128    
       circbuf.obj                   318     0         0      
       beambreak.obj                 224     0         34     
    +--+-----------------------------+-------+---------+---------+
       Total:                        6186    36        1598   
                                                              
    ../msp432p4xx_driverlib.lib
       uart.o                        266     0         0      
       interrupt.o                   132     64        0      
       gpio.o                        96      0         96     
       cs.o                          36      0         0      
       cpu.o                         24      0         0      
    +--+-----------------------------+-------+---------+---------+
       Total:                        554     64        96     
                                                              
    C:\ti\ccsv7\tools\compiler\ti-cgt-arm_16.9.1.LTS\lib\rtsv7M4_T_le_v4SPD16_eabi.lib
       memory.obj                    976     0         24     
       memcpy_t2.obj                 156     0         0      
       memset_t2.obj                 122     0         0      
       autoinit.obj                  112     0         0      
       exit.obj                      84      0         24     
       copy_decompress_lzss.obj      104     0         0      
       boot.obj                      84      0         0      
       cpy_tbl.obj                   76      0         0      
       _lock.obj                     20      0         16     
       args_main.obj                 24      0         0      
       copy_decompress_none.obj      14      0         0      
       copy_zero_init.obj            12      0         0      
       stkdepth_vars.obj             0       0         8      
       pre_init.obj                  4       0         0      
       mpu_init.obj                  2       0         0      
       startup.obj                   2       0         0      
    +--+-----------------------------+-------+---------+---------+
       Total:                        1792    0         72     
                                                              
       Heap:                         0       0         2048   
       Stack:                        0       0         1024   
       Linker Generated:             0       105       0      
    +--+-----------------------------+-------+---------+---------+
       Grand Total:                  10002   433       4866   


LINKER GENERATED COPY TABLES

__TI_cinit_table @ 000028c0 records: 2, size/record: 8, table size: 16
	.data: load addr=00002860, load size=00000045 bytes, run addr=20000728, run size=0000005b bytes, compression=lzss
	.bss: load addr=000028b8, load size=00000008 bytes, run addr=20000400, run size=00000326 bytes, compression=zero_init


LINKER GENERATED HANDLER TABLE

__TI_handler_table @ 000028a8 records: 3, size/record: 4, table size: 12
	index: 0, handler: __TI_decompress_lzss
	index: 1, handler: __TI_decompress_none
	index: 2, handler: __TI_zero_init


GLOBAL SYMBOLS: SORTED ALPHABETICALLY BY Name 

address   name                                      
-------   ----                                      
000027b7  ADC14_IRQHandler                          
000027b7  AES256_IRQHandler                         
0000224d  BBREAK_check                              
00002207  BBREAK_debounce                           
000021b1  BBREAK_init                               
000027b7  BusFault_Handler                          
000025cd  C$$EXIT                                   
0000217d  CIRCBUF_delete                            
00002071  CIRCBUF_init                              
00002129  CIRCBUF_pop                               
000020bd  CIRCBUF_push                              
00002195  CIRCBUF_read                              
000027b7  COMP_E0_IRQHandler                        
000027b7  COMP_E1_IRQHandler                        
000027b9  CPU_cpsid                                 
000027c5  CPU_cpsie                                 
000027b7  CS_IRQHandler                             
000026b5  CS_setDCOCenteredFrequency                
00001877  DEBOUNCE_callback                         
00001845  DEBOUNCE_clear_data                       
00001a6b  DEBOUNCE_repeater                         
0000198b  DEBOUNCE_request                          
00001a51  DEBOUNCE_timeout                          
000027b7  DMA_ERR_IRQHandler                        
000027b7  DMA_INT0_IRQHandler                       
000027b7  DMA_INT1_IRQHandler                       
000027b7  DMA_INT2_IRQHandler                       
000027b7  DMA_INT3_IRQHandler                       
000027b7  DebugMon_Handler                          
000027b7  Default_Handler                           
00000ecd  EUSCIA0_IRQHandler                        
00000ecd  EUSCIA0_IRQHandler                        
00000f49  EUSCIA1_IRQHandler                        
00000f49  EUSCIA1_IRQHandler                        
00000f93  EUSCIA2_IRQHandler                        
00000f93  EUSCIA2_IRQHandler                        
00000fe1  EUSCIA3_IRQHandler                        
00000fe1  EUSCIA3_IRQHandler                        
000027b7  EUSCIB0_IRQHandler                        
000027b7  EUSCIB1_IRQHandler                        
000027b7  EUSCIB2_IRQHandler                        
000027b7  EUSCIB3_IRQHandler                        
000027b7  FLCTL_IRQHandler                          
000027b7  FPU_IRQHandler                            
00002721  GPIO_getInputPinValue                     
0000266d  GPIO_setAsPeripheralModuleFunctionInputPin
000027b7  HardFault_Handler                         
0000277d  Interrupt_disableMaster                   
00002515  Interrupt_enableInterrupt                 
0000278d  Interrupt_enableMaster                    
000027b7  MemManage_Handler                         
000027b7  NMI_Handler                               
000027b7  PCM_IRQHandler                            
00001c83  PORT1_IRQHandler                          
00001c83  PORT1_IRQHandler                          
00001d11  PORT2_IRQHandler                          
00001d11  PORT2_IRQHandler                          
000027b7  PORT3_IRQHandler                          
0000225d  PORT4_IRQHandler                          
0000225d  PORT4_IRQHandler                          
000027b7  PORT5_IRQHandler                          
000027b7  PORT6_IRQHandler                          
000027b7  PSS_IRQHandler                            
000027b7  PendSV_Handler                            
00001e97  RFID_config_1_out_of_156_ppm              
00001eb1  RFID_config_agc_toggle                    
00001ecb  RFID_config_ampm_toggle                   
00001e3b  RFID_config_enable_external_antenna       
00001e21  RFID_config_enable_internal_antenna       
00001e07  RFID_config_max_power_4to1mod             
00001e55  RFID_config_the_example                   
00001f7d  RFID_init                                 
00001f0f  RFID_parse                                
00001ded  RFID_ping                                 
00001ee5  RFID_ssir                                 
00001eff  RFID_xsir                                 
000027b7  RTC_C_IRQHandler                          
000027ab  Reset_Handler                             
UNDEFED   SHT$$INIT_ARRAY$$Base                     
UNDEFED   SHT$$INIT_ARRAY$$Limit                    
000027b7  SVC_Handler                               
000027b7  SysTick_Handler                           
2000077c  SystemCoreClock                           
00001519  SystemCoreClockUpdate                     
0000178d  SystemInit                                
000027b7  T32_INT1_IRQHandler                       
000027b7  T32_INT2_IRQHandler                       
000027b7  T32_INTC_IRQHandler                       
20000400  TA                                        
000027b7  TA0_0_IRQHandler                          
0000099d  TA0_N_IRQHandler                          
0000099d  TA0_N_IRQHandler                          
000027b7  TA1_0_IRQHandler                          
00000905  TA1_N_IRQHandler                          
00000905  TA1_N_IRQHandler                          
000027b7  TA2_0_IRQHandler                          
00000a37  TA2_N_IRQHandler                          
00000a37  TA2_N_IRQHandler                          
000027b7  TA3_0_IRQHandler                          
00000acf  TA3_N_IRQHandler                          
00000acf  TA3_N_IRQHandler                          
20000718  TA_status                                 
00000569  TIMER_begin                               
00000309  TIMER_calculate_deviders_l                
000002b5  TIMER_calculate_deviders_s                
000008f7  TIMER_callback_default                    
000001e7  TIMER_config                              
00000335  TIMER_config_ccr_raw_cnt                  
00000845  TIMER_config_cnt_raw                      
00000167  TIMER_config_l                            
000000e5  TIMER_config_raw                          
00000b67  TIMER_default_callback                    
00000897  TIMER_init                                
00000823  TIMER_kill                                
000005fd  TIMER_kill_raw                            
000003c1  TIMER_load_devider                        
000005b5  TIMER_pause                               
00000787  TIMER_request                             
000006d5  TIMER_reset_raw                           
0000072b  TIMER_set_callback                        
000027d1  UART_disableModule                        
00002751  UART_enableInterrupt                      
000027dd  UART_enableModule                         
0000232d  UART_initModule                           
000026d9  UART_receiveData                          
000026fd  UART_transmitData                         
000027b7  UsageFault_Handler                        
00000bc9  VUART_init                                
00001035  VUART_peripheral_response_timeout         
000010d1  VUART_timeout_callback                    
00000e05  VUART_tx_buf                              
00000ceb  VUART_tx_byte                             
00000d1d  VUART_tx_string                           
4000480c  WDTCTL_SYM                                
000027b7  WDT_A_IRQHandler                          
20010000  __STACK_END                               
00000200  __STACK_SIZE                              
00000400  __SYSMEM_SIZE                             
000028c0  __TI_CINIT_Base                           
000028d0  __TI_CINIT_Limit                          
000028a8  __TI_Handler_Table_Base                   
000028b4  __TI_Handler_Table_Limit                  
0000243d  __TI_auto_init                            
20000758  __TI_cleanup_ptr                          
000024ad  __TI_decompress_lzss                      
0000279d  __TI_decompress_none                      
2000075c  __TI_dtors_ptr                            
20000760  __TI_enable_exit_profile_output           
ffffffff  __TI_pprof_out_hndl                       
ffffffff  __TI_prof_data_size                       
ffffffff  __TI_prof_data_start                      
00000000  __TI_static_base__                        
000027e9  __TI_zero_init                            
000023c1  __aeabi_memclr                            
000023c1  __aeabi_memclr4                           
000023c1  __aeabi_memclr8                           
00002291  __aeabi_memcpy                            
00002291  __aeabi_memcpy4                           
00002291  __aeabi_memcpy8                           
000023c3  __aeabi_memset                            
000023c3  __aeabi_memset4                           
000023c3  __aeabi_memset8                           
ffffffff  __binit__                                 
ffffffff  __c_args__                                
000021af  __mpu_init                                
2000fe00  __stack                                   
00002739  _args_main                                
00002579  _c_int00                                  
20000770  _lock                                     
00002777  _nop                                      
0000276f  _register_lock                            
00002769  _register_unlock                          
20000000  _sys_memory                               
0000243b  _system_post_cinit                        
000027f5  _system_pre_init                          
20000774  _unlock                                   
000025d1  abort                                     
20000724  bbreak_flg                                
00001d6f  beep                                      
ffffffff  binit                                     
200006f0  callback_np                               
000014e9  calloc                                    
20000780  cb_ctr_debug_deboucne                     
00002621  copy_in                                   
200005c0  current_task_data                         
20000700  db_timeout                                
000025d9  exit                                      
00001233  free                                      
00000000  interruptVectors                          
00001b69  main                                      
20000778  main_func_sp                              
000011c9  malloc                                    
000013fd  memalign                                  
00002291  memcpy                                    
000023c9  memset                                    
00001149  minit                                     
20000725  port4_linkers                             
20000708  prelim_beep                               
000012f5  realloc                                   
20000782  recieve_flg_rfid                          
20000620  rfid_preasent_tags                        
00001c5b  test_callback                             
00001c6d  test_callback1                            
00001c7f  test_callback2                            
00001c81  test_callback3                            
20000781  test_cnt                                  
2000071c  tx_array_size                             
20000720  tx_progress                               
20000660  uart_rx_buf                               
20000710  uart_timeout_id                           
200006a0  uart_tx_buf                               


GLOBAL SYMBOLS: SORTED BY Symbol Address 

address   name                                      
-------   ----                                      
00000000  __TI_static_base__                        
00000000  interruptVectors                          
000000e5  TIMER_config_raw                          
00000167  TIMER_config_l                            
000001e7  TIMER_config                              
00000200  __STACK_SIZE                              
000002b5  TIMER_calculate_deviders_s                
00000309  TIMER_calculate_deviders_l                
00000335  TIMER_config_ccr_raw_cnt                  
000003c1  TIMER_load_devider                        
00000400  __SYSMEM_SIZE                             
00000569  TIMER_begin                               
000005b5  TIMER_pause                               
000005fd  TIMER_kill_raw                            
000006d5  TIMER_reset_raw                           
0000072b  TIMER_set_callback                        
00000787  TIMER_request                             
00000823  TIMER_kill                                
00000845  TIMER_config_cnt_raw                      
00000897  TIMER_init                                
000008f7  TIMER_callback_default                    
00000905  TA1_N_IRQHandler                          
00000905  TA1_N_IRQHandler                          
0000099d  TA0_N_IRQHandler                          
0000099d  TA0_N_IRQHandler                          
00000a37  TA2_N_IRQHandler                          
00000a37  TA2_N_IRQHandler                          
00000acf  TA3_N_IRQHandler                          
00000acf  TA3_N_IRQHandler                          
00000b67  TIMER_default_callback                    
00000bc9  VUART_init                                
00000ceb  VUART_tx_byte                             
00000d1d  VUART_tx_string                           
00000e05  VUART_tx_buf                              
00000ecd  EUSCIA0_IRQHandler                        
00000ecd  EUSCIA0_IRQHandler                        
00000f49  EUSCIA1_IRQHandler                        
00000f49  EUSCIA1_IRQHandler                        
00000f93  EUSCIA2_IRQHandler                        
00000f93  EUSCIA2_IRQHandler                        
00000fe1  EUSCIA3_IRQHandler                        
00000fe1  EUSCIA3_IRQHandler                        
00001035  VUART_peripheral_response_timeout         
000010d1  VUART_timeout_callback                    
00001149  minit                                     
000011c9  malloc                                    
00001233  free                                      
000012f5  realloc                                   
000013fd  memalign                                  
000014e9  calloc                                    
00001519  SystemCoreClockUpdate                     
0000178d  SystemInit                                
00001845  DEBOUNCE_clear_data                       
00001877  DEBOUNCE_callback                         
0000198b  DEBOUNCE_request                          
00001a51  DEBOUNCE_timeout                          
00001a6b  DEBOUNCE_repeater                         
00001b69  main                                      
00001c5b  test_callback                             
00001c6d  test_callback1                            
00001c7f  test_callback2                            
00001c81  test_callback3                            
00001c83  PORT1_IRQHandler                          
00001c83  PORT1_IRQHandler                          
00001d11  PORT2_IRQHandler                          
00001d11  PORT2_IRQHandler                          
00001d6f  beep                                      
00001ded  RFID_ping                                 
00001e07  RFID_config_max_power_4to1mod             
00001e21  RFID_config_enable_internal_antenna       
00001e3b  RFID_config_enable_external_antenna       
00001e55  RFID_config_the_example                   
00001e97  RFID_config_1_out_of_156_ppm              
00001eb1  RFID_config_agc_toggle                    
00001ecb  RFID_config_ampm_toggle                   
00001ee5  RFID_ssir                                 
00001eff  RFID_xsir                                 
00001f0f  RFID_parse                                
00001f7d  RFID_init                                 
00002071  CIRCBUF_init                              
000020bd  CIRCBUF_push                              
00002129  CIRCBUF_pop                               
0000217d  CIRCBUF_delete                            
00002195  CIRCBUF_read                              
000021af  __mpu_init                                
000021b1  BBREAK_init                               
00002207  BBREAK_debounce                           
0000224d  BBREAK_check                              
0000225d  PORT4_IRQHandler                          
0000225d  PORT4_IRQHandler                          
00002291  __aeabi_memcpy                            
00002291  __aeabi_memcpy4                           
00002291  __aeabi_memcpy8                           
00002291  memcpy                                    
0000232d  UART_initModule                           
000023c1  __aeabi_memclr                            
000023c1  __aeabi_memclr4                           
000023c1  __aeabi_memclr8                           
000023c3  __aeabi_memset                            
000023c3  __aeabi_memset4                           
000023c3  __aeabi_memset8                           
000023c9  memset                                    
0000243b  _system_post_cinit                        
0000243d  __TI_auto_init                            
000024ad  __TI_decompress_lzss                      
00002515  Interrupt_enableInterrupt                 
00002579  _c_int00                                  
000025cd  C$$EXIT                                   
000025d1  abort                                     
000025d9  exit                                      
00002621  copy_in                                   
0000266d  GPIO_setAsPeripheralModuleFunctionInputPin
000026b5  CS_setDCOCenteredFrequency                
000026d9  UART_receiveData                          
000026fd  UART_transmitData                         
00002721  GPIO_getInputPinValue                     
00002739  _args_main                                
00002751  UART_enableInterrupt                      
00002769  _register_unlock                          
0000276f  _register_lock                            
00002777  _nop                                      
0000277d  Interrupt_disableMaster                   
0000278d  Interrupt_enableMaster                    
0000279d  __TI_decompress_none                      
000027ab  Reset_Handler                             
000027b7  ADC14_IRQHandler                          
000027b7  AES256_IRQHandler                         
000027b7  BusFault_Handler                          
000027b7  COMP_E0_IRQHandler                        
000027b7  COMP_E1_IRQHandler                        
000027b7  CS_IRQHandler                             
000027b7  DMA_ERR_IRQHandler                        
000027b7  DMA_INT0_IRQHandler                       
000027b7  DMA_INT1_IRQHandler                       
000027b7  DMA_INT2_IRQHandler                       
000027b7  DMA_INT3_IRQHandler                       
000027b7  DebugMon_Handler                          
000027b7  Default_Handler                           
000027b7  EUSCIB0_IRQHandler                        
000027b7  EUSCIB1_IRQHandler                        
000027b7  EUSCIB2_IRQHandler                        
000027b7  EUSCIB3_IRQHandler                        
000027b7  FLCTL_IRQHandler                          
000027b7  FPU_IRQHandler                            
000027b7  HardFault_Handler                         
000027b7  MemManage_Handler                         
000027b7  NMI_Handler                               
000027b7  PCM_IRQHandler                            
000027b7  PORT3_IRQHandler                          
000027b7  PORT5_IRQHandler                          
000027b7  PORT6_IRQHandler                          
000027b7  PSS_IRQHandler                            
000027b7  PendSV_Handler                            
000027b7  RTC_C_IRQHandler                          
000027b7  SVC_Handler                               
000027b7  SysTick_Handler                           
000027b7  T32_INT1_IRQHandler                       
000027b7  T32_INT2_IRQHandler                       
000027b7  T32_INTC_IRQHandler                       
000027b7  TA0_0_IRQHandler                          
000027b7  TA1_0_IRQHandler                          
000027b7  TA2_0_IRQHandler                          
000027b7  TA3_0_IRQHandler                          
000027b7  UsageFault_Handler                        
000027b7  WDT_A_IRQHandler                          
000027b9  CPU_cpsid                                 
000027c5  CPU_cpsie                                 
000027d1  UART_disableModule                        
000027dd  UART_enableModule                         
000027e9  __TI_zero_init                            
000027f5  _system_pre_init                          
000028a8  __TI_Handler_Table_Base                   
000028b4  __TI_Handler_Table_Limit                  
000028c0  __TI_CINIT_Base                           
000028d0  __TI_CINIT_Limit                          
20000000  _sys_memory                               
20000400  TA                                        
200005c0  current_task_data                         
20000620  rfid_preasent_tags                        
20000660  uart_rx_buf                               
200006a0  uart_tx_buf                               
200006f0  callback_np                               
20000700  db_timeout                                
20000708  prelim_beep                               
20000710  uart_timeout_id                           
20000718  TA_status                                 
2000071c  tx_array_size                             
20000720  tx_progress                               
20000724  bbreak_flg                                
20000725  port4_linkers                             
20000758  __TI_cleanup_ptr                          
2000075c  __TI_dtors_ptr                            
20000760  __TI_enable_exit_profile_output           
20000770  _lock                                     
20000774  _unlock                                   
20000778  main_func_sp                              
2000077c  SystemCoreClock                           
20000780  cb_ctr_debug_deboucne                     
20000781  test_cnt                                  
20000782  recieve_flg_rfid                          
2000fe00  __stack                                   
20010000  __STACK_END                               
4000480c  WDTCTL_SYM                                
ffffffff  __TI_pprof_out_hndl                       
ffffffff  __TI_prof_data_size                       
ffffffff  __TI_prof_data_start                      
ffffffff  __binit__                                 
ffffffff  __c_args__                                
ffffffff  binit                                     
UNDEFED   SHT$$INIT_ARRAY$$Base                     
UNDEFED   SHT$$INIT_ARRAY$$Limit                    

[211 symbols]
