******************************************************************************
                  TI ARM Linker PC v16.9.1                     
******************************************************************************
>> Linked Tue Jul 18 17:25:39 2017

OUTPUT FILE NAME:   <VOLETRON.out>
ENTRY POINT SYMBOL: "_c_int00"  address: 0000139d


MEMORY CONFIGURATION

         name            origin    length      used     unused   attr    fill
----------------------  --------  ---------  --------  --------  ----  --------
  MAIN                  00000000   00040000  00001586  0003ea7a  R  X
  INFO                  00200000   00004000  00000000  00004000  R  X
  SRAM_CODE             01000000   00010000  0000077c  0000f884  RW X
  SRAM_DATA             20000000   00010000  0000077c  0000f884  RW  


SEGMENT ALLOCATION MAP

run origin  load origin   length   init length attrs members
----------  ----------- ---------- ----------- ----- -------
00000000    00000000    00001588   00001588    r-x
  00000000    00000000    000000e4   000000e4    r-- .intvecs
  000000e4    000000e4    00001422   00001422    r-x .text
  00001508    00001508    00000040   00000040    r-- .const
  00001548    00001548    00000040   00000040    r-- .cinit
20000000    20000000    0000057c   00000000    rw-
  20000000    20000000    00000400   00000000    rw- .sysmem
  20000400    20000400    00000154   00000000    rw- .bss
  20000554    20000554    00000028   00000000    rw- .data
2000fe00    2000fe00    00000200   00000000    rw-
  2000fe00    2000fe00    00000200   00000000    rw- .stack


SECTION ALLOCATION MAP

 output                                  attributes/
section   page    origin      length       input sections
--------  ----  ----------  ----------   ----------------
.intvecs   0    00000000    000000e4     
                  00000000    000000e4     startup_msp432p401r_ccs.obj (.intvecs:retain)

.binit     0    00000000    00000000     

.text      0    000000e4    00001422     
                  000000e4    000007d0     timer.obj (.text)
                  000008b4    000003d0     rtsv7M4_T_le_v4SPD16_eabi.lib : memory.obj (.text)
                  00000c84    0000032c     system_msp432p401r.obj (.text)
                  00000fb0    00000104     circbuf.obj (.text)
                  000010b4    0000009c     rtsv7M4_T_le_v4SPD16_eabi.lib : memcpy_t2.obj (.text)
                  00001150    00000094     main.obj (.text)
                  000011e4    0000007a     rtsv7M4_T_le_v4SPD16_eabi.lib : memset_t2.obj (.text)
                  0000125e    00000002                                   : mpu_init.obj (.text)
                  00001260    00000070                                   : autoinit.obj (.text)
                  000012d0    00000068                                   : copy_decompress_lzss.obj (.text:decompress:lzss)
                  00001338    00000064     msp432p4xx_driverlib.lib : interrupt.o (.text:Interrupt_enableInterrupt)
                  0000139c    00000054     rtsv7M4_T_le_v4SPD16_eabi.lib : boot.obj (.text)
                  000013f0    00000054                                   : exit.obj (.text)
                  00001444    0000004c                                   : cpy_tbl.obj (.text)
                  00001490    00000018                                   : args_main.obj (.text)
                  000014a8    00000014                                   : _lock.obj (.text)
                  000014bc    00000010     msp432p4xx_driverlib.lib : interrupt.o (.text:Interrupt_enableMaster)
                  000014cc    0000000e     rtsv7M4_T_le_v4SPD16_eabi.lib : copy_decompress_none.obj (.text:decompress:none)
                  000014da    0000000e     startup_msp432p401r_ccs.obj (.text)
                  000014e8    0000000c     msp432p4xx_driverlib.lib : cpu.o (.text:CPU_cpsie)
                  000014f4    0000000c     rtsv7M4_T_le_v4SPD16_eabi.lib : copy_zero_init.obj (.text:decompress:ZI)
                  00001500    00000004                                   : pre_init.obj (.text)
                  00001504    00000002                                   : startup.obj (.text)

.const     0    00001508    00000040     
                  00001508    00000040     msp432p4xx_driverlib.lib : interrupt.o (.const)

.cinit     0    00001548    00000040     
                  00001548    0000001c     (.cinit..data.load) [load image, compression = lzss]
                  00001564    0000000c     (__TI_handler_table)
                  00001570    00000008     (.cinit..bss.load) [load image, compression = zero_init]
                  00001578    00000010     (__TI_cinit_table)

.init_array 
*          0    00000000    00000000     UNINITIALIZED

.sysmem    0    20000000    00000400     UNINITIALIZED
                  20000000    00000008     rtsv7M4_T_le_v4SPD16_eabi.lib : memory.obj (.sysmem)
                  20000008    000003f8     --HOLE--

.bss       0    20000400    00000154     UNINITIALIZED
                  20000400    0000001c     (.common:callback_A0)
                  2000041c    0000001c     (.common:callback_A1)
                  20000438    0000001c     (.common:callback_A2)
                  20000454    0000001c     (.common:callback_A3)
                  20000470    0000001c     (.common:cnt_A0)
                  2000048c    0000001c     (.common:cnt_A1)
                  200004a8    0000001c     (.common:cnt_A2)
                  200004c4    0000001c     (.common:cnt_A3)
                  200004e0    0000001c     (.common:cnt_trg_0)
                  200004fc    0000001c     (.common:cnt_trg_1)
                  20000518    0000001c     (.common:cnt_trg_2)
                  20000534    0000001c     (.common:cnt_trg_3)
                  20000550    00000004     (.common:a)

.data      0    20000554    00000028     UNINITIALIZED
                  20000554    0000000c     rtsv7M4_T_le_v4SPD16_eabi.lib : exit.obj (.data:$O1$$)
                  20000560    0000000c                                   : memory.obj (.data:$O1$$)
                  2000056c    00000008                                   : _lock.obj (.data:$O1$$)
                  20000574    00000004                                   : stkdepth_vars.obj (.data)
                  20000578    00000004     system_msp432p401r.obj (.data)

.stack     0    2000fe00    00000200     UNINITIALIZED
                  2000fe00    00000200     --HOLE--

MODULE SUMMARY

       Module                        code   ro data   rw data
       ------                        ----   -------   -------
    .\
       system_msp432p401r.obj        812    0         8      
       startup_msp432p401r_ccs.obj   14     228       0      
       main.obj                      148    0         8      
    +--+-----------------------------+------+---------+---------+
       Total:                        974    228       16     
                                                             
    .\voles\
       timer.obj                     2000   0         672    
       circbuf.obj                   260    0         0      
    +--+-----------------------------+------+---------+---------+
       Total:                        2260   0         672    
                                                             
    ../msp432p4xx_driverlib.lib
       interrupt.o                   116    64        0      
       cpu.o                         12     0         0      
    +--+-----------------------------+------+---------+---------+
       Total:                        128    64        0      
                                                             
    C:\ti\ccsv7\tools\compiler\ti-cgt-arm_16.9.1.LTS\lib\rtsv7M4_T_le_v4SPD16_eabi.lib
       memory.obj                    976    0         24     
       memcpy_t2.obj                 156    0         0      
       memset_t2.obj                 122    0         0      
       autoinit.obj                  112    0         0      
       exit.obj                      84     0         24     
       copy_decompress_lzss.obj      104    0         0      
       boot.obj                      84     0         0      
       cpy_tbl.obj                   76     0         0      
       _lock.obj                     20     0         16     
       args_main.obj                 24     0         0      
       copy_decompress_none.obj      14     0         0      
       copy_zero_init.obj            12     0         0      
       stkdepth_vars.obj             0      0         8      
       pre_init.obj                  4      0         0      
       mpu_init.obj                  2      0         0      
       startup.obj                   2      0         0      
    +--+-----------------------------+------+---------+---------+
       Total:                        1792   0         72     
                                                             
       Heap:                         0      0         2048   
       Stack:                        0      0         1024   
       Linker Generated:             0      64        0      
    +--+-----------------------------+------+---------+---------+
       Grand Total:                  5154   356       3832   


LINKER GENERATED COPY TABLES

__TI_cinit_table @ 00001578 records: 2, size/record: 8, table size: 16
	.data: load addr=00001548, load size=0000001c bytes, run addr=20000554, run size=00000028 bytes, compression=lzss
	.bss: load addr=00001570, load size=00000008 bytes, run addr=20000400, run size=00000154 bytes, compression=zero_init


LINKER GENERATED HANDLER TABLE

__TI_handler_table @ 00001564 records: 3, size/record: 4, table size: 12
	index: 0, handler: __TI_decompress_lzss
	index: 1, handler: __TI_decompress_none
	index: 2, handler: __TI_zero_init


GLOBAL SYMBOLS: SORTED ALPHABETICALLY BY Name 

address   name                           
-------   ----                           
000014e7  ADC14_IRQHandler               
000014e7  AES256_IRQHandler              
000014e7  BusFault_Handler               
000013f1  C$$EXIT                        
00001091  CIRCBUF_delete                 
00000fb1  CIRCBUF_init                   
00001045  CIRCBUF_pop                    
00000ff9  CIRCBUF_push                   
0000109f  CIRCBUF_read                   
000014e7  COMP_E0_IRQHandler             
000014e7  COMP_E1_IRQHandler             
000014e9  CPU_cpsie                      
000014e7  CS_IRQHandler                  
000014e7  DMA_ERR_IRQHandler             
000014e7  DMA_INT0_IRQHandler            
000014e7  DMA_INT1_IRQHandler            
000014e7  DMA_INT2_IRQHandler            
000014e7  DMA_INT3_IRQHandler            
000014e7  DebugMon_Handler               
000014e7  Default_Handler                
000014e7  EUSCIA0_IRQHandler             
000014e7  EUSCIA1_IRQHandler             
000014e7  EUSCIA2_IRQHandler             
000014e7  EUSCIA3_IRQHandler             
000014e7  EUSCIB0_IRQHandler             
000014e7  EUSCIB1_IRQHandler             
000014e7  EUSCIB2_IRQHandler             
000014e7  EUSCIB3_IRQHandler             
000014e7  FLCTL_IRQHandler               
000014e7  FPU_IRQHandler                 
000014e7  HardFault_Handler              
00001339  Interrupt_enableInterrupt      
000014bd  Interrupt_enableMaster         
000014e7  MemManage_Handler              
000014e7  NMI_Handler                    
000014e7  PCM_IRQHandler                 
000014e7  PORT1_IRQHandler               
000014e7  PORT2_IRQHandler               
000014e7  PORT3_IRQHandler               
000014e7  PORT4_IRQHandler               
000014e7  PORT5_IRQHandler               
000014e7  PORT6_IRQHandler               
000014e7  PSS_IRQHandler                 
000014e7  PendSV_Handler                 
000014e7  RTC_C_IRQHandler               
000014db  Reset_Handler                  
UNDEFED   SHT$$INIT_ARRAY$$Base          
UNDEFED   SHT$$INIT_ARRAY$$Limit         
000014e7  SVC_Handler                    
000014e7  SysTick_Handler                
20000578  SystemCoreClock                
00000c85  SystemCoreClockUpdate          
00000ef9  SystemInit                     
000014e7  T32_INT1_IRQHandler            
000014e7  T32_INT2_IRQHandler            
000014e7  T32_INTC_IRQHandler            
000014e7  TA0_0_IRQHandler               
00000691  TA0_N_IRQHandler               
00000691  TA0_N_IRQHandler               
000014e7  TA1_0_IRQHandler               
000005f9  TA1_N_IRQHandler               
000005f9  TA1_N_IRQHandler               
000014e7  TA2_0_IRQHandler               
00000735  TA2_N_IRQHandler               
00000735  TA2_N_IRQHandler               
000014e7  TA3_0_IRQHandler               
000007e5  TA3_N_IRQHandler               
000007e5  TA3_N_IRQHandler               
000003c5  TIMER_begin                    
00000219  TIMER_calculate_deviders_l     
0000020f  TIMER_calculate_deviders_s     
00000245  TIMER_config_ccr_raw           
00000579  TIMER_config_cnt_raw           
00000157  TIMER_config_l                 
000000e5  TIMER_config_raw               
0000056b  TIMER_kill                     
000002ab  TIMER_load_devider             
00000409  TIMER_pause                    
0000054d  TIMER_request                  
0000055b  TIMER_request_repeat           
00000455  TIMER_reset_raw                
000004b9  TIMER_set_callback             
000014e7  UsageFault_Handler             
4000480c  WDTCTL_SYM                     
000014e7  WDT_A_IRQHandler               
20010000  __STACK_END                    
00000200  __STACK_SIZE                   
00000400  __SYSMEM_SIZE                  
00001578  __TI_CINIT_Base                
00001588  __TI_CINIT_Limit               
00001564  __TI_Handler_Table_Base        
00001570  __TI_Handler_Table_Limit       
00001261  __TI_auto_init                 
20000554  __TI_cleanup_ptr               
000012d1  __TI_decompress_lzss           
000014cd  __TI_decompress_none           
20000558  __TI_dtors_ptr                 
2000055c  __TI_enable_exit_profile_output
ffffffff  __TI_pprof_out_hndl            
ffffffff  __TI_prof_data_size            
ffffffff  __TI_prof_data_start           
00000000  __TI_static_base__             
000014f5  __TI_zero_init                 
000011e5  __aeabi_memclr                 
000011e5  __aeabi_memclr4                
000011e5  __aeabi_memclr8                
000010b5  __aeabi_memcpy                 
000010b5  __aeabi_memcpy4                
000010b5  __aeabi_memcpy8                
000011e7  __aeabi_memset                 
000011e7  __aeabi_memset4                
000011e7  __aeabi_memset8                
ffffffff  __binit__                      
ffffffff  __c_args__                     
0000125f  __mpu_init                     
2000fe00  __stack                        
00001491  _args_main                     
0000139d  _c_int00                       
2000056c  _lock                          
000014b7  _nop                           
000014af  _register_lock                 
000014a9  _register_unlock               
20000000  _sys_memory                    
00001505  _system_post_cinit             
00001501  _system_pre_init               
20000570  _unlock                        
20000550  a                              
000013f5  abort                          
ffffffff  binit                          
20000400  callback_A0                    
2000041c  callback_A1                    
20000438  callback_A2                    
20000454  callback_A3                    
00000c55  calloc                         
20000470  cnt_A0                         
2000048c  cnt_A1                         
200004a8  cnt_A2                         
200004c4  cnt_A3                         
200004e0  cnt_trg_0                      
200004fc  cnt_trg_1                      
20000518  cnt_trg_2                      
20000534  cnt_trg_3                      
00001445  copy_in                        
000013fd  exit                           
0000099f  free                           
00000000  interruptVectors               
00001151  main                           
20000574  main_func_sp                   
00000935  malloc                         
00000b69  memalign                       
000010b5  memcpy                         
000011ed  memset                         
000008b5  minit                          
00000a61  realloc                        
000011d1  test_callback                  


GLOBAL SYMBOLS: SORTED BY Symbol Address 

address   name                           
-------   ----                           
00000000  __TI_static_base__             
00000000  interruptVectors               
000000e5  TIMER_config_raw               
00000157  TIMER_config_l                 
00000200  __STACK_SIZE                   
0000020f  TIMER_calculate_deviders_s     
00000219  TIMER_calculate_deviders_l     
00000245  TIMER_config_ccr_raw           
000002ab  TIMER_load_devider             
000003c5  TIMER_begin                    
00000400  __SYSMEM_SIZE                  
00000409  TIMER_pause                    
00000455  TIMER_reset_raw                
000004b9  TIMER_set_callback             
0000054d  TIMER_request                  
0000055b  TIMER_request_repeat           
0000056b  TIMER_kill                     
00000579  TIMER_config_cnt_raw           
000005f9  TA1_N_IRQHandler               
000005f9  TA1_N_IRQHandler               
00000691  TA0_N_IRQHandler               
00000691  TA0_N_IRQHandler               
00000735  TA2_N_IRQHandler               
00000735  TA2_N_IRQHandler               
000007e5  TA3_N_IRQHandler               
000007e5  TA3_N_IRQHandler               
000008b5  minit                          
00000935  malloc                         
0000099f  free                           
00000a61  realloc                        
00000b69  memalign                       
00000c55  calloc                         
00000c85  SystemCoreClockUpdate          
00000ef9  SystemInit                     
00000fb1  CIRCBUF_init                   
00000ff9  CIRCBUF_push                   
00001045  CIRCBUF_pop                    
00001091  CIRCBUF_delete                 
0000109f  CIRCBUF_read                   
000010b5  __aeabi_memcpy                 
000010b5  __aeabi_memcpy4                
000010b5  __aeabi_memcpy8                
000010b5  memcpy                         
00001151  main                           
000011d1  test_callback                  
000011e5  __aeabi_memclr                 
000011e5  __aeabi_memclr4                
000011e5  __aeabi_memclr8                
000011e7  __aeabi_memset                 
000011e7  __aeabi_memset4                
000011e7  __aeabi_memset8                
000011ed  memset                         
0000125f  __mpu_init                     
00001261  __TI_auto_init                 
000012d1  __TI_decompress_lzss           
00001339  Interrupt_enableInterrupt      
0000139d  _c_int00                       
000013f1  C$$EXIT                        
000013f5  abort                          
000013fd  exit                           
00001445  copy_in                        
00001491  _args_main                     
000014a9  _register_unlock               
000014af  _register_lock                 
000014b7  _nop                           
000014bd  Interrupt_enableMaster         
000014cd  __TI_decompress_none           
000014db  Reset_Handler                  
000014e7  ADC14_IRQHandler               
000014e7  AES256_IRQHandler              
000014e7  BusFault_Handler               
000014e7  COMP_E0_IRQHandler             
000014e7  COMP_E1_IRQHandler             
000014e7  CS_IRQHandler                  
000014e7  DMA_ERR_IRQHandler             
000014e7  DMA_INT0_IRQHandler            
000014e7  DMA_INT1_IRQHandler            
000014e7  DMA_INT2_IRQHandler            
000014e7  DMA_INT3_IRQHandler            
000014e7  DebugMon_Handler               
000014e7  Default_Handler                
000014e7  EUSCIA0_IRQHandler             
000014e7  EUSCIA1_IRQHandler             
000014e7  EUSCIA2_IRQHandler             
000014e7  EUSCIA3_IRQHandler             
000014e7  EUSCIB0_IRQHandler             
000014e7  EUSCIB1_IRQHandler             
000014e7  EUSCIB2_IRQHandler             
000014e7  EUSCIB3_IRQHandler             
000014e7  FLCTL_IRQHandler               
000014e7  FPU_IRQHandler                 
000014e7  HardFault_Handler              
000014e7  MemManage_Handler              
000014e7  NMI_Handler                    
000014e7  PCM_IRQHandler                 
000014e7  PORT1_IRQHandler               
000014e7  PORT2_IRQHandler               
000014e7  PORT3_IRQHandler               
000014e7  PORT4_IRQHandler               
000014e7  PORT5_IRQHandler               
000014e7  PORT6_IRQHandler               
000014e7  PSS_IRQHandler                 
000014e7  PendSV_Handler                 
000014e7  RTC_C_IRQHandler               
000014e7  SVC_Handler                    
000014e7  SysTick_Handler                
000014e7  T32_INT1_IRQHandler            
000014e7  T32_INT2_IRQHandler            
000014e7  T32_INTC_IRQHandler            
000014e7  TA0_0_IRQHandler               
000014e7  TA1_0_IRQHandler               
000014e7  TA2_0_IRQHandler               
000014e7  TA3_0_IRQHandler               
000014e7  UsageFault_Handler             
000014e7  WDT_A_IRQHandler               
000014e9  CPU_cpsie                      
000014f5  __TI_zero_init                 
00001501  _system_pre_init               
00001505  _system_post_cinit             
00001564  __TI_Handler_Table_Base        
00001570  __TI_Handler_Table_Limit       
00001578  __TI_CINIT_Base                
00001588  __TI_CINIT_Limit               
20000000  _sys_memory                    
20000400  callback_A0                    
2000041c  callback_A1                    
20000438  callback_A2                    
20000454  callback_A3                    
20000470  cnt_A0                         
2000048c  cnt_A1                         
200004a8  cnt_A2                         
200004c4  cnt_A3                         
200004e0  cnt_trg_0                      
200004fc  cnt_trg_1                      
20000518  cnt_trg_2                      
20000534  cnt_trg_3                      
20000550  a                              
20000554  __TI_cleanup_ptr               
20000558  __TI_dtors_ptr                 
2000055c  __TI_enable_exit_profile_output
2000056c  _lock                          
20000570  _unlock                        
20000574  main_func_sp                   
20000578  SystemCoreClock                
2000fe00  __stack                        
20010000  __STACK_END                    
4000480c  WDTCTL_SYM                     
ffffffff  __TI_pprof_out_hndl            
ffffffff  __TI_prof_data_size            
ffffffff  __TI_prof_data_start           
ffffffff  __binit__                      
ffffffff  __c_args__                     
ffffffff  binit                          
UNDEFED   SHT$$INIT_ARRAY$$Base          
UNDEFED   SHT$$INIT_ARRAY$$Limit         

[155 symbols]
