******************************************************************************
                  TI ARM Linker PC v16.9.1                     
******************************************************************************
>> Linked Tue Aug 01 14:27:49 2017

OUTPUT FILE NAME:   <VOLETRON.out>
ENTRY POINT SYMBOL: "_c_int00"  address: 000017d5


MEMORY CONFIGURATION

         name            origin    length      used     unused   attr    fill
----------------------  --------  ---------  --------  --------  ----  --------
  MAIN                  00000000   00040000  00001ae0  0003e520  R  X
  INFO                  00200000   00004000  00000000  00004000  R  X
  SRAM_CODE             01000000   00010000  00000896  0000f76a  RW X
  SRAM_DATA             20000000   00010000  00000896  0000f76a  RW  


SEGMENT ALLOCATION MAP

run origin  load origin   length   init length attrs members
----------  ----------- ---------- ----------- ----- -------
00000000    00000000    00001ae0   00001ae0    r-x
  00000000    00000000    000000e4   000000e4    r-- .intvecs
  000000e4    000000e4    00001930   00001930    r-x .text
  00001a14    00001a14    00000064   00000064    r-- .const
  00001a78    00001a78    00000068   00000068    r-- .cinit
20000000    20000000    00000698   00000000    rw-
  20000000    20000000    00000400   00000000    rw- .sysmem
  20000400    20000400    00000246   00000000    rw- .bss
  20000648    20000648    00000050   00000000    rw- .data
2000fe00    2000fe00    00000200   00000000    rw-
  2000fe00    2000fe00    00000200   00000000    rw- .stack


SECTION ALLOCATION MAP

 output                                  attributes/
section   page    origin      length       input sections
--------  ----  ----------  ----------   ----------------
.intvecs   0    00000000    000000e4     
                  00000000    000000e4     startup_msp432p401r_ccs.obj (.intvecs:retain)

.binit     0    00000000    00000000     

.text      0    000000e4    00001930     
                  000000e4    00000ac4     timer.obj (.text)
                  00000ba8    0000032c     system_msp432p401r.obj (.text)
                  00000ed4    000002f0     debounce.obj (.text)
                  000011c4    000001e8     main.obj (.text)
                  000013ac    000000e0     beambreak.obj (.text)
                  0000148c    0000009c     rtsv7M4_T_le_v4SPD16_eabi.lib : memcpy_t2.obj (.text)
                  00001528    00000094     msp432p4xx_driverlib.lib : uart.o (.text:UART_initModule)
                  000015bc    0000007a     rtsv7M4_T_le_v4SPD16_eabi.lib : memset_t2.obj (.text)
                  00001636    00000002                                   : mpu_init.obj (.text)
                  00001638    00000070                                   : autoinit.obj (.text)
                  000016a8    00000068                                   : copy_decompress_lzss.obj (.text:decompress:lzss)
                  00001710    00000064     msp432p4xx_driverlib.lib : interrupt.o (.text:Interrupt_enableInterrupt)
                  00001774    00000060     custom_uart.obj (.text)
                  000017d4    00000054     rtsv7M4_T_le_v4SPD16_eabi.lib : boot.obj (.text)
                  00001828    00000054                                   : exit.obj (.text)
                  0000187c    0000004c                                   : cpy_tbl.obj (.text)
                  000018c8    00000048     msp432p4xx_driverlib.lib : gpio.o (.text:GPIO_setAsPeripheralModuleFunctionInputPin)
                  00001910    00000024                              : cs.o (.text:CS_setDCOCenteredFrequency)
                  00001934    00000024                              : uart.o (.text:UART_transmitData)
                  00001958    00000018                              : gpio.o (.text:GPIO_getInputPinValue)
                  00001970    00000018     rtsv7M4_T_le_v4SPD16_eabi.lib : args_main.obj (.text)
                  00001988    00000016     msp432p4xx_driverlib.lib : uart.o (.text:UART_enableInterrupt)
                  0000199e    00000002     rtsv7M4_T_le_v4SPD16_eabi.lib : startup.obj (.text)
                  000019a0    00000014                                   : _lock.obj (.text)
                  000019b4    00000010     msp432p4xx_driverlib.lib : interrupt.o (.text:Interrupt_enableMaster)
                  000019c4    0000000e     rtsv7M4_T_le_v4SPD16_eabi.lib : copy_decompress_none.obj (.text:decompress:none)
                  000019d2    0000000e     startup_msp432p401r_ccs.obj (.text)
                  000019e0    0000000c     msp432p4xx_driverlib.lib : cpu.o (.text:CPU_cpsie)
                  000019ec    0000000c                              : uart.o (.text:UART_disableModule)
                  000019f8    0000000c                              : uart.o (.text:UART_enableModule)
                  00001a04    0000000c     rtsv7M4_T_le_v4SPD16_eabi.lib : copy_zero_init.obj (.text:decompress:ZI)
                  00001a10    00000004                                   : pre_init.obj (.text)

.const     0    00001a14    00000064     
                  00001a14    00000040     msp432p4xx_driverlib.lib : interrupt.o (.const)
                  00001a54    00000024     custom_uart.obj (.const:$P$T0$1)

.cinit     0    00001a78    00000068     
                  00001a78    0000003d     (.cinit..data.load) [load image, compression = lzss]
                  00001ab5    00000003     --HOLE-- [fill = 0]
                  00001ab8    0000000c     (__TI_handler_table)
                  00001ac4    00000004     --HOLE-- [fill = 0]
                  00001ac8    00000008     (.cinit..bss.load) [load image, compression = zero_init]
                  00001ad0    00000010     (__TI_cinit_table)

.init_array 
*          0    00000000    00000000     UNINITIALIZED

.sysmem    0    20000000    00000400     UNINITIALIZED
                  20000000    00000008     rtsv7M4_T_le_v4SPD16_eabi.lib : memory.obj (.sysmem)
                  20000008    000003f8     --HOLE--

.bss       0    20000400    00000246     UNINITIALIZED
                  20000400    000001c0     (.common:TA)
                  200005c0    00000060     (.common:current_task_data)
                  20000620    00000010     timer.obj (.bss)
                  20000630    00000010     (.common:callback_np)
                  20000640    00000004     (.common:TA_status)
                  20000644    00000001     (.common:bbreak_flg)
                  20000645    00000001     (.common:port4_linkers)

.data      0    20000648    00000050     UNINITIALIZED
                  20000648    00000030     msp432p4xx_driverlib.lib : gpio.o (.data:GPIO_PORT_TO_BASE)
                  20000678    0000000c     rtsv7M4_T_le_v4SPD16_eabi.lib : exit.obj (.data:$O1$$)
                  20000684    00000008                                   : _lock.obj (.data:$O1$$)
                  2000068c    00000004     main.obj (.data)
                  20000690    00000004     rtsv7M4_T_le_v4SPD16_eabi.lib : stkdepth_vars.obj (.data)
                  20000694    00000004     system_msp432p401r.obj (.data)

.stack     0    2000fe00    00000200     UNINITIALIZED
                  2000fe00    00000200     --HOLE--

MODULE SUMMARY

       Module                        code   ro data   rw data
       ------                        ----   -------   -------
    .\
       system_msp432p401r.obj        812    0         8      
       main.obj                      488    0         8      
       startup_msp432p401r_ccs.obj   14     228       0      
    +--+-----------------------------+------+---------+---------+
       Total:                        1314   228       16     
                                                             
    .\voles\
       timer.obj                     2756   0         936    
       debounce.obj                  752    0         194    
       beambreak.obj                 224    0         34     
       custom_uart.obj               96     36        0      
    +--+-----------------------------+------+---------+---------+
       Total:                        3828   36        1164   
                                                             
    ../msp432p4xx_driverlib.lib
       uart.o                        230    0         0      
       gpio.o                        96     0         96     
       interrupt.o                   116    64        0      
       cs.o                          36     0         0      
       cpu.o                         12     0         0      
    +--+-----------------------------+------+---------+---------+
       Total:                        490    64        96     
                                                             
    C:\ti\ccsv7\tools\compiler\ti-cgt-arm_16.9.1.LTS\lib\rtsv7M4_T_le_v4SPD16_eabi.lib
       memcpy_t2.obj                 156    0         0      
       memset_t2.obj                 122    0         0      
       autoinit.obj                  112    0         0      
       exit.obj                      84     0         24     
       copy_decompress_lzss.obj      104    0         0      
       boot.obj                      84     0         0      
       cpy_tbl.obj                   76     0         0      
       _lock.obj                     20     0         16     
       args_main.obj                 24     0         0      
       copy_decompress_none.obj      14     0         0      
       copy_zero_init.obj            12     0         0      
       stkdepth_vars.obj             0      0         8      
       pre_init.obj                  4      0         0      
       mpu_init.obj                  2      0         0      
       startup.obj                   2      0         0      
    +--+-----------------------------+------+---------+---------+
       Total:                        816    0         48     
                                                             
       Heap:                         0      0         2048   
       Stack:                        0      0         1024   
       Linker Generated:             0      97        0      
    +--+-----------------------------+------+---------+---------+
       Grand Total:                  6448   425       4396   


LINKER GENERATED COPY TABLES

__TI_cinit_table @ 00001ad0 records: 2, size/record: 8, table size: 16
	.data: load addr=00001a78, load size=0000003d bytes, run addr=20000648, run size=00000050 bytes, compression=lzss
	.bss: load addr=00001ac8, load size=00000008 bytes, run addr=20000400, run size=00000246 bytes, compression=zero_init


LINKER GENERATED HANDLER TABLE

__TI_handler_table @ 00001ab8 records: 3, size/record: 4, table size: 12
	index: 0, handler: __TI_decompress_lzss
	index: 1, handler: __TI_decompress_none
	index: 2, handler: __TI_zero_init


GLOBAL SYMBOLS: SORTED ALPHABETICALLY BY Name 

address   name                                      
-------   ----                                      
000019df  ADC14_IRQHandler                          
000019df  AES256_IRQHandler                         
00001449  BBREAK_check                              
00001403  BBREAK_debounce                           
000013ad  BBREAK_init                               
000019df  BusFault_Handler                          
00001829  C$$EXIT                                   
000019df  COMP_E0_IRQHandler                        
000019df  COMP_E1_IRQHandler                        
000019e1  CPU_cpsie                                 
000019df  CS_IRQHandler                             
00001911  CS_setDCOCenteredFrequency                
00000f07  DEBOUNCE_callback                         
00000ed5  DEBOUNCE_clear_data                       
000010cd  DEBOUNCE_repeater                         
00001007  DEBOUNCE_request                          
000019df  DMA_ERR_IRQHandler                        
000019df  DMA_INT0_IRQHandler                       
000019df  DMA_INT1_IRQHandler                       
000019df  DMA_INT2_IRQHandler                       
000019df  DMA_INT3_IRQHandler                       
000019df  DebugMon_Handler                          
000019df  Default_Handler                           
0000124d  EUSCIA0_IRQHandler                        
0000124d  EUSCIA0_IRQHandler                        
000019df  EUSCIA1_IRQHandler                        
000019df  EUSCIA2_IRQHandler                        
000019df  EUSCIA3_IRQHandler                        
000019df  EUSCIB0_IRQHandler                        
000019df  EUSCIB1_IRQHandler                        
000019df  EUSCIB2_IRQHandler                        
000019df  EUSCIB3_IRQHandler                        
000019df  FLCTL_IRQHandler                          
000019df  FPU_IRQHandler                            
00001959  GPIO_getInputPinValue                     
000018c9  GPIO_setAsPeripheralModuleFunctionInputPin
000019df  HardFault_Handler                         
00001711  Interrupt_enableInterrupt                 
000019b5  Interrupt_enableMaster                    
000019df  MemManage_Handler                         
000019df  NMI_Handler                               
000019df  PCM_IRQHandler                            
0000129d  PORT1_IRQHandler                          
0000129d  PORT1_IRQHandler                          
00001331  PORT2_IRQHandler                          
00001331  PORT2_IRQHandler                          
000019df  PORT3_IRQHandler                          
00001459  PORT4_IRQHandler                          
00001459  PORT4_IRQHandler                          
000019df  PORT5_IRQHandler                          
000019df  PORT6_IRQHandler                          
000019df  PSS_IRQHandler                            
000019df  PendSV_Handler                            
000019df  RTC_C_IRQHandler                          
000019d3  Reset_Handler                             
UNDEFED   SHT$$INIT_ARRAY$$Base                     
UNDEFED   SHT$$INIT_ARRAY$$Limit                    
000019df  SVC_Handler                               
000019df  SysTick_Handler                           
20000694  SystemCoreClock                           
00000ba9  SystemCoreClockUpdate                     
00000e1d  SystemInit                                
000019df  T32_INT1_IRQHandler                       
000019df  T32_INT2_IRQHandler                       
000019df  T32_INTC_IRQHandler                       
20000400  TA                                        
000019df  TA0_0_IRQHandler                          
0000097d  TA0_N_IRQHandler                          
0000097d  TA0_N_IRQHandler                          
000019df  TA1_0_IRQHandler                          
000008e5  TA1_N_IRQHandler                          
000008e5  TA1_N_IRQHandler                          
000019df  TA2_0_IRQHandler                          
00000a17  TA2_N_IRQHandler                          
00000a17  TA2_N_IRQHandler                          
000019df  TA3_0_IRQHandler                          
00000aaf  TA3_N_IRQHandler                          
00000aaf  TA3_N_IRQHandler                          
20000640  TA_status                                 
00000569  TIMER_begin                               
00000307  TIMER_calculate_deviders_l                
000002b5  TIMER_calculate_deviders_s                
000008db  TIMER_callback_default                    
000001e7  TIMER_config                              
00000333  TIMER_config_ccr_raw_cnt                  
00000829  TIMER_config_cnt_raw                      
00000167  TIMER_config_l                            
000000e5  TIMER_config_raw                          
0000087b  TIMER_init                                
00000805  TIMER_kill                                
000005fd  TIMER_kill_raw                            
000003c1  TIMER_load_devider                        
000005b5  TIMER_pause                               
00000769  TIMER_request                             
000006b7  TIMER_reset_raw                           
0000070d  TIMER_set_callback                        
000019ed  UART_disableModule                        
00001989  UART_enableInterrupt                      
000019f9  UART_enableModule                         
00001775  UART_init                                 
00001529  UART_initModule                           
00001935  UART_transmitData                         
000019df  UsageFault_Handler                        
4000480c  WDTCTL_SYM                                
000019df  WDT_A_IRQHandler                          
20010000  __STACK_END                               
00000200  __STACK_SIZE                              
00000400  __SYSMEM_SIZE                             
00001ad0  __TI_CINIT_Base                           
00001ae0  __TI_CINIT_Limit                          
00001ab8  __TI_Handler_Table_Base                   
00001ac4  __TI_Handler_Table_Limit                  
00001639  __TI_auto_init                            
20000678  __TI_cleanup_ptr                          
000016a9  __TI_decompress_lzss                      
000019c5  __TI_decompress_none                      
2000067c  __TI_dtors_ptr                            
20000680  __TI_enable_exit_profile_output           
ffffffff  __TI_pprof_out_hndl                       
ffffffff  __TI_prof_data_size                       
ffffffff  __TI_prof_data_start                      
00000000  __TI_static_base__                        
00001a05  __TI_zero_init                            
000015bd  __aeabi_memclr                            
000015bd  __aeabi_memclr4                           
000015bd  __aeabi_memclr8                           
0000148d  __aeabi_memcpy                            
0000148d  __aeabi_memcpy4                           
0000148d  __aeabi_memcpy8                           
000015bf  __aeabi_memset                            
000015bf  __aeabi_memset4                           
000015bf  __aeabi_memset8                           
ffffffff  __binit__                                 
ffffffff  __c_args__                                
00001637  __mpu_init                                
2000fe00  __stack                                   
00001971  _args_main                                
000017d5  _c_int00                                  
20000684  _lock                                     
000019af  _nop                                      
000019a7  _register_lock                            
000019a1  _register_unlock                          
20000000  _sys_memory                               
0000199f  _system_post_cinit                        
00001a11  _system_pre_init                          
20000688  _unlock                                   
0000182d  abort                                     
20000644  bbreak_flg                                
ffffffff  binit                                     
20000630  callback_np                               
0000187d  copy_in                                   
200005c0  current_task_data                         
00001835  exit                                      
00000000  interruptVectors                          
2000068c  k                                         
000011c5  main                                      
20000690  main_func_sp                              
0000148d  memcpy                                    
000015c5  memset                                    
20000645  port4_linkers                             
00001263  test_callback                             
0000126f  test_callback1                            
0000127b  test_callback2                            
00001291  test_callback3                            


GLOBAL SYMBOLS: SORTED BY Symbol Address 

address   name                                      
-------   ----                                      
00000000  __TI_static_base__                        
00000000  interruptVectors                          
000000e5  TIMER_config_raw                          
00000167  TIMER_config_l                            
000001e7  TIMER_config                              
00000200  __STACK_SIZE                              
000002b5  TIMER_calculate_deviders_s                
00000307  TIMER_calculate_deviders_l                
00000333  TIMER_config_ccr_raw_cnt                  
000003c1  TIMER_load_devider                        
00000400  __SYSMEM_SIZE                             
00000569  TIMER_begin                               
000005b5  TIMER_pause                               
000005fd  TIMER_kill_raw                            
000006b7  TIMER_reset_raw                           
0000070d  TIMER_set_callback                        
00000769  TIMER_request                             
00000805  TIMER_kill                                
00000829  TIMER_config_cnt_raw                      
0000087b  TIMER_init                                
000008db  TIMER_callback_default                    
000008e5  TA1_N_IRQHandler                          
000008e5  TA1_N_IRQHandler                          
0000097d  TA0_N_IRQHandler                          
0000097d  TA0_N_IRQHandler                          
00000a17  TA2_N_IRQHandler                          
00000a17  TA2_N_IRQHandler                          
00000aaf  TA3_N_IRQHandler                          
00000aaf  TA3_N_IRQHandler                          
00000ba9  SystemCoreClockUpdate                     
00000e1d  SystemInit                                
00000ed5  DEBOUNCE_clear_data                       
00000f07  DEBOUNCE_callback                         
00001007  DEBOUNCE_request                          
000010cd  DEBOUNCE_repeater                         
000011c5  main                                      
0000124d  EUSCIA0_IRQHandler                        
0000124d  EUSCIA0_IRQHandler                        
00001263  test_callback                             
0000126f  test_callback1                            
0000127b  test_callback2                            
00001291  test_callback3                            
0000129d  PORT1_IRQHandler                          
0000129d  PORT1_IRQHandler                          
00001331  PORT2_IRQHandler                          
00001331  PORT2_IRQHandler                          
000013ad  BBREAK_init                               
00001403  BBREAK_debounce                           
00001449  BBREAK_check                              
00001459  PORT4_IRQHandler                          
00001459  PORT4_IRQHandler                          
0000148d  __aeabi_memcpy                            
0000148d  __aeabi_memcpy4                           
0000148d  __aeabi_memcpy8                           
0000148d  memcpy                                    
00001529  UART_initModule                           
000015bd  __aeabi_memclr                            
000015bd  __aeabi_memclr4                           
000015bd  __aeabi_memclr8                           
000015bf  __aeabi_memset                            
000015bf  __aeabi_memset4                           
000015bf  __aeabi_memset8                           
000015c5  memset                                    
00001637  __mpu_init                                
00001639  __TI_auto_init                            
000016a9  __TI_decompress_lzss                      
00001711  Interrupt_enableInterrupt                 
00001775  UART_init                                 
000017d5  _c_int00                                  
00001829  C$$EXIT                                   
0000182d  abort                                     
00001835  exit                                      
0000187d  copy_in                                   
000018c9  GPIO_setAsPeripheralModuleFunctionInputPin
00001911  CS_setDCOCenteredFrequency                
00001935  UART_transmitData                         
00001959  GPIO_getInputPinValue                     
00001971  _args_main                                
00001989  UART_enableInterrupt                      
0000199f  _system_post_cinit                        
000019a1  _register_unlock                          
000019a7  _register_lock                            
000019af  _nop                                      
000019b5  Interrupt_enableMaster                    
000019c5  __TI_decompress_none                      
000019d3  Reset_Handler                             
000019df  ADC14_IRQHandler                          
000019df  AES256_IRQHandler                         
000019df  BusFault_Handler                          
000019df  COMP_E0_IRQHandler                        
000019df  COMP_E1_IRQHandler                        
000019df  CS_IRQHandler                             
000019df  DMA_ERR_IRQHandler                        
000019df  DMA_INT0_IRQHandler                       
000019df  DMA_INT1_IRQHandler                       
000019df  DMA_INT2_IRQHandler                       
000019df  DMA_INT3_IRQHandler                       
000019df  DebugMon_Handler                          
000019df  Default_Handler                           
000019df  EUSCIA1_IRQHandler                        
000019df  EUSCIA2_IRQHandler                        
000019df  EUSCIA3_IRQHandler                        
000019df  EUSCIB0_IRQHandler                        
000019df  EUSCIB1_IRQHandler                        
000019df  EUSCIB2_IRQHandler                        
000019df  EUSCIB3_IRQHandler                        
000019df  FLCTL_IRQHandler                          
000019df  FPU_IRQHandler                            
000019df  HardFault_Handler                         
000019df  MemManage_Handler                         
000019df  NMI_Handler                               
000019df  PCM_IRQHandler                            
000019df  PORT3_IRQHandler                          
000019df  PORT5_IRQHandler                          
000019df  PORT6_IRQHandler                          
000019df  PSS_IRQHandler                            
000019df  PendSV_Handler                            
000019df  RTC_C_IRQHandler                          
000019df  SVC_Handler                               
000019df  SysTick_Handler                           
000019df  T32_INT1_IRQHandler                       
000019df  T32_INT2_IRQHandler                       
000019df  T32_INTC_IRQHandler                       
000019df  TA0_0_IRQHandler                          
000019df  TA1_0_IRQHandler                          
000019df  TA2_0_IRQHandler                          
000019df  TA3_0_IRQHandler                          
000019df  UsageFault_Handler                        
000019df  WDT_A_IRQHandler                          
000019e1  CPU_cpsie                                 
000019ed  UART_disableModule                        
000019f9  UART_enableModule                         
00001a05  __TI_zero_init                            
00001a11  _system_pre_init                          
00001ab8  __TI_Handler_Table_Base                   
00001ac4  __TI_Handler_Table_Limit                  
00001ad0  __TI_CINIT_Base                           
00001ae0  __TI_CINIT_Limit                          
20000000  _sys_memory                               
20000400  TA                                        
200005c0  current_task_data                         
20000630  callback_np                               
20000640  TA_status                                 
20000644  bbreak_flg                                
20000645  port4_linkers                             
20000678  __TI_cleanup_ptr                          
2000067c  __TI_dtors_ptr                            
20000680  __TI_enable_exit_profile_output           
20000684  _lock                                     
20000688  _unlock                                   
2000068c  k                                         
20000690  main_func_sp                              
20000694  SystemCoreClock                           
2000fe00  __stack                                   
20010000  __STACK_END                               
4000480c  WDTCTL_SYM                                
ffffffff  __TI_pprof_out_hndl                       
ffffffff  __TI_prof_data_size                       
ffffffff  __TI_prof_data_start                      
ffffffff  __binit__                                 
ffffffff  __c_args__                                
ffffffff  binit                                     
UNDEFED   SHT$$INIT_ARRAY$$Base                     
UNDEFED   SHT$$INIT_ARRAY$$Limit                    

[164 symbols]
