******************************************************************************
                  TI ARM Linker PC v16.9.1                     
******************************************************************************
>> Linked Fri Jul 14 15:07:44 2017

OUTPUT FILE NAME:   <VOLETRON.out>
ENTRY POINT SYMBOL: "_c_int00"  address: 00001061


MEMORY CONFIGURATION

         name            origin    length      used     unused   attr    fill
----------------------  --------  ---------  --------  --------  ----  --------
  MAIN                  00000000   00040000  0000126c  0003ed94  R  X
  INFO                  00200000   00004000  00000000  00004000  R  X
  SRAM_CODE             01000000   00010000  0000031d  0000fce3  RW X
  SRAM_DATA             20000000   00010000  0000031d  0000fce3  RW  


SEGMENT ALLOCATION MAP

run origin  load origin   length   init length attrs members
----------  ----------- ---------- ----------- ----- -------
00000000    00000000    00001270   00001270    r-x
  00000000    00000000    000000e4   000000e4    r-- .intvecs
  000000e4    000000e4    00001108   00001108    r-x .text
  000011ec    000011ec    00000040   00000040    r-- .const
  00001230    00001230    00000040   00000040    r-- .cinit
20000000    20000000    00000120   00000000    rw-
  20000000    20000000    00000101   00000000    rw- .bss
  20000104    20000104    0000001c   00000000    rw- .data
2000fe00    2000fe00    00000200   00000000    rw-
  2000fe00    2000fe00    00000200   00000000    rw- .stack


SECTION ALLOCATION MAP

 output                                  attributes/
section   page    origin      length       input sections
--------  ----  ----------  ----------   ----------------
.intvecs   0    00000000    000000e4     
                  00000000    000000e4     startup_msp432p401r_ccs.obj (.intvecs:retain)

.binit     0    00000000    00000000     

.text      0    000000e4    00001108     
                  000000e4    00000538     timer.obj (.text)
                  0000061c    0000032c     system_msp432p401r.obj (.text)
                  00000948    000001b6     rtsv7M4_T_le_v4SPD16_eabi.lib : fd_add_t2.obj (.text)
                  00000afe    00000136                                   : fd_div_t2.obj (.text)
                  00000c34    000000f8                                   : s_floor.obj (.text)
                  00000d2c    0000009c                                   : memcpy_t2.obj (.text)
                  00000dc8    00000086                                   : fd_cmp_t2.obj (.text:__aeabi_cdrcmple)
                  00000e4e    0000007a                                   : memset_t2.obj (.text)
                  00000ec8    00000070                                   : autoinit.obj (.text)
                  00000f38    00000068                                   : copy_decompress_lzss.obj (.text:decompress:lzss)
                  00000fa0    00000064     msp432p4xx_driverlib.lib : interrupt.o (.text:Interrupt_enableInterrupt)
                  00001004    0000005c     main.obj (.text)
                  00001060    00000054     rtsv7M4_T_le_v4SPD16_eabi.lib : boot.obj (.text)
                  000010b4    00000054                                   : exit.obj (.text)
                  00001108    0000004c                                   : cpy_tbl.obj (.text)
                  00001154    00000020                                   : u_tofd_t2.obj (.text)
                  00001174    00000018                                   : args_main.obj (.text)
                  0000118c    00000014                                   : _lock.obj (.text)
                  000011a0    00000010     msp432p4xx_driverlib.lib : interrupt.o (.text:Interrupt_enableMaster)
                  000011b0    0000000e     rtsv7M4_T_le_v4SPD16_eabi.lib : copy_decompress_none.obj (.text:decompress:none)
                  000011be    0000000e     startup_msp432p401r_ccs.obj (.text)
                  000011cc    0000000c     msp432p4xx_driverlib.lib : cpu.o (.text:CPU_cpsie)
                  000011d8    0000000c     rtsv7M4_T_le_v4SPD16_eabi.lib : copy_zero_init.obj (.text:decompress:ZI)
                  000011e4    00000004                                   : pre_init.obj (.text)
                  000011e8    00000002                                   : mpu_init.obj (.text)
                  000011ea    00000002                                   : startup.obj (.text)

.const     0    000011ec    00000040     
                  000011ec    00000040     msp432p4xx_driverlib.lib : interrupt.o (.const)

.cinit     0    00001230    00000040     
                  00001230    00000015     (.cinit..data.load) [load image, compression = lzss]
                  00001245    00000003     --HOLE-- [fill = 0]
                  00001248    0000000c     (__TI_handler_table)
                  00001254    00000004     --HOLE-- [fill = 0]
                  00001258    00000008     (.cinit..bss.load) [load image, compression = zero_init]
                  00001260    00000010     (__TI_cinit_table)

.init_array 
*          0    00000000    00000000     UNINITIALIZED

.bss       0    20000000    00000101     UNINITIALIZED
                  20000000    0000001c     (.common:callback_A0)
                  2000001c    0000001c     (.common:callback_A1)
                  20000038    0000001c     (.common:callback_A2)
                  20000054    0000001c     (.common:callback_A3)
                  20000070    0000001c     (.common:cnt_A1)
                  2000008c    0000001c     (.common:cnt_trg_0)
                  200000a8    0000001c     (.common:cnt_trg_1)
                  200000c4    0000001c     (.common:cnt_trg_2)
                  200000e0    0000001c     (.common:cnt_trg_3)
                  200000fc    00000004     (.common:a)
                  20000100    00000001     (.common:b)

.data      0    20000104    0000001c     UNINITIALIZED
                  20000104    0000000c     rtsv7M4_T_le_v4SPD16_eabi.lib : exit.obj (.data:$O1$$)
                  20000110    00000008                                   : _lock.obj (.data:$O1$$)
                  20000118    00000004                                   : stkdepth_vars.obj (.data)
                  2000011c    00000004     system_msp432p401r.obj (.data)

.stack     0    2000fe00    00000200     UNINITIALIZED
                  2000fe00    00000200     --HOLE--

MODULE SUMMARY

       Module                        code   ro data   rw data
       ------                        ----   -------   -------
    .\
       system_msp432p401r.obj        812    0         8      
       startup_msp432p401r_ccs.obj   14     228       0      
       main.obj                      92     0         10     
    +--+-----------------------------+------+---------+---------+
       Total:                        918    228       18     
                                                             
    .\voles\
       timer.obj                     1336   0         504    
    +--+-----------------------------+------+---------+---------+
       Total:                        1336   0         504    
                                                             
    ../msp432p4xx_driverlib.lib
       interrupt.o                   116    64        0      
       cpu.o                         12     0         0      
    +--+-----------------------------+------+---------+---------+
       Total:                        128    64        0      
                                                             
    C:\ti\ccsv7\tools\compiler\ti-cgt-arm_16.9.1.LTS\lib\rtsv7M4_T_le_v4SPD16_eabi.lib
       fd_add_t2.obj                 438    0         0      
       fd_div_t2.obj                 310    0         0      
       s_floor.obj                   248    0         0      
       memcpy_t2.obj                 156    0         0      
       fd_cmp_t2.obj                 134    0         0      
       memset_t2.obj                 122    0         0      
       autoinit.obj                  112    0         0      
       exit.obj                      84     0         24     
       copy_decompress_lzss.obj      104    0         0      
       boot.obj                      84     0         0      
       cpy_tbl.obj                   76     0         0      
       _lock.obj                     20     0         16     
       u_tofd_t2.obj                 32     0         0      
       args_main.obj                 24     0         0      
       copy_decompress_none.obj      14     0         0      
       copy_zero_init.obj            12     0         0      
       stkdepth_vars.obj             0      0         8      
       pre_init.obj                  4      0         0      
       mpu_init.obj                  2      0         0      
       startup.obj                   2      0         0      
    +--+-----------------------------+------+---------+---------+
       Total:                        1978   0         48     
                                                             
       Stack:                        0      0         1024   
       Linker Generated:             0      57        0      
    +--+-----------------------------+------+---------+---------+
       Grand Total:                  4360   349       1594   


LINKER GENERATED COPY TABLES

__TI_cinit_table @ 00001260 records: 2, size/record: 8, table size: 16
	.data: load addr=00001230, load size=00000015 bytes, run addr=20000104, run size=0000001c bytes, compression=lzss
	.bss: load addr=00001258, load size=00000008 bytes, run addr=20000000, run size=00000101 bytes, compression=zero_init


LINKER GENERATED HANDLER TABLE

__TI_handler_table @ 00001248 records: 3, size/record: 4, table size: 12
	index: 0, handler: __TI_decompress_lzss
	index: 1, handler: __TI_decompress_none
	index: 2, handler: __TI_zero_init


GLOBAL SYMBOLS: SORTED ALPHABETICALLY BY Name 

address   name                           
-------   ----                           
000011cb  ADC14_IRQHandler               
000011cb  AES256_IRQHandler              
000011cb  BusFault_Handler               
000010b5  C$$EXIT                        
000011cb  COMP_E0_IRQHandler             
000011cb  COMP_E1_IRQHandler             
000011cd  CPU_cpsie                      
000011cb  CS_IRQHandler                  
000011cb  DMA_ERR_IRQHandler             
000011cb  DMA_INT0_IRQHandler            
000011cb  DMA_INT1_IRQHandler            
000011cb  DMA_INT2_IRQHandler            
000011cb  DMA_INT3_IRQHandler            
000011cb  DebugMon_Handler               
000011cb  Default_Handler                
000011cb  EUSCIA0_IRQHandler             
000011cb  EUSCIA1_IRQHandler             
000011cb  EUSCIA2_IRQHandler             
000011cb  EUSCIA3_IRQHandler             
000011cb  EUSCIB0_IRQHandler             
000011cb  EUSCIB1_IRQHandler             
000011cb  EUSCIB2_IRQHandler             
000011cb  EUSCIB3_IRQHandler             
000011cb  FLCTL_IRQHandler               
000011cb  FPU_IRQHandler                 
000011cb  HardFault_Handler              
00000fa1  Interrupt_enableInterrupt      
000011a1  Interrupt_enableMaster         
000011cb  MemManage_Handler              
000011cb  NMI_Handler                    
000011cb  PCM_IRQHandler                 
000011cb  PORT1_IRQHandler               
000011cb  PORT2_IRQHandler               
000011cb  PORT3_IRQHandler               
000011cb  PORT4_IRQHandler               
000011cb  PORT5_IRQHandler               
000011cb  PORT6_IRQHandler               
000011cb  PSS_IRQHandler                 
000011cb  PendSV_Handler                 
000011cb  RTC_C_IRQHandler               
000011bf  Reset_Handler                  
UNDEFED   SHT$$INIT_ARRAY$$Base          
UNDEFED   SHT$$INIT_ARRAY$$Limit         
000011cb  SVC_Handler                    
000011cb  SysTick_Handler                
2000011c  SystemCoreClock                
0000061d  SystemCoreClockUpdate          
00000891  SystemInit                     
000011cb  T32_INT1_IRQHandler            
000011cb  T32_INT2_IRQHandler            
000011cb  T32_INTC_IRQHandler            
000011cb  TA0_0_IRQHandler               
000011cb  TA0_N_IRQHandler               
000011cb  TA1_0_IRQHandler               
00000557  TA1_N_IRQHandler               
00000557  TA1_N_IRQHandler               
000011cb  TA2_0_IRQHandler               
000011cb  TA2_N_IRQHandler               
000011cb  TA3_0_IRQHandler               
000011cb  TA3_N_IRQHandler               
00000363  TIMER_begin                    
000001c5  TIMER_calculate_deviders_l     
000001bb  TIMER_calculate_deviders_s     
00000157  TIMER_config                   
000001e3  TIMER_config_ccr_raw           
000004d7  TIMER_config_cnt_raw           
000000e5  TIMER_config_raw               
000004c9  TIMER_kill                     
00000249  TIMER_load_devider             
000003a7  TIMER_pause                    
000004a1  TIMER_request                  
000004af  TIMER_request_repeat           
000003e7  TIMER_reset_raw                
000003fd  TIMER_set_callback             
000011cb  UsageFault_Handler             
4000480c  WDTCTL_SYM                     
000011cb  WDT_A_IRQHandler               
20010000  __STACK_END                    
00000200  __STACK_SIZE                   
00001260  __TI_CINIT_Base                
00001270  __TI_CINIT_Limit               
00001248  __TI_Handler_Table_Base        
00001254  __TI_Handler_Table_Limit       
00000ec9  __TI_auto_init                 
20000104  __TI_cleanup_ptr               
00000f39  __TI_decompress_lzss           
000011b1  __TI_decompress_none           
20000108  __TI_dtors_ptr                 
2000010c  __TI_enable_exit_profile_output
ffffffff  __TI_pprof_out_hndl            
ffffffff  __TI_prof_data_size            
ffffffff  __TI_prof_data_start           
00000000  __TI_static_base__             
000011d9  __TI_zero_init                 
00000dc9  __aeabi_cdrcmple               
00000953  __aeabi_dadd                   
00000aff  __aeabi_ddiv                   
00000949  __aeabi_dsub                   
00000e4f  __aeabi_memclr                 
00000e4f  __aeabi_memclr4                
00000e4f  __aeabi_memclr8                
00000d2d  __aeabi_memcpy                 
00000d2d  __aeabi_memcpy4                
00000d2d  __aeabi_memcpy8                
00000e51  __aeabi_memset                 
00000e51  __aeabi_memset4                
00000e51  __aeabi_memset8                
00001155  __aeabi_ui2d                   
ffffffff  __binit__                      
ffffffff  __c_args__                     
000011e9  __mpu_init                     
2000fe00  __stack                        
00001175  _args_main                     
00001061  _c_int00                       
20000110  _lock                          
0000119b  _nop                           
00001193  _register_lock                 
0000118d  _register_unlock               
000011eb  _system_post_cinit             
000011e5  _system_pre_init               
20000114  _unlock                        
200000fc  a                              
000010b9  abort                          
20000100  b                              
ffffffff  binit                          
20000000  callback_A0                    
2000001c  callback_A1                    
20000038  callback_A2                    
20000054  callback_A3                    
20000070  cnt_A1                         
2000008c  cnt_trg_0                      
200000a8  cnt_trg_1                      
200000c4  cnt_trg_2                      
200000e0  cnt_trg_3                      
00001109  copy_in                        
000010c1  exit                           
00000c35  floor                          
00000c35  floorl                         
00000000  interruptVectors               
00001005  main                           
20000118  main_func_sp                   
00000d2d  memcpy                         
00000e57  memset                         
00001041  test_callback                  


GLOBAL SYMBOLS: SORTED BY Symbol Address 

address   name                           
-------   ----                           
00000000  __TI_static_base__             
00000000  interruptVectors               
000000e5  TIMER_config_raw               
00000157  TIMER_config                   
000001bb  TIMER_calculate_deviders_s     
000001c5  TIMER_calculate_deviders_l     
000001e3  TIMER_config_ccr_raw           
00000200  __STACK_SIZE                   
00000249  TIMER_load_devider             
00000363  TIMER_begin                    
000003a7  TIMER_pause                    
000003e7  TIMER_reset_raw                
000003fd  TIMER_set_callback             
000004a1  TIMER_request                  
000004af  TIMER_request_repeat           
000004c9  TIMER_kill                     
000004d7  TIMER_config_cnt_raw           
00000557  TA1_N_IRQHandler               
00000557  TA1_N_IRQHandler               
0000061d  SystemCoreClockUpdate          
00000891  SystemInit                     
00000949  __aeabi_dsub                   
00000953  __aeabi_dadd                   
00000aff  __aeabi_ddiv                   
00000c35  floor                          
00000c35  floorl                         
00000d2d  __aeabi_memcpy                 
00000d2d  __aeabi_memcpy4                
00000d2d  __aeabi_memcpy8                
00000d2d  memcpy                         
00000dc9  __aeabi_cdrcmple               
00000e4f  __aeabi_memclr                 
00000e4f  __aeabi_memclr4                
00000e4f  __aeabi_memclr8                
00000e51  __aeabi_memset                 
00000e51  __aeabi_memset4                
00000e51  __aeabi_memset8                
00000e57  memset                         
00000ec9  __TI_auto_init                 
00000f39  __TI_decompress_lzss           
00000fa1  Interrupt_enableInterrupt      
00001005  main                           
00001041  test_callback                  
00001061  _c_int00                       
000010b5  C$$EXIT                        
000010b9  abort                          
000010c1  exit                           
00001109  copy_in                        
00001155  __aeabi_ui2d                   
00001175  _args_main                     
0000118d  _register_unlock               
00001193  _register_lock                 
0000119b  _nop                           
000011a1  Interrupt_enableMaster         
000011b1  __TI_decompress_none           
000011bf  Reset_Handler                  
000011cb  ADC14_IRQHandler               
000011cb  AES256_IRQHandler              
000011cb  BusFault_Handler               
000011cb  COMP_E0_IRQHandler             
000011cb  COMP_E1_IRQHandler             
000011cb  CS_IRQHandler                  
000011cb  DMA_ERR_IRQHandler             
000011cb  DMA_INT0_IRQHandler            
000011cb  DMA_INT1_IRQHandler            
000011cb  DMA_INT2_IRQHandler            
000011cb  DMA_INT3_IRQHandler            
000011cb  DebugMon_Handler               
000011cb  Default_Handler                
000011cb  EUSCIA0_IRQHandler             
000011cb  EUSCIA1_IRQHandler             
000011cb  EUSCIA2_IRQHandler             
000011cb  EUSCIA3_IRQHandler             
000011cb  EUSCIB0_IRQHandler             
000011cb  EUSCIB1_IRQHandler             
000011cb  EUSCIB2_IRQHandler             
000011cb  EUSCIB3_IRQHandler             
000011cb  FLCTL_IRQHandler               
000011cb  FPU_IRQHandler                 
000011cb  HardFault_Handler              
000011cb  MemManage_Handler              
000011cb  NMI_Handler                    
000011cb  PCM_IRQHandler                 
000011cb  PORT1_IRQHandler               
000011cb  PORT2_IRQHandler               
000011cb  PORT3_IRQHandler               
000011cb  PORT4_IRQHandler               
000011cb  PORT5_IRQHandler               
000011cb  PORT6_IRQHandler               
000011cb  PSS_IRQHandler                 
000011cb  PendSV_Handler                 
000011cb  RTC_C_IRQHandler               
000011cb  SVC_Handler                    
000011cb  SysTick_Handler                
000011cb  T32_INT1_IRQHandler            
000011cb  T32_INT2_IRQHandler            
000011cb  T32_INTC_IRQHandler            
000011cb  TA0_0_IRQHandler               
000011cb  TA0_N_IRQHandler               
000011cb  TA1_0_IRQHandler               
000011cb  TA2_0_IRQHandler               
000011cb  TA2_N_IRQHandler               
000011cb  TA3_0_IRQHandler               
000011cb  TA3_N_IRQHandler               
000011cb  UsageFault_Handler             
000011cb  WDT_A_IRQHandler               
000011cd  CPU_cpsie                      
000011d9  __TI_zero_init                 
000011e5  _system_pre_init               
000011e9  __mpu_init                     
000011eb  _system_post_cinit             
00001248  __TI_Handler_Table_Base        
00001254  __TI_Handler_Table_Limit       
00001260  __TI_CINIT_Base                
00001270  __TI_CINIT_Limit               
20000000  callback_A0                    
2000001c  callback_A1                    
20000038  callback_A2                    
20000054  callback_A3                    
20000070  cnt_A1                         
2000008c  cnt_trg_0                      
200000a8  cnt_trg_1                      
200000c4  cnt_trg_2                      
200000e0  cnt_trg_3                      
200000fc  a                              
20000100  b                              
20000104  __TI_cleanup_ptr               
20000108  __TI_dtors_ptr                 
2000010c  __TI_enable_exit_profile_output
20000110  _lock                          
20000114  _unlock                        
20000118  main_func_sp                   
2000011c  SystemCoreClock                
2000fe00  __stack                        
20010000  __STACK_END                    
4000480c  WDTCTL_SYM                     
ffffffff  __TI_pprof_out_hndl            
ffffffff  __TI_prof_data_size            
ffffffff  __TI_prof_data_start           
ffffffff  __binit__                      
ffffffff  __c_args__                     
ffffffff  binit                          
UNDEFED   SHT$$INIT_ARRAY$$Base          
UNDEFED   SHT$$INIT_ARRAY$$Limit         

[144 symbols]
