******************************************************************************
                  TI ARM Linker PC v16.9.1                     
******************************************************************************
>> Linked Thu Jul 20 16:45:00 2017

OUTPUT FILE NAME:   <VOLETRON.out>
ENTRY POINT SYMBOL: "_c_int00"  address: 00000f75


MEMORY CONFIGURATION

         name            origin    length      used     unused   attr    fill
----------------------  --------  ---------  --------  --------  ----  --------
  MAIN                  00000000   00040000  0000119e  0003ee62  R  X
  INFO                  00200000   00004000  00000000  00004000  R  X
  SRAM_CODE             01000000   00010000  000007e4  0000f81c  RW X
  SRAM_DATA             20000000   00010000  000007e4  0000f81c  RW  


SEGMENT ALLOCATION MAP

run origin  load origin   length   init length attrs members
----------  ----------- ---------- ----------- ----- -------
00000000    00000000    000011a0   000011a0    r-x
  00000000    00000000    000000e4   000000e4    r-- .intvecs
  000000e4    000000e4    0000103a   0000103a    r-x .text
  00001120    00001120    00000040   00000040    r-- .const
  00001160    00001160    00000040   00000040    r-- .cinit
20000000    20000000    000005e4   00000000    rw-
  20000000    20000000    00000400   00000000    rw- .sysmem
  20000400    20000400    000001c8   00000000    rw- .bss
  200005c8    200005c8    0000001c   00000000    rw- .data
2000fe00    2000fe00    00000200   00000000    rw-
  2000fe00    2000fe00    00000200   00000000    rw- .stack


SECTION ALLOCATION MAP

 output                                  attributes/
section   page    origin      length       input sections
--------  ----  ----------  ----------   ----------------
.intvecs   0    00000000    000000e4     
                  00000000    000000e4     startup_msp432p401r_ccs.obj (.intvecs:retain)

.binit     0    00000000    00000000     

.text      0    000000e4    0000103a     
                  000000e4    00000910     timer.obj (.text)
                  000009f4    0000032c     system_msp432p401r.obj (.text)
                  00000d20    0000009c     rtsv7M4_T_le_v4SPD16_eabi.lib : memcpy_t2.obj (.text)
                  00000dbc    0000007a                                   : memset_t2.obj (.text)
                  00000e36    00000002                                   : mpu_init.obj (.text)
                  00000e38    00000070                                   : autoinit.obj (.text)
                  00000ea8    00000068                                   : copy_decompress_lzss.obj (.text:decompress:lzss)
                  00000f10    00000064     msp432p4xx_driverlib.lib : interrupt.o (.text:Interrupt_enableInterrupt)
                  00000f74    00000054     rtsv7M4_T_le_v4SPD16_eabi.lib : boot.obj (.text)
                  00000fc8    00000054                                   : exit.obj (.text)
                  0000101c    0000004c                                   : cpy_tbl.obj (.text)
                  00001068    00000040     main.obj (.text)
                  000010a8    00000018     rtsv7M4_T_le_v4SPD16_eabi.lib : args_main.obj (.text)
                  000010c0    00000014                                   : _lock.obj (.text)
                  000010d4    00000010     msp432p4xx_driverlib.lib : interrupt.o (.text:Interrupt_enableMaster)
                  000010e4    0000000e     rtsv7M4_T_le_v4SPD16_eabi.lib : copy_decompress_none.obj (.text:decompress:none)
                  000010f2    0000000e     startup_msp432p401r_ccs.obj (.text)
                  00001100    0000000c     msp432p4xx_driverlib.lib : cpu.o (.text:CPU_cpsie)
                  0000110c    0000000c     rtsv7M4_T_le_v4SPD16_eabi.lib : copy_zero_init.obj (.text:decompress:ZI)
                  00001118    00000004                                   : pre_init.obj (.text)
                  0000111c    00000002                                   : startup.obj (.text)

.const     0    00001120    00000040     
                  00001120    00000040     msp432p4xx_driverlib.lib : interrupt.o (.const)

.cinit     0    00001160    00000040     
                  00001160    00000015     (.cinit..data.load) [load image, compression = lzss]
                  00001175    00000003     --HOLE-- [fill = 0]
                  00001178    0000000c     (__TI_handler_table)
                  00001184    00000004     --HOLE-- [fill = 0]
                  00001188    00000008     (.cinit..bss.load) [load image, compression = zero_init]
                  00001190    00000010     (__TI_cinit_table)

.init_array 
*          0    00000000    00000000     UNINITIALIZED

.sysmem    0    20000000    00000400     UNINITIALIZED
                  20000000    00000008     rtsv7M4_T_le_v4SPD16_eabi.lib : memory.obj (.sysmem)
                  20000008    000003f8     --HOLE--

.bss       0    20000400    000001c8     UNINITIALIZED
                  20000400    000001c0     (.common:TA)
                  200005c0    00000004     (.common:TA_status)
                  200005c4    00000004     (.common:a)

.data      0    200005c8    0000001c     UNINITIALIZED
                  200005c8    0000000c     rtsv7M4_T_le_v4SPD16_eabi.lib : exit.obj (.data:$O1$$)
                  200005d4    00000008                                   : _lock.obj (.data:$O1$$)
                  200005dc    00000004                                   : stkdepth_vars.obj (.data)
                  200005e0    00000004     system_msp432p401r.obj (.data)

.stack     0    2000fe00    00000200     UNINITIALIZED
                  2000fe00    00000200     --HOLE--

MODULE SUMMARY

       Module                        code   ro data   rw data
       ------                        ----   -------   -------
    .\
       system_msp432p401r.obj        812    0         8      
       startup_msp432p401r_ccs.obj   14     228       0      
       main.obj                      64     0         8      
    +--+-----------------------------+------+---------+---------+
       Total:                        890    228       16     
                                                             
    .\voles\
       timer.obj                     2320   0         904    
    +--+-----------------------------+------+---------+---------+
       Total:                        2320   0         904    
                                                             
    ../msp432p4xx_driverlib.lib
       interrupt.o                   116    64        0      
       cpu.o                         12     0         0      
    +--+-----------------------------+------+---------+---------+
       Total:                        128    64        0      
                                                             
    C:\ti\ccsv7\tools\compiler\ti-cgt-arm_16.9.1.LTS\lib\rtsv7M4_T_le_v4SPD16_eabi.lib
       memcpy_t2.obj                 156    0         0      
       memset_t2.obj                 122    0         0      
       autoinit.obj                  112    0         0      
       exit.obj                      84     0         24     
       copy_decompress_lzss.obj      104    0         0      
       boot.obj                      84     0         0      
       cpy_tbl.obj                   76     0         0      
       _lock.obj                     20     0         16     
       args_main.obj                 24     0         0      
       copy_decompress_none.obj      14     0         0      
       copy_zero_init.obj            12     0         0      
       stkdepth_vars.obj             0      0         8      
       pre_init.obj                  4      0         0      
       mpu_init.obj                  2      0         0      
       startup.obj                   2      0         0      
    +--+-----------------------------+------+---------+---------+
       Total:                        816    0         48     
                                                             
       Heap:                         0      0         2048   
       Stack:                        0      0         1024   
       Linker Generated:             0      57        0      
    +--+-----------------------------+------+---------+---------+
       Grand Total:                  4154   349       4040   


LINKER GENERATED COPY TABLES

__TI_cinit_table @ 00001190 records: 2, size/record: 8, table size: 16
	.data: load addr=00001160, load size=00000015 bytes, run addr=200005c8, run size=0000001c bytes, compression=lzss
	.bss: load addr=00001188, load size=00000008 bytes, run addr=20000400, run size=000001c8 bytes, compression=zero_init


LINKER GENERATED HANDLER TABLE

__TI_handler_table @ 00001178 records: 3, size/record: 4, table size: 12
	index: 0, handler: __TI_decompress_lzss
	index: 1, handler: __TI_decompress_none
	index: 2, handler: __TI_zero_init


GLOBAL SYMBOLS: SORTED ALPHABETICALLY BY Name 

address   name                           
-------   ----                           
000010ff  ADC14_IRQHandler               
000010ff  AES256_IRQHandler              
000010ff  BusFault_Handler               
00000fc9  C$$EXIT                        
000010ff  COMP_E0_IRQHandler             
000010ff  COMP_E1_IRQHandler             
00001101  CPU_cpsie                      
000010ff  CS_IRQHandler                  
000010ff  DMA_ERR_IRQHandler             
000010ff  DMA_INT0_IRQHandler            
000010ff  DMA_INT1_IRQHandler            
000010ff  DMA_INT2_IRQHandler            
000010ff  DMA_INT3_IRQHandler            
000010ff  DebugMon_Handler               
000010ff  Default_Handler                
000010ff  EUSCIA0_IRQHandler             
000010ff  EUSCIA1_IRQHandler             
000010ff  EUSCIA2_IRQHandler             
000010ff  EUSCIA3_IRQHandler             
000010ff  EUSCIB0_IRQHandler             
000010ff  EUSCIB1_IRQHandler             
000010ff  EUSCIB2_IRQHandler             
000010ff  EUSCIB3_IRQHandler             
000010ff  FLCTL_IRQHandler               
000010ff  FPU_IRQHandler                 
000010ff  HardFault_Handler              
00000f11  Interrupt_enableInterrupt      
000010d5  Interrupt_enableMaster         
000010ff  MemManage_Handler              
000010ff  NMI_Handler                    
000010ff  PCM_IRQHandler                 
000010ff  PORT1_IRQHandler               
000010ff  PORT2_IRQHandler               
000010ff  PORT3_IRQHandler               
000010ff  PORT4_IRQHandler               
000010ff  PORT5_IRQHandler               
000010ff  PORT6_IRQHandler               
000010ff  PSS_IRQHandler                 
000010ff  PendSV_Handler                 
000010ff  RTC_C_IRQHandler               
000010f3  Reset_Handler                  
UNDEFED   SHT$$INIT_ARRAY$$Base          
UNDEFED   SHT$$INIT_ARRAY$$Limit         
000010ff  SVC_Handler                    
000010ff  SysTick_Handler                
200005e0  SystemCoreClock                
000009f5  SystemCoreClockUpdate          
00000c69  SystemInit                     
000010ff  T32_INT1_IRQHandler            
000010ff  T32_INT2_IRQHandler            
000010ff  T32_INTC_IRQHandler            
20000400  TA                             
000010ff  TA0_0_IRQHandler               
000007cd  TA0_N_IRQHandler               
000007cd  TA0_N_IRQHandler               
000010ff  TA1_0_IRQHandler               
00000735  TA1_N_IRQHandler               
00000735  TA1_N_IRQHandler               
000010ff  TA2_0_IRQHandler               
00000871  TA2_N_IRQHandler               
00000871  TA2_N_IRQHandler               
000010ff  TA3_0_IRQHandler               
0000090f  TA3_N_IRQHandler               
0000090f  TA3_N_IRQHandler               
200005c0  TA_status                      
00000571  TIMER_begin                    
00000311  TIMER_calculate_deviders_l     
000002b5  TIMER_calculate_deviders_s     
000001e7  TIMER_config                   
0000033d  TIMER_config_ccr_raw_cnt       
000006e3  TIMER_config_cnt_raw           
00000167  TIMER_config_l                 
000000e5  TIMER_config_raw               
000006d5  TIMER_kill                     
000003c9  TIMER_load_devider             
000005bd  TIMER_pause                    
000006b7  TIMER_request                  
000006c5  TIMER_request_repeat           
00000605  TIMER_reset_raw                
0000065b  TIMER_set_callback             
000010ff  UsageFault_Handler             
4000480c  WDTCTL_SYM                     
000010ff  WDT_A_IRQHandler               
20010000  __STACK_END                    
00000200  __STACK_SIZE                   
00000400  __SYSMEM_SIZE                  
00001190  __TI_CINIT_Base                
000011a0  __TI_CINIT_Limit               
00001178  __TI_Handler_Table_Base        
00001184  __TI_Handler_Table_Limit       
00000e39  __TI_auto_init                 
200005c8  __TI_cleanup_ptr               
00000ea9  __TI_decompress_lzss           
000010e5  __TI_decompress_none           
200005cc  __TI_dtors_ptr                 
200005d0  __TI_enable_exit_profile_output
ffffffff  __TI_pprof_out_hndl            
ffffffff  __TI_prof_data_size            
ffffffff  __TI_prof_data_start           
00000000  __TI_static_base__             
0000110d  __TI_zero_init                 
00000dbd  __aeabi_memclr                 
00000dbd  __aeabi_memclr4                
00000dbd  __aeabi_memclr8                
00000d21  __aeabi_memcpy                 
00000d21  __aeabi_memcpy4                
00000d21  __aeabi_memcpy8                
00000dbf  __aeabi_memset                 
00000dbf  __aeabi_memset4                
00000dbf  __aeabi_memset8                
ffffffff  __binit__                      
ffffffff  __c_args__                     
00000e37  __mpu_init                     
2000fe00  __stack                        
000010a9  _args_main                     
00000f75  _c_int00                       
200005d4  _lock                          
000010cf  _nop                           
000010c7  _register_lock                 
000010c1  _register_unlock               
20000000  _sys_memory                    
0000111d  _system_post_cinit             
00001119  _system_pre_init               
200005d8  _unlock                        
200005c4  a                              
00000fcd  abort                          
ffffffff  binit                          
0000101d  copy_in                        
00000fd5  exit                           
00000000  interruptVectors               
00001069  main                           
200005dc  main_func_sp                   
00000d21  memcpy                         
00000dc5  memset                         
00001097  test_callback                  


GLOBAL SYMBOLS: SORTED BY Symbol Address 

address   name                           
-------   ----                           
00000000  __TI_static_base__             
00000000  interruptVectors               
000000e5  TIMER_config_raw               
00000167  TIMER_config_l                 
000001e7  TIMER_config                   
00000200  __STACK_SIZE                   
000002b5  TIMER_calculate_deviders_s     
00000311  TIMER_calculate_deviders_l     
0000033d  TIMER_config_ccr_raw_cnt       
000003c9  TIMER_load_devider             
00000400  __SYSMEM_SIZE                  
00000571  TIMER_begin                    
000005bd  TIMER_pause                    
00000605  TIMER_reset_raw                
0000065b  TIMER_set_callback             
000006b7  TIMER_request                  
000006c5  TIMER_request_repeat           
000006d5  TIMER_kill                     
000006e3  TIMER_config_cnt_raw           
00000735  TA1_N_IRQHandler               
00000735  TA1_N_IRQHandler               
000007cd  TA0_N_IRQHandler               
000007cd  TA0_N_IRQHandler               
00000871  TA2_N_IRQHandler               
00000871  TA2_N_IRQHandler               
0000090f  TA3_N_IRQHandler               
0000090f  TA3_N_IRQHandler               
000009f5  SystemCoreClockUpdate          
00000c69  SystemInit                     
00000d21  __aeabi_memcpy                 
00000d21  __aeabi_memcpy4                
00000d21  __aeabi_memcpy8                
00000d21  memcpy                         
00000dbd  __aeabi_memclr                 
00000dbd  __aeabi_memclr4                
00000dbd  __aeabi_memclr8                
00000dbf  __aeabi_memset                 
00000dbf  __aeabi_memset4                
00000dbf  __aeabi_memset8                
00000dc5  memset                         
00000e37  __mpu_init                     
00000e39  __TI_auto_init                 
00000ea9  __TI_decompress_lzss           
00000f11  Interrupt_enableInterrupt      
00000f75  _c_int00                       
00000fc9  C$$EXIT                        
00000fcd  abort                          
00000fd5  exit                           
0000101d  copy_in                        
00001069  main                           
00001097  test_callback                  
000010a9  _args_main                     
000010c1  _register_unlock               
000010c7  _register_lock                 
000010cf  _nop                           
000010d5  Interrupt_enableMaster         
000010e5  __TI_decompress_none           
000010f3  Reset_Handler                  
000010ff  ADC14_IRQHandler               
000010ff  AES256_IRQHandler              
000010ff  BusFault_Handler               
000010ff  COMP_E0_IRQHandler             
000010ff  COMP_E1_IRQHandler             
000010ff  CS_IRQHandler                  
000010ff  DMA_ERR_IRQHandler             
000010ff  DMA_INT0_IRQHandler            
000010ff  DMA_INT1_IRQHandler            
000010ff  DMA_INT2_IRQHandler            
000010ff  DMA_INT3_IRQHandler            
000010ff  DebugMon_Handler               
000010ff  Default_Handler                
000010ff  EUSCIA0_IRQHandler             
000010ff  EUSCIA1_IRQHandler             
000010ff  EUSCIA2_IRQHandler             
000010ff  EUSCIA3_IRQHandler             
000010ff  EUSCIB0_IRQHandler             
000010ff  EUSCIB1_IRQHandler             
000010ff  EUSCIB2_IRQHandler             
000010ff  EUSCIB3_IRQHandler             
000010ff  FLCTL_IRQHandler               
000010ff  FPU_IRQHandler                 
000010ff  HardFault_Handler              
000010ff  MemManage_Handler              
000010ff  NMI_Handler                    
000010ff  PCM_IRQHandler                 
000010ff  PORT1_IRQHandler               
000010ff  PORT2_IRQHandler               
000010ff  PORT3_IRQHandler               
000010ff  PORT4_IRQHandler               
000010ff  PORT5_IRQHandler               
000010ff  PORT6_IRQHandler               
000010ff  PSS_IRQHandler                 
000010ff  PendSV_Handler                 
000010ff  RTC_C_IRQHandler               
000010ff  SVC_Handler                    
000010ff  SysTick_Handler                
000010ff  T32_INT1_IRQHandler            
000010ff  T32_INT2_IRQHandler            
000010ff  T32_INTC_IRQHandler            
000010ff  TA0_0_IRQHandler               
000010ff  TA1_0_IRQHandler               
000010ff  TA2_0_IRQHandler               
000010ff  TA3_0_IRQHandler               
000010ff  UsageFault_Handler             
000010ff  WDT_A_IRQHandler               
00001101  CPU_cpsie                      
0000110d  __TI_zero_init                 
00001119  _system_pre_init               
0000111d  _system_post_cinit             
00001178  __TI_Handler_Table_Base        
00001184  __TI_Handler_Table_Limit       
00001190  __TI_CINIT_Base                
000011a0  __TI_CINIT_Limit               
20000000  _sys_memory                    
20000400  TA                             
200005c0  TA_status                      
200005c4  a                              
200005c8  __TI_cleanup_ptr               
200005cc  __TI_dtors_ptr                 
200005d0  __TI_enable_exit_profile_output
200005d4  _lock                          
200005d8  _unlock                        
200005dc  main_func_sp                   
200005e0  SystemCoreClock                
2000fe00  __stack                        
20010000  __STACK_END                    
4000480c  WDTCTL_SYM                     
ffffffff  __TI_pprof_out_hndl            
ffffffff  __TI_prof_data_size            
ffffffff  __TI_prof_data_start           
ffffffff  __binit__                      
ffffffff  __c_args__                     
ffffffff  binit                          
UNDEFED   SHT$$INIT_ARRAY$$Base          
UNDEFED   SHT$$INIT_ARRAY$$Limit         

[135 symbols]
